Archive member included to satisfy reference by file (symbol)

D:/Program Files/STM32CubeIDE_1.19.0/STM32CubeIDE/plugins/com.st.stm32cube.ide.mcu.externaltools.gnu-tools-for-stm32.13.3.rel1.win32_1.0.0.202411081344/tools/bin/../lib/gcc/arm-none-eabi/13.3.1/../../../../arm-none-eabi/lib/thumb/v7-m/nofp\libc_nano.a(libc_a-exit.o)
                              D:/Program Files/STM32CubeIDE_1.19.0/STM32CubeIDE/plugins/com.st.stm32cube.ide.mcu.externaltools.gnu-tools-for-stm32.13.3.rel1.win32_1.0.0.202411081344/tools/bin/../lib/gcc/arm-none-eabi/13.3.1/../../../../arm-none-eabi/lib/thumb/v7-m/nofp/crt0.o (exit)
D:/Program Files/STM32CubeIDE_1.19.0/STM32CubeIDE/plugins/com.st.stm32cube.ide.mcu.externaltools.gnu-tools-for-stm32.13.3.rel1.win32_1.0.0.202411081344/tools/bin/../lib/gcc/arm-none-eabi/13.3.1/../../../../arm-none-eabi/lib/thumb/v7-m/nofp\libc_nano.a(libc_a-findfp.o)
                              D:/Program Files/STM32CubeIDE_1.19.0/STM32CubeIDE/plugins/com.st.stm32cube.ide.mcu.externaltools.gnu-tools-for-stm32.13.3.rel1.win32_1.0.0.202411081344/tools/bin/../lib/gcc/arm-none-eabi/13.3.1/../../../../arm-none-eabi/lib/thumb/v7-m/nofp\libc_nano.a(libc_a-exit.o) (__stdio_exit_handler)
D:/Program Files/STM32CubeIDE_1.19.0/STM32CubeIDE/plugins/com.st.stm32cube.ide.mcu.externaltools.gnu-tools-for-stm32.13.3.rel1.win32_1.0.0.202411081344/tools/bin/../lib/gcc/arm-none-eabi/13.3.1/../../../../arm-none-eabi/lib/thumb/v7-m/nofp\libc_nano.a(libc_a-fwalk.o)
                              D:/Program Files/STM32CubeIDE_1.19.0/STM32CubeIDE/plugins/com.st.stm32cube.ide.mcu.externaltools.gnu-tools-for-stm32.13.3.rel1.win32_1.0.0.202411081344/tools/bin/../lib/gcc/arm-none-eabi/13.3.1/../../../../arm-none-eabi/lib/thumb/v7-m/nofp\libc_nano.a(libc_a-findfp.o) (_fwalk_sglue)
D:/Program Files/STM32CubeIDE_1.19.0/STM32CubeIDE/plugins/com.st.stm32cube.ide.mcu.externaltools.gnu-tools-for-stm32.13.3.rel1.win32_1.0.0.202411081344/tools/bin/../lib/gcc/arm-none-eabi/13.3.1/../../../../arm-none-eabi/lib/thumb/v7-m/nofp\libc_nano.a(libc_a-snprintf.o)
                              ./Core/Src/main.o (snprintf)
D:/Program Files/STM32CubeIDE_1.19.0/STM32CubeIDE/plugins/com.st.stm32cube.ide.mcu.externaltools.gnu-tools-for-stm32.13.3.rel1.win32_1.0.0.202411081344/tools/bin/../lib/gcc/arm-none-eabi/13.3.1/../../../../arm-none-eabi/lib/thumb/v7-m/nofp\libc_nano.a(libc_a-stdio.o)
                              D:/Program Files/STM32CubeIDE_1.19.0/STM32CubeIDE/plugins/com.st.stm32cube.ide.mcu.externaltools.gnu-tools-for-stm32.13.3.rel1.win32_1.0.0.202411081344/tools/bin/../lib/gcc/arm-none-eabi/13.3.1/../../../../arm-none-eabi/lib/thumb/v7-m/nofp\libc_nano.a(libc_a-findfp.o) (__sread)
D:/Program Files/STM32CubeIDE_1.19.0/STM32CubeIDE/plugins/com.st.stm32cube.ide.mcu.externaltools.gnu-tools-for-stm32.13.3.rel1.win32_1.0.0.202411081344/tools/bin/../lib/gcc/arm-none-eabi/13.3.1/../../../../arm-none-eabi/lib/thumb/v7-m/nofp\libc_nano.a(libc_a-memset.o)
                              D:/Program Files/STM32CubeIDE_1.19.0/STM32CubeIDE/plugins/com.st.stm32cube.ide.mcu.externaltools.gnu-tools-for-stm32.13.3.rel1.win32_1.0.0.202411081344/tools/bin/../lib/gcc/arm-none-eabi/13.3.1/../../../../arm-none-eabi/lib/thumb/v7-m/nofp/crt0.o (memset)
D:/Program Files/STM32CubeIDE_1.19.0/STM32CubeIDE/plugins/com.st.stm32cube.ide.mcu.externaltools.gnu-tools-for-stm32.13.3.rel1.win32_1.0.0.202411081344/tools/bin/../lib/gcc/arm-none-eabi/13.3.1/../../../../arm-none-eabi/lib/thumb/v7-m/nofp\libc_nano.a(libc_a-closer.o)
                              D:/Program Files/STM32CubeIDE_1.19.0/STM32CubeIDE/plugins/com.st.stm32cube.ide.mcu.externaltools.gnu-tools-for-stm32.13.3.rel1.win32_1.0.0.202411081344/tools/bin/../lib/gcc/arm-none-eabi/13.3.1/../../../../arm-none-eabi/lib/thumb/v7-m/nofp\libc_nano.a(libc_a-stdio.o) (_close_r)
D:/Program Files/STM32CubeIDE_1.19.0/STM32CubeIDE/plugins/com.st.stm32cube.ide.mcu.externaltools.gnu-tools-for-stm32.13.3.rel1.win32_1.0.0.202411081344/tools/bin/../lib/gcc/arm-none-eabi/13.3.1/../../../../arm-none-eabi/lib/thumb/v7-m/nofp\libc_nano.a(libc_a-reent.o)
                              D:/Program Files/STM32CubeIDE_1.19.0/STM32CubeIDE/plugins/com.st.stm32cube.ide.mcu.externaltools.gnu-tools-for-stm32.13.3.rel1.win32_1.0.0.202411081344/tools/bin/../lib/gcc/arm-none-eabi/13.3.1/../../../../arm-none-eabi/lib/thumb/v7-m/nofp\libc_nano.a(libc_a-closer.o) (errno)
D:/Program Files/STM32CubeIDE_1.19.0/STM32CubeIDE/plugins/com.st.stm32cube.ide.mcu.externaltools.gnu-tools-for-stm32.13.3.rel1.win32_1.0.0.202411081344/tools/bin/../lib/gcc/arm-none-eabi/13.3.1/../../../../arm-none-eabi/lib/thumb/v7-m/nofp\libc_nano.a(libc_a-impure.o)
                              D:/Program Files/STM32CubeIDE_1.19.0/STM32CubeIDE/plugins/com.st.stm32cube.ide.mcu.externaltools.gnu-tools-for-stm32.13.3.rel1.win32_1.0.0.202411081344/tools/bin/../lib/gcc/arm-none-eabi/13.3.1/../../../../arm-none-eabi/lib/thumb/v7-m/nofp\libc_nano.a(libc_a-snprintf.o) (_impure_ptr)
[...]
Memory Configuration

Name             Origin             Length             Attributes
RAM              0x20000000         0x00005000         xrw
FLASH            0x08000000         0x00010000         xr
*default*        0x00000000         0xffffffff

Linker script and memory map

LOAD D:/Program Files/STM32CubeIDE_1.19.0/STM32CubeIDE/plugins/com.st.stm32cube.ide.mcu.externaltools.gnu-tools-for-stm32.13.3.rel1.win32_1.0.0.202411081344/tools/bin/../lib/gcc/arm-none-eabi/13.3.1/thumb/v7-m/nofp/crti.o
LOAD D:/Program Files/STM32CubeIDE_1.19.0/STM32CubeIDE/plugins/com.st.stm32cube.ide.mcu.externaltools.gnu-tools-for-stm32.13.3.rel1.win32_1.0.0.202411081344/tools/bin/../lib/gcc/arm-none-eabi/13.3.1/thumb/v7-m/nofp/crtbegin.o
LOAD D:/Program Files/STM32CubeIDE_1.19.0/STM32CubeIDE/plugins/com.st.stm32cube.ide.mcu.externaltools.gnu-tools-for-stm32.13.3.rel1.win32_1.0.0.202411081344/tools/bin/../lib/gcc/arm-none-eabi/13.3.1/../../../../arm-none-eabi/lib/thumb/v7-m/nofp/crt0.o
LOAD ./Core/Src/main.o
LOAD ./Core/Src/stm32f1xx_hal_msp.o
LOAD ./Core/Src/stm32f1xx_hal_timebase_tim.o
LOAD ./Core/Src/stm32f1xx_it.o
LOAD ./Core/Src/syscalls.o
LOAD ./Core/Src/sysmem.o
LOAD ./Core/Src/system_stm32f1xx.o
LOAD ./Core/Startup/startup_stm32f103c8tx.o
LOAD ./Drivers/STM32F1xx_HAL_Driver/Src/stm32f1xx_hal.o
LOAD ./Drivers/STM32F1xx_HAL_Driver/Src/stm32f1xx_hal_cortex.o
LOAD ./Drivers/STM32F1xx_HAL_Driver/Src/stm32f1xx_hal_dma.o
LOAD ./Drivers/STM32F1xx_HAL_Driver/Src/stm32f1xx_hal_exti.o
LOAD ./Drivers/STM32F1xx_HAL_Driver/Src/stm32f1xx_hal_flash.o
LOAD ./Drivers/STM32F1xx_HAL_Driver/Src/stm32f1xx_hal_flash_ex.o
LOAD ./Drivers/STM32F1xx_HAL_Driver/Src/stm32f1xx_hal_gpio.o
LOAD ./Drivers/STM32F1xx_HAL_Driver/Src/stm32f1xx_hal_gpio_ex.o
LOAD ./Drivers/STM32F1xx_HAL_Driver/Src/stm32f1xx_hal_pwr.o
LOAD ./Drivers/STM32F1xx_HAL_Driver/Src/stm32f1xx_hal_rcc.o
LOAD ./Drivers/STM32F1xx_HAL_Driver/Src/stm32f1xx_hal_rcc_ex.o
LOAD ./Drivers/STM32F1xx_HAL_Driver/Src/stm32f1xx_hal_tim.o
LOAD ./Drivers/STM32F1xx_HAL_Driver/Src/stm32f1xx_hal_tim_ex.o
LOAD ./Drivers/STM32F1xx_HAL_Driver/Src/stm32f1xx_hal_uart.o
LOAD ./FreeRTOS/Source/croutine.o
LOAD ./FreeRTOS/Source/event_groups.o
LOAD ./FreeRTOS/Source/list.o
LOAD ./FreeRTOS/Source/queue.o
LOAD ./FreeRTOS/Source/stream_buffer.o
LOAD ./FreeRTOS/Source/tasks.o
LOAD ./FreeRTOS/Source/timers.o
LOAD ./FreeRTOS/Source/portable/GCC/ARM_CM3/port.o
LOAD ./FreeRTOS/Source/portable/MemMang/heap_4.o
START GROUP
LOAD D:/Program Files/STM32CubeIDE_1.19.0/STM32CubeIDE/plugins/com.st.stm32cube.ide.mcu.externaltools.gnu-tools-for-stm32.13.3.rel1.win32_1.0.0.202411081344/tools/bin/../lib/gcc/arm-none-eabi/13.3.1/../../../../arm-none-eabi/lib/thumb/v7-m/nofp\libc_nano.a
LOAD D:/Program Files/STM32CubeIDE_1.19.0/STM32CubeIDE/plugins/com.st.stm32cube.ide.mcu.externaltools.gnu-tools-for-stm32.13.3.rel1.win32_1.0.0.202411081344/tools/bin/../lib/gcc/arm-none-eabi/13.3.1/../../../../arm-none-eabi/lib/thumb/v7-m/nofp\libm.a
END GROUP
START GROUP
LOAD D:/Program Files/STM32CubeIDE_1.19.0/STM32CubeIDE/plugins/com.st.stm32cube.ide.mcu.externaltools.gnu-tools-for-stm32.13.3.rel1.win32_1.0.0.202411081344/tools/bin/../lib/gcc/arm-none-eabi/13.3.1/thumb/v7-m/nofp\libgcc.a
LOAD D:/Program Files/STM32CubeIDE_1.19.0/STM32CubeIDE/plugins/com.st.stm32cube.ide.mcu.externaltools.gnu-tools-for-stm32.13.3.rel1.win32_1.0.0.202411081344/tools/bin/../lib/gcc/arm-none-eabi/13.3.1/../../../../arm-none-eabi/lib/thumb/v7-m/nofp\libc_nano.a
END GROUP
START GROUP
LOAD D:/Program Files/STM32CubeIDE_1.19.0/STM32CubeIDE/plugins/com.st.stm32cube.ide.mcu.externaltools.gnu-tools-for-stm32.13.3.rel1.win32_1.0.0.202411081344/tools/bin/../lib/gcc/arm-none-eabi/13.3.1/thumb/v7-m/nofp\libgcc.a
LOAD D:/Program Files/STM32CubeIDE_1.19.0/STM32CubeIDE/plugins/com.st.stm32cube.ide.mcu.externaltools.gnu-tools-for-stm32.13.3.rel1.win32_1.0.0.202411081344/tools/bin/../lib/gcc/arm-none-eabi/13.3.1/../../../../arm-none-eabi/lib/thumb/v7-m/nofp\libc_nano.a
LOAD D:/Program Files/STM32CubeIDE_1.19.0/STM32CubeIDE/plugins/com.st.stm32cube.ide.mcu.externaltools.gnu-tools-for-stm32.13.3.rel1.win32_1.0.0.202411081344/tools/bin/../lib/gcc/arm-none-eabi/13.3.1/../../../../arm-none-eabi/lib/thumb/v7-m/nofp\libnosys.a
END GROUP
START GROUP
LOAD D:/Program Files/STM32CubeIDE_1.19.0/STM32CubeIDE/plugins/com.st.stm32cube.ide.mcu.externaltools.gnu-tools-for-stm32.13.3.rel1.win32_1.0.0.202411081344/tools/bin/../lib/gcc/arm-none-eabi/13.3.1/thumb/v7-m/nofp\libgcc.a
LOAD D:/Program Files/STM32CubeIDE_1.19.0/STM32CubeIDE/plugins/com.st.stm32cube.ide.mcu.externaltools.gnu-tools-for-stm32.13.3.rel1.win32_1.0.0.202411081344/tools/bin/../lib/gcc/arm-none-eabi/13.3.1/../../../../arm-none-eabi/lib/thumb/v7-m/nofp\libc_nano.a
LOAD D:/Program Files/STM32CubeIDE_1.19.0/STM32CubeIDE/plugins/com.st.stm32cube.ide.mcu.externaltools.gnu-tools-for-stm32.13.3.rel1.win32_1.0.0.202411081344/tools/bin/../lib/gcc/arm-none-eabi/13.3.1/../../../../arm-none-eabi/lib/thumb/v7-m/nofp\libnosys.a
END GROUP
LOAD D:/Program Files/STM32CubeIDE_1.19.0/STM32CubeIDE/plugins/com.st.stm32cube.ide.mcu.externaltools.gnu-tools-for-stm32.13.3.rel1.win32_1.0.0.202411081344/tools/bin/../lib/gcc/arm-none-eabi/13.3.1/thumb/v7-m/nofp/crtend.o
LOAD D:/Program Files/STM32CubeIDE_1.19.0/STM32CubeIDE/plugins/com.st.stm32cube.ide.mcu.externaltools.gnu-tools-for-stm32.13.3.rel1.win32_1.0.0.202411081344/tools/bin/../lib/gcc/arm-none-eabi/13.3.1/thumb/v7-m/nofp/crtn.o
                0x20005000                        _estack = (ORIGIN (RAM) + LENGTH (RAM))
                0x00000200                        _Min_Heap_Size = 0x200
                0x00000400                        _Min_Stack_Size = 0x400

.isr_vector     0x08000000      0x10c
                0x08000000                        . = ALIGN (0x4)
 *(.isr_vector)
 .isr_vector    0x08000000      0x10c ./Core/Startup/startup_stm32f103c8tx.o
                0x08000000                g_pfnVectors
                0x0800010c                        . = ALIGN (0x4)

.text           0x08000110     0x5d44
                0x08000110                        . = ALIGN (0x4)
 *(.text)
 .text          0x08000110       0x40 D:/Program Files/STM32CubeIDE_1.19.0/STM32CubeIDE/plugins/com.st.stm32cube.ide.mcu.externaltools.gnu-tools-for-stm32.13.3.rel1.win32_1.0.0.202411081344/tools/bin/../lib/gcc/arm-none-eabi/13.3.1/thumb/v7-m/nofp/crtbegin.o
 .text          0x08000150       0x10 D:/Program Files/STM32CubeIDE_1.19.0/STM32CubeIDE/plugins/com.st.stm32cube.ide.mcu.externaltools.gnu-tools-for-stm32.13.3.rel1.win32_1.0.0.202411081344/tools/bin/../lib/gcc/arm-none-eabi/13.3.1/../../../../arm-none-eabi/lib/thumb/v7-m/nofp\libc_nano.a(libc_a-strlen.o)
                0x08000150                strlen
 *(.text*)
 .text.main     0x08000160       0xd0 ./Core/Src/main.o
                0x08000160                main
 .text.SystemClock_Config
                0x08000230       0x8a ./Core/Src/main.o
                0x08000230                SystemClock_Config
 *fill*         0x080002ba        0x2 
 .text.MX_USART1_UART_Init
                0x080002bc       0x54 ./Core/Src/main.o
 .text.MX_GPIO_Init
                0x08000310       0x80 ./Core/Src/main.o
 .text.HAL_GPIO_EXTI_Callback
                0x08000390       0x8c ./Core/Src/main.o
                0x08000390                HAL_GPIO_EXTI_Callback
 .text.CalcSwitch1
                0x0800041c       0x64 ./Core/Src/main.o
                0x0800041c                CalcSwitch1
 .text.IncreaseVar
                0x08000480       0x90 ./Core/Src/main.o
                0x08000480                IncreaseVar
 .text.DecreaseVar
                0x08000510       0x90 ./Core/Src/main.o
                0x08000510                DecreaseVar
 .text.UART     0x080005a0       0x98 ./Core/Src/main.o
                0x080005a0                UART
 .text.HAL_TIM_PeriodElapsedCallback
                0x08000638       0x24 ./Core/Src/main.o
                0x08000638                HAL_TIM_PeriodElapsedCallback
 .text.Error_Handler
                0x0800065c        0xc ./Core/Src/main.o
                0x0800065c                Error_Handler
 .text.HAL_MspInit
                0x08000668       0x64 ./Core/Src/stm32f1xx_hal_msp.o
                0x08000668                HAL_MspInit
 .text.HAL_UART_MspInit
                0x080006cc       0x98 ./Core/Src/stm32f1xx_hal_msp.o
                0x080006cc                HAL_UART_MspInit
 .text.HAL_InitTick
                0x08000764       0xe4 ./Core/Src/stm32f1xx_hal_timebase_tim.o
                0x08000764                HAL_InitTick
 .text.NMI_Handler
                0x08000848        0x8 ./Core/Src/stm32f1xx_it.o
                0x08000848                NMI_Handler
 .text.HardFault_Handler
                0x08000850        0x8 ./Core/Src/stm32f1xx_it.o
                0x08000850                HardFault_Handler
 .text.MemManage_Handler
                0x08000858        0x8 ./Core/Src/stm32f1xx_it.o
                0x08000858                MemManage_Handler
 .text.BusFault_Handler
                0x08000860        0x8 ./Core/Src/stm32f1xx_it.o
                0x08000860                BusFault_Handler
 .text.UsageFault_Handler
                0x08000868        0x8 ./Core/Src/stm32f1xx_it.o
                0x08000868                UsageFault_Handler
 .text.DebugMon_Handler
                0x08000870        0xc ./Core/Src/stm32f1xx_it.o
                0x08000870                DebugMon_Handler
 .text.EXTI4_IRQHandler
                0x0800087c        0xe ./Core/Src/stm32f1xx_it.o
                0x0800087c                EXTI4_IRQHandler
 *fill*         0x0800088a        0x2 
 .text.TIM1_UP_IRQHandler
                0x0800088c       0x14 ./Core/Src/stm32f1xx_it.o
                0x0800088c                TIM1_UP_IRQHandler
 .text._sbrk    0x080008a0       0x6c ./Core/Src/sysmem.o
                0x080008a0                _sbrk
 .text.SystemInit
                0x0800090c        0xc ./Core/Src/system_stm32f1xx.o
                0x0800090c                SystemInit
 .text.Reset_Handler
                0x08000918       0x48 ./Core/Startup/startup_stm32f103c8tx.o
                0x08000918                Reset_Handler
 .text.Default_Handler
                0x08000960        0x2 ./Core/Startup/startup_stm32f103c8tx.o
                0x08000960                RTC_Alarm_IRQHandler
                0x08000960                EXTI2_IRQHandler
                0x08000960                TIM1_CC_IRQHandler
                0x08000960                PVD_IRQHandler
                0x08000960                EXTI3_IRQHandler
                0x08000960                EXTI0_IRQHandler
                0x08000960                I2C2_EV_IRQHandler
                0x08000960                ADC1_2_IRQHandler
                0x08000960                SPI1_IRQHandler
                0x08000960                TAMPER_IRQHandler
                0x08000960                DMA1_Channel4_IRQHandler
                0x08000960                USART3_IRQHandler
                0x08000960                RTC_IRQHandler
                0x08000960                DMA1_Channel7_IRQHandler
                0x08000960                CAN1_RX1_IRQHandler
                0x08000960                TIM4_IRQHandler
                0x08000960                I2C1_EV_IRQHandler
                0x08000960                DMA1_Channel6_IRQHandler
                0x08000960                TIM3_IRQHandler
                0x08000960                RCC_IRQHandler
                0x08000960                TIM1_TRG_COM_IRQHandler
                0x08000960                DMA1_Channel1_IRQHandler
                0x08000960                Default_Handler
                0x08000960                EXTI15_10_IRQHandler
                0x08000960                EXTI9_5_IRQHandler
                0x08000960                SPI2_IRQHandler
                0x08000960                DMA1_Channel5_IRQHandler
                0x08000960                USB_LP_CAN1_RX0_IRQHandler
                0x08000960                USB_HP_CAN1_TX_IRQHandler
                0x08000960                DMA1_Channel3_IRQHandler
                0x08000960                WWDG_IRQHandler
                0x08000960                TIM2_IRQHandler
                0x08000960                TIM1_BRK_IRQHandler
                0x08000960                EXTI1_IRQHandler
                0x08000960                USART2_IRQHandler
                0x08000960                I2C2_ER_IRQHandler
                0x08000960                DMA1_Channel2_IRQHandler
                0x08000960                CAN1_SCE_IRQHandler
                0x08000960                FLASH_IRQHandler
                0x08000960                USART1_IRQHandler
                0x08000960                I2C1_ER_IRQHandler
                0x08000960                USBWakeUp_IRQHandler
 *fill*         0x08000962        0x2 
 .text.HAL_Init
                0x08000964       0x2c ./Drivers/STM32F1xx_HAL_Driver/Src/stm32f1xx_hal.o
                0x08000964                HAL_Init
 .text.HAL_IncTick
                0x08000990       0x24 ./Drivers/STM32F1xx_HAL_Driver/Src/stm32f1xx_hal.o
                0x08000990                HAL_IncTick
 .text.HAL_GetTick
                0x080009b4       0x14 ./Drivers/STM32F1xx_HAL_Driver/Src/stm32f1xx_hal.o
                0x080009b4                HAL_GetTick
 .text.__NVIC_SetPriorityGrouping
                0x080009c8       0x48 ./Drivers/STM32F1xx_HAL_Driver/Src/stm32f1xx_hal_cortex.o
 .text.__NVIC_GetPriorityGrouping
                0x08000a10       0x1c ./Drivers/STM32F1xx_HAL_Driver/Src/stm32f1xx_hal_cortex.o
 .text.__NVIC_EnableIRQ
                0x08000a2c       0x38 ./Drivers/STM32F1xx_HAL_Driver/Src/stm32f1xx_hal_cortex.o
 .text.__NVIC_SetPriority
                0x08000a64       0x54 ./Drivers/STM32F1xx_HAL_Driver/Src/stm32f1xx_hal_cortex.o
 .text.NVIC_EncodePriority
                0x08000ab8       0x64 ./Drivers/STM32F1xx_HAL_Driver/Src/stm32f1xx_hal_cortex.o
 .text.HAL_NVIC_SetPriorityGrouping
                0x08000b1c       0x16 ./Drivers/STM32F1xx_HAL_Driver/Src/stm32f1xx_hal_cortex.o
                0x08000b1c                HAL_NVIC_SetPriorityGrouping
 .text.HAL_NVIC_SetPriority
                0x08000b32       0x38 ./Drivers/STM32F1xx_HAL_Driver/Src/stm32f1xx_hal_cortex.o
                0x08000b32                HAL_NVIC_SetPriority
 .text.HAL_NVIC_EnableIRQ
                0x08000b6a       0x1c ./Drivers/STM32F1xx_HAL_Driver/Src/stm32f1xx_hal_cortex.o
                0x08000b6a                HAL_NVIC_EnableIRQ
 *fill*         0x08000b86        0x2 
 .text.HAL_GPIO_Init
                0x08000b88      0x308 ./Drivers/STM32F1xx_HAL_Driver/Src/stm32f1xx_hal_gpio.o
                0x08000b88                HAL_GPIO_Init
 .text.HAL_GPIO_EXTI_IRQHandler
                0x08000e90       0x30 ./Drivers/STM32F1xx_HAL_Driver/Src/stm32f1xx_hal_gpio.o
                0x08000e90                HAL_GPIO_EXTI_IRQHandler
 .text.HAL_RCC_OscConfig
                0x08000ec0      0x504 ./Drivers/STM32F1xx_HAL_Driver/Src/stm32f1xx_hal_rcc.o
                0x08000ec0                HAL_RCC_OscConfig
 .text.HAL_RCC_ClockConfig
                0x080013c4      0x1d4 ./Drivers/STM32F1xx_HAL_Driver/Src/stm32f1xx_hal_rcc.o
                0x080013c4                HAL_RCC_ClockConfig
 .text.HAL_RCC_GetSysClockFreq
                0x08001598       0xa8 ./Drivers/STM32F1xx_HAL_Driver/Src/stm32f1xx_hal_rcc.o
                0x08001598                HAL_RCC_GetSysClockFreq
 .text.HAL_RCC_GetHCLKFreq
                0x08001640       0x14 ./Drivers/STM32F1xx_HAL_Driver/Src/stm32f1xx_hal_rcc.o
                0x08001640                HAL_RCC_GetHCLKFreq
 .text.HAL_RCC_GetPCLK1Freq
                0x08001654       0x28 ./Drivers/STM32F1xx_HAL_Driver/Src/stm32f1xx_hal_rcc.o
                0x08001654                HAL_RCC_GetPCLK1Freq
 .text.HAL_RCC_GetPCLK2Freq
                0x0800167c       0x28 ./Drivers/STM32F1xx_HAL_Driver/Src/stm32f1xx_hal_rcc.o
                0x0800167c                HAL_RCC_GetPCLK2Freq
 .text.HAL_RCC_GetClockConfig
                0x080016a4       0x60 ./Drivers/STM32F1xx_HAL_Driver/Src/stm32f1xx_hal_rcc.o
                0x080016a4                HAL_RCC_GetClockConfig
 .text.RCC_Delay
                0x08001704       0x3c ./Drivers/STM32F1xx_HAL_Driver/Src/stm32f1xx_hal_rcc.o
 .text.HAL_TIM_Base_Init
                0x08001740       0x9e ./Drivers/STM32F1xx_HAL_Driver/Src/stm32f1xx_hal_tim.o
                0x08001740                HAL_TIM_Base_Init
 .text.HAL_TIM_Base_MspInit
                0x080017de       0x12 ./Drivers/STM32F1xx_HAL_Driver/Src/stm32f1xx_hal_tim.o
                0x080017de                HAL_TIM_Base_MspInit
 .text.HAL_TIM_Base_Start_IT
                0x080017f0       0xa4 ./Drivers/STM32F1xx_HAL_Driver/Src/stm32f1xx_hal_tim.o
                0x080017f0                HAL_TIM_Base_Start_IT
 .text.HAL_TIM_IRQHandler
                0x08001894      0x1e0 ./Drivers/STM32F1xx_HAL_Driver/Src/stm32f1xx_hal_tim.o
                0x08001894                HAL_TIM_IRQHandler
 .text.HAL_TIM_OC_DelayElapsedCallback
                0x08001a74       0x12 ./Drivers/STM32F1xx_HAL_Driver/Src/stm32f1xx_hal_tim.o
                0x08001a74                HAL_TIM_OC_DelayElapsedCallback
 .text.HAL_TIM_IC_CaptureCallback
                0x08001a86       0x12 ./Drivers/STM32F1xx_HAL_Driver/Src/stm32f1xx_hal_tim.o
                0x08001a86                HAL_TIM_IC_CaptureCallback
 .text.HAL_TIM_PWM_PulseFinishedCallback
                0x08001a98       0x12 ./Drivers/STM32F1xx_HAL_Driver/Src/stm32f1xx_hal_tim.o
                0x08001a98                HAL_TIM_PWM_PulseFinishedCallback
 .text.HAL_TIM_TriggerCallback
                0x08001aaa       0x12 ./Drivers/STM32F1xx_HAL_Driver/Src/stm32f1xx_hal_tim.o
                0x08001aaa                HAL_TIM_TriggerCallback
 .text.TIM_Base_SetConfig
                0x08001abc       0xdc ./Drivers/STM32F1xx_HAL_Driver/Src/stm32f1xx_hal_tim.o
                0x08001abc                TIM_Base_SetConfig
 .text.HAL_TIMEx_CommutCallback
                0x08001b98       0x12 ./Drivers/STM32F1xx_HAL_Driver/Src/stm32f1xx_hal_tim_ex.o
                0x08001b98                HAL_TIMEx_CommutCallback
 .text.HAL_TIMEx_BreakCallback
                0x08001baa       0x12 ./Drivers/STM32F1xx_HAL_Driver/Src/stm32f1xx_hal_tim_ex.o
                0x08001baa                HAL_TIMEx_BreakCallback
 .text.HAL_UART_Init
                0x08001bbc       0xa0 ./Drivers/STM32F1xx_HAL_Driver/Src/stm32f1xx_hal_uart.o
                0x08001bbc                HAL_UART_Init
 .text.HAL_UART_Transmit
                0x08001c5c      0x116 ./Drivers/STM32F1xx_HAL_Driver/Src/stm32f1xx_hal_uart.o
                0x08001c5c                HAL_UART_Transmit
 .text.UART_WaitOnFlagUntilTimeout
                0x08001d72       0xb2 ./Drivers/STM32F1xx_HAL_Driver/Src/stm32f1xx_hal_uart.o
 .text.UART_EndRxTransfer
                0x08001e24       0xc4 ./Drivers/STM32F1xx_HAL_Driver/Src/stm32f1xx_hal_uart.o
 .text.UART_SetConfig
                0x08001ee8      0x11c ./Drivers/STM32F1xx_HAL_Driver/Src/stm32f1xx_hal_uart.o
 .text.xEventGroupCreate
                0x08002004       0x2e ./FreeRTOS/Source/event_groups.o
                0x08002004                xEventGroupCreate
 *fill*         0x08002032        0x2 
 .text.xEventGroupWaitBits
                0x08002034      0x1a4 ./FreeRTOS/Source/event_groups.o
                0x08002034                xEventGroupWaitBits
 .text.xEventGroupSetBits
                0x080021d8      0x118 ./FreeRTOS/Source/event_groups.o
                0x080021d8                xEventGroupSetBits
 .text.vEventGroupSetBitsCallback
                0x080022f0       0x1a ./FreeRTOS/Source/event_groups.o
                0x080022f0                vEventGroupSetBitsCallback
 .text.prvTestWaitCondition
                0x0800230a       0x42 ./FreeRTOS/Source/event_groups.o
 .text.vListInitialise
                0x0800234c       0x3e ./FreeRTOS/Source/list.o
                0x0800234c                vListInitialise
 .text.vListInitialiseItem
                0x0800238a       0x18 ./FreeRTOS/Source/list.o
                0x0800238a                vListInitialiseItem
 .text.vListInsert
                0x080023a2       0x70 ./FreeRTOS/Source/list.o
                0x080023a2                vListInsert
 .text.uxListRemove
                0x08002412       0x52 ./FreeRTOS/Source/list.o
                0x08002412                uxListRemove
 .text.xQueueGenericReset
                0x08002464      0x124 ./FreeRTOS/Source/queue.o
                0x08002464                xQueueGenericReset
 .text.xQueueGenericCreate
                0x08002588       0x9e ./FreeRTOS/Source/queue.o
                0x08002588                xQueueGenericCreate
 .text.prvInitialiseNewQueue
                0x08002626       0x3e ./FreeRTOS/Source/queue.o
 .text.prvInitialiseMutex
                0x08002664       0x34 ./FreeRTOS/Source/queue.o
 .text.xQueueCreateMutex
                0x08002698       0x30 ./FreeRTOS/Source/queue.o
                0x08002698                xQueueCreateMutex
 .text.xQueueGenericSend
                0x080026c8      0x204 ./FreeRTOS/Source/queue.o
                0x080026c8                xQueueGenericSend
 .text.xQueueGenericSendFromISR
                0x080028cc      0x16c ./FreeRTOS/Source/queue.o
                0x080028cc                xQueueGenericSendFromISR
 .text.xQueueReceive
                0x08002a38      0x1c4 ./FreeRTOS/Source/queue.o
                0x08002a38                xQueueReceive
 .text.xQueueSemaphoreTake
                0x08002bfc      0x200 ./FreeRTOS/Source/queue.o
                0x08002bfc                xQueueSemaphoreTake
 .text.prvGetDisinheritPriorityAfterTimeout
                0x08002dfc       0x2e ./FreeRTOS/Source/queue.o
 .text.prvCopyDataToQueue
                0x08002e2a       0xd4 ./FreeRTOS/Source/queue.o
 .text.prvCopyDataFromQueue
                0x08002efe       0x4c ./FreeRTOS/Source/queue.o
 .text.prvUnlockQueue
                0x08002f4a       0xa4 ./FreeRTOS/Source/queue.o
 .text.prvIsQueueEmpty
                0x08002fee       0x2c ./FreeRTOS/Source/queue.o
 .text.prvIsQueueFull
                0x0800301a       0x30 ./FreeRTOS/Source/queue.o
 *fill*         0x0800304a        0x2 
 .text.vQueueAddToRegistry
                0x0800304c       0x9c ./FreeRTOS/Source/queue.o
                0x0800304c                vQueueAddToRegistry
 .text.vQueueWaitForMessageRestricted
                0x080030e8       0x68 ./FreeRTOS/Source/queue.o
                0x080030e8                vQueueWaitForMessageRestricted
 .text.xTaskCreate
                0x08003150       0x8c ./FreeRTOS/Source/tasks.o
                0x08003150                xTaskCreate
 .text.prvInitialiseNewTask
                0x080031dc      0x110 ./FreeRTOS/Source/tasks.o
 .text.prvAddNewTaskToReadyList
                0x080032ec      0x124 ./FreeRTOS/Source/tasks.o
 .text.xTaskDelayUntil
                0x08003410      0x104 ./FreeRTOS/Source/tasks.o
                0x08003410                xTaskDelayUntil
 .text.vTaskStartScheduler
                0x08003514       0xa4 ./FreeRTOS/Source/tasks.o
                0x08003514                vTaskStartScheduler
 .text.vTaskSuspendAll
                0x080035b8       0x1c ./FreeRTOS/Source/tasks.o
                0x080035b8                vTaskSuspendAll
 .text.xTaskResumeAll
                0x080035d4      0x1f8 ./FreeRTOS/Source/tasks.o
                0x080035d4                xTaskResumeAll
 .text.xTaskGetTickCount
                0x080037cc       0x1c ./FreeRTOS/Source/tasks.o
                0x080037cc                xTaskGetTickCount
 .text.uxTaskGetNumberOfTasks
                0x080037e8       0x14 ./FreeRTOS/Source/tasks.o
                0x080037e8                uxTaskGetNumberOfTasks
 .text.xTaskIncrementTick
                0x080037fc      0x230 ./FreeRTOS/Source/tasks.o
                0x080037fc                xTaskIncrementTick
 .text.vTaskSwitchContext
                0x08003a2c       0xb8 ./FreeRTOS/Source/tasks.o
                0x08003a2c                vTaskSwitchContext
 .text.vTaskPlaceOnEventList
                0x08003ae4       0x4c ./FreeRTOS/Source/tasks.o
                0x08003ae4                vTaskPlaceOnEventList
 .text.vTaskPlaceOnUnorderedEventList
                0x08003b30       0xb0 ./FreeRTOS/Source/tasks.o
                0x08003b30                vTaskPlaceOnUnorderedEventList
 .text.vTaskPlaceOnEventListRestricted
                0x08003be0       0x8c ./FreeRTOS/Source/tasks.o
                0x08003be0                vTaskPlaceOnEventListRestricted
 .text.xTaskRemoveFromEventList
                0x08003c6c      0x1ac ./FreeRTOS/Source/tasks.o
                0x08003c6c                xTaskRemoveFromEventList
 .text.vTaskRemoveFromUnorderedEventList
                0x08003e18      0x184 ./FreeRTOS/Source/tasks.o
                0x08003e18                vTaskRemoveFromUnorderedEventList
 .text.vTaskInternalSetTimeOutState
                0x08003f9c       0x2c ./FreeRTOS/Source/tasks.o
                0x08003f9c                vTaskInternalSetTimeOutState
 .text.xTaskCheckForTimeOut
                0x08003fc8       0xd0 ./FreeRTOS/Source/tasks.o
                0x08003fc8                xTaskCheckForTimeOut
 .text.vTaskMissedYield
                0x08004098       0x18 ./FreeRTOS/Source/tasks.o
                0x08004098                vTaskMissedYield
 .text.prvIdleTask
                0x080040b0       0x30 ./FreeRTOS/Source/tasks.o
 .text.prvInitialiseTaskLists
                0x080040e0       0x80 ./FreeRTOS/Source/tasks.o
 .text.prvCheckTasksWaitingTermination
                0x08004160       0x5c ./FreeRTOS/Source/tasks.o
 .text.prvDeleteTCB
                0x080041bc       0x20 ./FreeRTOS/Source/tasks.o
 .text.prvResetNextTaskUnblockTime
                0x080041dc       0x34 ./FreeRTOS/Source/tasks.o
 .text.xTaskGetSchedulerState
                0x08004210       0x3c ./FreeRTOS/Source/tasks.o
                0x08004210                xTaskGetSchedulerState
 .text.xTaskPriorityInherit
                0x0800424c      0x13c ./FreeRTOS/Source/tasks.o
                0x0800424c                xTaskPriorityInherit
 .text.xTaskPriorityDisinherit
                0x08004388      0x14c ./FreeRTOS/Source/tasks.o
                0x08004388                xTaskPriorityDisinherit
 .text.vTaskPriorityDisinheritAfterTimeout
                0x080044d4      0x174 ./FreeRTOS/Source/tasks.o
                0x080044d4                vTaskPriorityDisinheritAfterTimeout
 .text.uxTaskResetEventItemValue
                0x08004648       0x30 ./FreeRTOS/Source/tasks.o
                0x08004648                uxTaskResetEventItemValue
 .text.pvTaskIncrementMutexHeldCount
                0x08004678       0x28 ./FreeRTOS/Source/tasks.o
                0x08004678                pvTaskIncrementMutexHeldCount
 .text.prvAddCurrentTaskToDelayedList
                0x080046a0      0x100 ./FreeRTOS/Source/tasks.o
 .text.xTimerCreateTimerTask
                0x080047a0       0x68 ./FreeRTOS/Source/timers.o
                0x080047a0                xTimerCreateTimerTask
 .text.prvReloadTimer
                0x08004808       0x42 ./FreeRTOS/Source/timers.o
 *fill*         0x0800484a        0x2 
 .text.prvProcessExpiredTimer
                0x0800484c       0x60 ./FreeRTOS/Source/timers.o
 .text.prvTimerTask
                0x080048ac       0x26 ./FreeRTOS/Source/timers.o
 *fill*         0x080048d2        0x2 
 .text.prvProcessTimerOrBlockTask
                0x080048d4       0x9c ./FreeRTOS/Source/timers.o
 .text.prvGetNextExpireTime
                0x08004970       0x44 ./FreeRTOS/Source/timers.o
 .text.prvSampleTimeNow
                0x080049b4       0x40 ./FreeRTOS/Source/timers.o
 .text.prvInsertTimerInActiveList
                0x080049f4       0x84 ./FreeRTOS/Source/timers.o
 .text.prvProcessReceivedCommands
                0x08004a78      0x1bc ./FreeRTOS/Source/timers.o
 .text.prvSwitchTimerLists
                0x08004c34       0x4c ./FreeRTOS/Source/timers.o
 .text.prvCheckForValidListAndQueue
                0x08004c80       0x6c ./FreeRTOS/Source/timers.o
 .text.xTimerPendFunctionCallFromISR
                0x08004cec       0x40 ./FreeRTOS/Source/timers.o
                0x08004cec                xTimerPendFunctionCallFromISR
 .text.pxPortInitialiseStack
                0x08004d2c       0x58 ./FreeRTOS/Source/portable/GCC/ARM_CM3/port.o
                0x08004d2c                pxPortInitialiseStack
 .text.prvTaskExitError
                0x08004d84       0x58 ./FreeRTOS/Source/portable/GCC/ARM_CM3/port.o
 *fill*         0x08004ddc        0x4 
 .text.SVC_Handler
                0x08004de0       0x28 ./FreeRTOS/Source/portable/GCC/ARM_CM3/port.o
                0x08004de0                SVC_Handler
 .text.prvPortStartFirstTask
                0x08004e08       0x24 ./FreeRTOS/Source/portable/GCC/ARM_CM3/port.o
 .text.xPortStartScheduler
                0x08004e2c       0xe4 ./FreeRTOS/Source/portable/GCC/ARM_CM3/port.o
                0x08004e2c                xPortStartScheduler
 .text.vPortEnterCritical
                0x08004f10       0x60 ./FreeRTOS/Source/portable/GCC/ARM_CM3/port.o
                0x08004f10                vPortEnterCritical
 .text.vPortExitCritical
                0x08004f70       0x54 ./FreeRTOS/Source/portable/GCC/ARM_CM3/port.o
                0x08004f70                vPortExitCritical
 *fill*         0x08004fc4        0xc 
 .text.PendSV_Handler
                0x08004fd0       0x48 ./FreeRTOS/Source/portable/GCC/ARM_CM3/port.o
                0x08004fd0                PendSV_Handler
 .text.SysTick_Handler
                0x08005018       0x44 ./FreeRTOS/Source/portable/GCC/ARM_CM3/port.o
                0x08005018                SysTick_Handler
 .text.vPortSetupTimerInterrupt
                0x0800505c       0x44 ./FreeRTOS/Source/portable/GCC/ARM_CM3/port.o
                0x0800505c                vPortSetupTimerInterrupt
 .text.vPortValidateInterruptPriority
                0x080050a0       0x80 ./FreeRTOS/Source/portable/GCC/ARM_CM3/port.o
                0x080050a0                vPortValidateInterruptPriority
 .text.pvPortMalloc
                0x08005120      0x178 ./FreeRTOS/Source/portable/MemMang/heap_4.o
                0x08005120                pvPortMalloc
 .text.vPortFree
                0x08005298       0xb4 ./FreeRTOS/Source/portable/MemMang/heap_4.o
                0x08005298                vPortFree
 .text.prvHeapInit
                0x0800534c       0xb8 ./FreeRTOS/Source/portable/MemMang/heap_4.o
 .text.prvInsertBlockIntoFreeList
                0x08005404       0xb0 ./FreeRTOS/Source/portable/MemMang/heap_4.o
 .text.snprintf
                0x080054b4       0x6c D:/Program Files/STM32CubeIDE_1.19.0/STM32CubeIDE/plugins/com.st.stm32cube.ide.mcu.externaltools.gnu-tools-for-stm32.13.3.rel1.win32_1.0.0.202411081344/tools/bin/../lib/gcc/arm-none-eabi/13.3.1/../../../../arm-none-eabi/lib/thumb/v7-m/nofp\libc_nano.a(libc_a-snprintf.o)
                0x080054b4                sniprintf
                0x080054b4                snprintf
 .text.memset   0x08005520       0x10 D:/Program Files/STM32CubeIDE_1.19.0/STM32CubeIDE/plugins/com.st.stm32cube.ide.mcu.externaltools.gnu-tools-for-stm32.13.3.rel1.win32_1.0.0.202411081344/tools/bin/../lib/gcc/arm-none-eabi/13.3.1/../../../../arm-none-eabi/lib/thumb/v7-m/nofp\libc_nano.a(libc_a-memset.o)
                0x08005520                memset
 .text.__errno  0x08005530        0xc D:/Program Files/STM32CubeIDE_1.19.0/STM32CubeIDE/plugins/com.st.stm32cube.ide.mcu.externaltools.gnu-tools-for-stm32.13.3.rel1.win32_1.0.0.202411081344/tools/bin/../lib/gcc/arm-none-eabi/13.3.1/../../../../arm-none-eabi/lib/thumb/v7-m/nofp\libc_nano.a(libc_a-errno.o)
                0x08005530                __errno
 .text.__libc_init_array
                0x0800553c       0x48 D:/Program Files/STM32CubeIDE_1.19.0/STM32CubeIDE/plugins/com.st.stm32cube.ide.mcu.externaltools.gnu-tools-for-stm32.13.3.rel1.win32_1.0.0.202411081344/tools/bin/../lib/gcc/arm-none-eabi/13.3.1/../../../../arm-none-eabi/lib/thumb/v7-m/nofp\libc_nano.a(libc_a-init.o)
                0x0800553c                __libc_init_array
 .text.__retarget_lock_acquire_recursive
                0x08005584        0x2 D:/Program Files/STM32CubeIDE_1.19.0/STM32CubeIDE/plugins/com.st.stm32cube.ide.mcu.externaltools.gnu-tools-for-stm32.13.3.rel1.win32_1.0.0.202411081344/tools/bin/../lib/gcc/arm-none-eabi/13.3.1/../../../../arm-none-eabi/lib/thumb/v7-m/nofp\libc_nano.a(libc_a-lock.o)
                0x08005584                __retarget_lock_acquire_recursive
 .text.__retarget_lock_release_recursive
                0x08005586        0x2 D:/Program Files/STM32CubeIDE_1.19.0/STM32CubeIDE/plugins/com.st.stm32cube.ide.mcu.externaltools.gnu-tools-for-stm32.13.3.rel1.win32_1.0.0.202411081344/tools/bin/../lib/gcc/arm-none-eabi/13.3.1/../../../../arm-none-eabi/lib/thumb/v7-m/nofp\libc_nano.a(libc_a-lock.o)
                0x08005586                __retarget_lock_release_recursive
 .text.memcpy   0x08005588       0x1c D:/Program Files/STM32CubeIDE_1.19.0/STM32CubeIDE/plugins/com.st.stm32cube.ide.mcu.externaltools.gnu-tools-for-stm32.13.3.rel1.win32_1.0.0.202411081344/tools/bin/../lib/gcc/arm-none-eabi/13.3.1/../../../../arm-none-eabi/lib/thumb/v7-m/nofp\libc_nano.a(libc_a-memcpy-stub.o)
                0x08005588                memcpy
 .text._free_r  0x080055a4       0x90 D:/Program Files/STM32CubeIDE_1.19.0/STM32CubeIDE/plugins/com.st.stm32cube.ide.mcu.externaltools.gnu-tools-for-stm32.13.3.rel1.win32_1.0.0.202411081344/tools/bin/../lib/gcc/arm-none-eabi/13.3.1/../../../../arm-none-eabi/lib/thumb/v7-m/nofp\libc_nano.a(libc_a-freer.o)
                0x080055a4                _free_r
 .text.sbrk_aligned
                0x08005634       0x44 D:/Program Files/STM32CubeIDE_1.19.0/STM32CubeIDE/plugins/com.st.stm32cube.ide.mcu.externaltools.gnu-tools-for-stm32.13.3.rel1.win32_1.0.0.202411081344/tools/bin/../lib/gcc/arm-none-eabi/13.3.1/../../../../arm-none-eabi/lib/thumb/v7-m/nofp\libc_nano.a(libc_a-mallocr.o)
 .text._malloc_r
                0x08005678      0x100 D:/Program Files/STM32CubeIDE_1.19.0/STM32CubeIDE/plugins/com.st.stm32cube.ide.mcu.externaltools.gnu-tools-for-stm32.13.3.rel1.win32_1.0.0.202411081344/tools/bin/../lib/gcc/arm-none-eabi/13.3.1/../../../../arm-none-eabi/lib/thumb/v7-m/nofp\libc_nano.a(libc_a-mallocr.o)
                0x08005678                _malloc_r
 .text.__malloc_lock
                0x08005778        0xc D:/Program Files/STM32CubeIDE_1.19.0/STM32CubeIDE/plugins/com.st.stm32cube.ide.mcu.externaltools.gnu-tools-for-stm32.13.3.rel1.win32_1.0.0.202411081344/tools/bin/../lib/gcc/arm-none-eabi/13.3.1/../../../../arm-none-eabi/lib/thumb/v7-m/nofp\libc_nano.a(libc_a-mlock.o)
                0x08005778                __malloc_lock
 .text.__malloc_unlock
                0x08005784        0xc D:/Program Files/STM32CubeIDE_1.19.0/STM32CubeIDE/plugins/com.st.stm32cube.ide.mcu.externaltools.gnu-tools-for-stm32.13.3.rel1.win32_1.0.0.202411081344/tools/bin/../lib/gcc/arm-none-eabi/13.3.1/../../../../arm-none-eabi/lib/thumb/v7-m/nofp\libc_nano.a(libc_a-mlock.o)
                0x08005784                __malloc_unlock
 .text.__ssputs_r
                0x08005790       0xb6 D:/Program Files/STM32CubeIDE_1.19.0/STM32CubeIDE/plugins/com.st.stm32cube.ide.mcu.externaltools.gnu-tools-for-stm32.13.3.rel1.win32_1.0.0.202411081344/tools/bin/../lib/gcc/arm-none-eabi/13.3.1/../../../../arm-none-eabi/lib/thumb/v7-m/nofp\libc_nano.a(libc_a-nano-svfprintf.o)
                0x08005790                __ssputs_r
 *fill*         0x08005846        0x2 
 .text._svfprintf_r
                0x08005848      0x1f8 D:/Program Files/STM32CubeIDE_1.19.0/STM32CubeIDE/plugins/com.st.stm32cube.ide.mcu.externaltools.gnu-tools-for-stm32.13.3.rel1.win32_1.0.0.202411081344/tools/bin/../lib/gcc/arm-none-eabi/13.3.1/../../../../arm-none-eabi/lib/thumb/v7-m/nofp\libc_nano.a(libc_a-nano-svfprintf.o)
                0x08005848                _svfiprintf_r
                0x08005848                _svfprintf_r
 .text._printf_common
                0x08005a40       0xe4 D:/Program Files/STM32CubeIDE_1.19.0/STM32CubeIDE/plugins/com.st.stm32cube.ide.mcu.externaltools.gnu-tools-for-stm32.13.3.rel1.win32_1.0.0.202411081344/tools/bin/../lib/gcc/arm-none-eabi/13.3.1/../../../../arm-none-eabi/lib/thumb/v7-m/nofp\libc_nano.a(libc_a-nano-vfprintf_i.o)
                0x08005a40                _printf_common
 .text._printf_i
                0x08005b24      0x23c D:/Program Files/STM32CubeIDE_1.19.0/STM32CubeIDE/plugins/com.st.stm32cube.ide.mcu.externaltools.gnu-tools-for-stm32.13.3.rel1.win32_1.0.0.202411081344/tools/bin/../lib/gcc/arm-none-eabi/13.3.1/../../../../arm-none-eabi/lib/thumb/v7-m/nofp\libc_nano.a(libc_a-nano-vfprintf_i.o)
                0x08005b24                _printf_i
 .text.memmove  0x08005d60       0x34 D:/Program Files/STM32CubeIDE_1.19.0/STM32CubeIDE/plugins/com.st.stm32cube.ide.mcu.externaltools.gnu-tools-for-stm32.13.3.rel1.win32_1.0.0.202411081344/tools/bin/../lib/gcc/arm-none-eabi/13.3.1/../../../../arm-none-eabi/lib/thumb/v7-m/nofp\libc_nano.a(libc_a-memmove.o)
                0x08005d60                memmove
 .text._sbrk_r  0x08005d94       0x20 D:/Program Files/STM32CubeIDE_1.19.0/STM32CubeIDE/plugins/com.st.stm32cube.ide.mcu.externaltools.gnu-tools-for-stm32.13.3.rel1.win32_1.0.0.202411081344/tools/bin/../lib/gcc/arm-none-eabi/13.3.1/../../../../arm-none-eabi/lib/thumb/v7-m/nofp\libc_nano.a(libc_a-sbrkr.o)
                0x08005d94                _sbrk_r
 .text.memchr   0x08005db4       0x1c D:/Program Files/STM32CubeIDE_1.19.0/STM32CubeIDE/plugins/com.st.stm32cube.ide.mcu.externaltools.gnu-tools-for-stm32.13.3.rel1.win32_1.0.0.202411081344/tools/bin/../lib/gcc/arm-none-eabi/13.3.1/../../../../arm-none-eabi/lib/thumb/v7-m/nofp\libc_nano.a(libc_a-memchr-stub.o)
                0x08005db4                memchr
 .text._realloc_r
                0x08005dd0       0x5c D:/Program Files/STM32CubeIDE_1.19.0/STM32CubeIDE/plugins/com.st.stm32cube.ide.mcu.externaltools.gnu-tools-for-stm32.13.3.rel1.win32_1.0.0.202411081344/tools/bin/../lib/gcc/arm-none-eabi/13.3.1/../../../../arm-none-eabi/lib/thumb/v7-m/nofp\libc_nano.a(libc_a-reallocr.o)
                0x08005dd0                _realloc_r
 .text._malloc_usable_size_r
                0x08005e2c       0x10 D:/Program Files/STM32CubeIDE_1.19.0/STM32CubeIDE/plugins/com.st.stm32cube.ide.mcu.externaltools.gnu-tools-for-stm32.13.3.rel1.win32_1.0.0.202411081344/tools/bin/../lib/gcc/arm-none-eabi/13.3.1/../../../../arm-none-eabi/lib/thumb/v7-m/nofp\libc_nano.a(libc_a-msizer.o)
                0x08005e2c                _malloc_usable_size_r
 *(.glue_7)
 .glue_7        0x08005e3c        0x0 linker stubs
 *(.glue_7t)
 .glue_7t       0x08005e3c        0x0 linker stubs
 *(.eh_frame)
 .eh_frame      0x08005e3c        0x0 D:/Program Files/STM32CubeIDE_1.19.0/STM32CubeIDE/plugins/com.st.stm32cube.ide.mcu.externaltools.gnu-tools-for-stm32.13.3.rel1.win32_1.0.0.202411081344/tools/bin/../lib/gcc/arm-none-eabi/13.3.1/thumb/v7-m/nofp/crtbegin.o
 *(.init)
 .init          0x08005e3c        0x4 D:/Program Files/STM32CubeIDE_1.19.0/STM32CubeIDE/plugins/com.st.stm32cube.ide.mcu.externaltools.gnu-tools-for-stm32.13.3.rel1.win32_1.0.0.202411081344/tools/bin/../lib/gcc/arm-none-eabi/13.3.1/thumb/v7-m/nofp/crti.o
                0x08005e3c                _init
 .init          0x08005e40        0x8 D:/Program Files/STM32CubeIDE_1.19.0/STM32CubeIDE/plugins/com.st.stm32cube.ide.mcu.externaltools.gnu-tools-for-stm32.13.3.rel1.win32_1.0.0.202411081344/tools/bin/../lib/gcc/arm-none-eabi/13.3.1/thumb/v7-m/nofp/crtn.o
 *(.fini)
 .fini          0x08005e48        0x4 D:/Program Files/STM32CubeIDE_1.19.0/STM32CubeIDE/plugins/com.st.stm32cube.ide.mcu.externaltools.gnu-tools-for-stm32.13.3.rel1.win32_1.0.0.202411081344/tools/bin/../lib/gcc/arm-none-eabi/13.3.1/thumb/v7-m/nofp/crti.o
                0x08005e48                _fini
 .fini          0x08005e4c        0x8 D:/Program Files/STM32CubeIDE_1.19.0/STM32CubeIDE/plugins/com.st.stm32cube.ide.mcu.externaltools.gnu-tools-for-stm32.13.3.rel1.win32_1.0.0.202411081344/tools/bin/../lib/gcc/arm-none-eabi/13.3.1/thumb/v7-m/nofp/crtn.o
                0x08005e54                        . = ALIGN (0x4)
                0x08005e54                        _etext = .

.vfp11_veneer   0x08005e54        0x0
 .vfp11_veneer  0x08005e54        0x0 linker stubs

.v4_bx          0x08005e54        0x0
 .v4_bx         0x08005e54        0x0 linker stubs

.iplt           0x08005e54        0x0
 .iplt          0x08005e54        0x0 D:/Program Files/STM32CubeIDE_1.19.0/STM32CubeIDE/plugins/com.st.stm32cube.ide.mcu.externaltools.gnu-tools-for-stm32.13.3.rel1.win32_1.0.0.202411081344/tools/bin/../lib/gcc/arm-none-eabi/13.3.1/thumb/v7-m/nofp/crtbegin.o

.rodata         0x08005e54       0xfc
                0x08005e54                        . = ALIGN (0x4)
 *(.rodata)
 .rodata        0x08005e54       0x7e ./Core/Src/main.o
 *fill*         0x08005ed2        0x2 
 .rodata        0x08005ed4        0x5 ./FreeRTOS/Source/tasks.o
 *fill*         0x08005ed9        0x3 
 .rodata        0x08005edc        0xd ./FreeRTOS/Source/timers.o
 *(.rodata*)
 *fill*         0x08005ee9        0x3 
 .rodata.AHBPrescTable
                0x08005eec       0x10 ./Core/Src/system_stm32f1xx.o
                0x08005eec                AHBPrescTable
 .rodata.APBPrescTable
                0x08005efc        0x8 ./Core/Src/system_stm32f1xx.o
                0x08005efc                APBPrescTable
 .rodata.aPLLMULFactorTable.1
                0x08005f04       0x10 ./Drivers/STM32F1xx_HAL_Driver/Src/stm32f1xx_hal_rcc.o
 .rodata.aPredivFactorTable.0
                0x08005f14        0x2 ./Drivers/STM32F1xx_HAL_Driver/Src/stm32f1xx_hal_rcc.o
 *fill*         0x08005f16        0x2 
 .rodata.uxTopUsedPriority
                0x08005f18        0x4 ./FreeRTOS/Source/tasks.o
                0x08005f18                uxTopUsedPriority
 .rodata._svfprintf_r.str1.1
                0x08005f1c       0x33 D:/Program Files/STM32CubeIDE_1.19.0/STM32CubeIDE/plugins/com.st.stm32cube.ide.mcu.externaltools.gnu-tools-for-stm32.13.3.rel1.win32_1.0.0.202411081344/tools/bin/../lib/gcc/arm-none-eabi/13.3.1/../../../../arm-none-eabi/lib/thumb/v7-m/nofp\libc_nano.a(libc_a-nano-svfprintf.o)
                                 0x11 (size before relaxing)
 .rodata._printf_i.str1.1
                0x08005f4f       0x22 D:/Program Files/STM32CubeIDE_1.19.0/STM32CubeIDE/plugins/com.st.stm32cube.ide.mcu.externaltools.gnu-tools-for-stm32.13.3.rel1.win32_1.0.0.202411081344/tools/bin/../lib/gcc/arm-none-eabi/13.3.1/../../../../arm-none-eabi/lib/thumb/v7-m/nofp\libc_nano.a(libc_a-nano-vfprintf_i.o)
                0x08005f74                        . = ALIGN (0x4)
 *fill*         0x08005f4f        0x1 

.ARM.extab      0x08005f50        0x0
                0x08005f50                        . = ALIGN (0x4)
 *(.ARM.extab* .gnu.linkonce.armextab.*)
                0x08005f50                        . = ALIGN (0x4)

.ARM            0x08005f50        0x8
                0x08005f50                        . = ALIGN (0x4)
                0x08005f50                        __exidx_start = .
 *(.ARM.exidx*)
 .ARM.exidx     0x08005f50        0x8 D:/Program Files/STM32CubeIDE_1.19.0/STM32CubeIDE/plugins/com.st.stm32cube.ide.mcu.externaltools.gnu-tools-for-stm32.13.3.rel1.win32_1.0.0.202411081344/tools/bin/../lib/gcc/arm-none-eabi/13.3.1/../../../../arm-none-eabi/lib/thumb/v7-m/nofp\libc_nano.a(libc_a-strlen.o)
                0x08005f58                        __exidx_end = .
                0x08005f58                        . = ALIGN (0x4)

.preinit_array  0x08005f58        0x0
                0x08005f58                        . = ALIGN (0x4)
                0x08005f58                        PROVIDE (__preinit_array_start = .)
 *(.preinit_array*)
                0x08005f58                        PROVIDE (__preinit_array_end = .)
                0x08005f58                        . = ALIGN (0x4)

.init_array     0x08005f58        0x4
                0x08005f58                        . = ALIGN (0x4)
                0x08005f58                        PROVIDE (__init_array_start = .)
 *(SORT_BY_NAME(.init_array.*))
 *(.init_array*)
 .init_array    0x08005f58        0x4 D:/Program Files/STM32CubeIDE_1.19.0/STM32CubeIDE/plugins/com.st.stm32cube.ide.mcu.externaltools.gnu-tools-for-stm32.13.3.rel1.win32_1.0.0.202411081344/tools/bin/../lib/gcc/arm-none-eabi/13.3.1/thumb/v7-m/nofp/crtbegin.o
                0x08005f5c                        PROVIDE (__init_array_end = .)
                0x08005f5c                        . = ALIGN (0x4)

.fini_array     0x08005f5c        0x4
                0x08005f5c                        . = ALIGN (0x4)
                [!provide]                        PROVIDE (__fini_array_start = .)
 *(SORT_BY_NAME(.fini_array.*))
 *(.fini_array*)
 .fini_array    0x08005f5c        0x4 D:/Program Files/STM32CubeIDE_1.19.0/STM32CubeIDE/plugins/com.st.stm32cube.ide.mcu.externaltools.gnu-tools-for-stm32.13.3.rel1.win32_1.0.0.202411081344/tools/bin/../lib/gcc/arm-none-eabi/13.3.1/thumb/v7-m/nofp/crtbegin.o
                [!provide]                        PROVIDE (__fini_array_end = .)
                0x08005f60                        . = ALIGN (0x4)
                0x08005f60                        _sidata = LOADADDR (.data)

.rel.dyn        0x08005f60        0x0
 .rel.iplt      0x08005f60        0x0 D:/Program Files/STM32CubeIDE_1.19.0/STM32CubeIDE/plugins/com.st.stm32cube.ide.mcu.externaltools.gnu-tools-for-stm32.13.3.rel1.win32_1.0.0.202411081344/tools/bin/../lib/gcc/arm-none-eabi/13.3.1/thumb/v7-m/nofp/crtbegin.o

.data           0x20000000       0x6c load address 0x08005f60
                0x20000000                        . = ALIGN (0x4)
                0x20000000                        _sdata = .
 *(.data)
 *(.data*)
 .data.shared   0x20000000        0x4 ./Core/Src/main.o
                0x20000000                shared
 .data.mutex_delay
                0x20000004        0x4 ./Core/Src/main.o
                0x20000004                mutex_delay
 .data.queue_delay
                0x20000008        0x4 ./Core/Src/main.o
                0x20000008                queue_delay
 .data.SystemCoreClock
                0x2000000c        0x4 ./Core/Src/system_stm32f1xx.o
                0x2000000c                SystemCoreClock
 .data.uwTickPrio
                0x20000010        0x4 ./Drivers/STM32F1xx_HAL_Driver/Src/stm32f1xx_hal.o
                0x20000010                uwTickPrio
 .data.uwTickFreq
                0x20000014        0x1 ./Drivers/STM32F1xx_HAL_Driver/Src/stm32f1xx_hal.o
                0x20000014                uwTickFreq
 *fill*         0x20000015        0x3 
 .data.uxCriticalNesting
                0x20000018        0x4 ./FreeRTOS/Source/portable/GCC/ARM_CM3/port.o
 .data._impure_ptr
                0x2000001c        0x4 D:/Program Files/STM32CubeIDE_1.19.0/STM32CubeIDE/plugins/com.st.stm32cube.ide.mcu.externaltools.gnu-tools-for-stm32.13.3.rel1.win32_1.0.0.202411081344/tools/bin/../lib/gcc/arm-none-eabi/13.3.1/../../../../arm-none-eabi/lib/thumb/v7-m/nofp\libc_nano.a(libc_a-impure.o)
                0x2000001c                _impure_ptr
 .data._impure_data
                0x20000020       0x4c D:/Program Files/STM32CubeIDE_1.19.0/STM32CubeIDE/plugins/com.st.stm32cube.ide.mcu.externaltools.gnu-tools-for-stm32.13.3.rel1.win32_1.0.0.202411081344/tools/bin/../lib/gcc/arm-none-eabi/13.3.1/../../../../arm-none-eabi/lib/thumb/v7-m/nofp\libc_nano.a(libc_a-impure.o)
                0x20000020                _impure_data
 *(.RamFunc)
 *(.RamFunc*)
                0x2000006c                        . = ALIGN (0x4)
                0x2000006c                        _edata = .

.igot.plt       0x2000006c        0x0 load address 0x08005fcc
 .igot.plt      0x2000006c        0x0 D:/Program Files/STM32CubeIDE_1.19.0/STM32CubeIDE/plugins/com.st.stm32cube.ide.mcu.externaltools.gnu-tools-for-stm32.13.3.rel1.win32_1.0.0.202411081344/tools/bin/../lib/gcc/arm-none-eabi/13.3.1/thumb/v7-m/nofp/crtbegin.o
                0x2000006c                        . = ALIGN (0x4)

.bss            0x2000006c     0x4910 load address 0x08005fcc
                0x2000006c                        _sbss = .
                0x2000006c                        __bss_start__ = _sbss
 *(.bss)
 .bss           0x2000006c       0x1c D:/Program Files/STM32CubeIDE_1.19.0/STM32CubeIDE/plugins/com.st.stm32cube.ide.mcu.externaltools.gnu-tools-for-stm32.13.3.rel1.win32_1.0.0.202411081344/tools/bin/../lib/gcc/arm-none-eabi/13.3.1/thumb/v7-m/nofp/crtbegin.o
 *(.bss*)
 .bss.huart1    0x20000088       0x48 ./Core/Src/main.o
                0x20000088                huart1
 .bss.CalcSwitch1Handle
                0x200000d0        0x4 ./Core/Src/main.o
                0x200000d0                CalcSwitch1Handle
 .bss.IncreaseVarHandle
                0x200000d4        0x4 ./Core/Src/main.o
                0x200000d4                IncreaseVarHandle
 .bss.DecreaseVarHandle
                0x200000d8        0x4 ./Core/Src/main.o
                0x200000d8                DecreaseVarHandle
 .bss.UARTHandle
                0x200000dc        0x4 ./Core/Src/main.o
                0x200000dc                UARTHandle
 .bss.UARTdataHandle
                0x200000e0        0x4 ./Core/Src/main.o
                0x200000e0                UARTdataHandle
 .bss.sharedHandle
                0x200000e4        0x4 ./Core/Src/main.o
                0x200000e4                sharedHandle
 .bss.button_pressed
                0x200000e8        0x4 ./Core/Src/main.o
                0x200000e8                button_pressed
 .bss.counter   0x200000ec        0x4 ./Core/Src/main.o
                0x200000ec                counter
 .bss.last_interrupt_time
                0x200000f0        0x4 ./Core/Src/main.o
                0x200000f0                last_interrupt_time
 .bss.UART_buffer
                0x200000f4       0x64 ./Core/Src/main.o
                0x200000f4                UART_buffer
 .bss.htim1     0x20000158       0x48 ./Core/Src/stm32f1xx_hal_timebase_tim.o
                0x20000158                htim1
 .bss.__sbrk_heap_end
                0x200001a0        0x4 ./Core/Src/sysmem.o
 .bss.uwTick    0x200001a4        0x4 ./Drivers/STM32F1xx_HAL_Driver/Src/stm32f1xx_hal.o
                0x200001a4                uwTick
 .bss.xQueueRegistry
                0x200001a8      0x100 ./FreeRTOS/Source/queue.o
                0x200001a8                xQueueRegistry
 .bss.pxCurrentTCB
                0x200002a8        0x4 ./FreeRTOS/Source/tasks.o
                0x200002a8                pxCurrentTCB
 .bss.pxReadyTasksLists
                0x200002ac       0x8c ./FreeRTOS/Source/tasks.o
 .bss.xDelayedTaskList1
                0x20000338       0x14 ./FreeRTOS/Source/tasks.o
 .bss.xDelayedTaskList2
                0x2000034c       0x14 ./FreeRTOS/Source/tasks.o
 .bss.pxDelayedTaskList
                0x20000360        0x4 ./FreeRTOS/Source/tasks.o
 .bss.pxOverflowDelayedTaskList
                0x20000364        0x4 ./FreeRTOS/Source/tasks.o
 .bss.xPendingReadyList
                0x20000368       0x14 ./FreeRTOS/Source/tasks.o
 .bss.xTasksWaitingTermination
                0x2000037c       0x14 ./FreeRTOS/Source/tasks.o
 .bss.uxDeletedTasksWaitingCleanUp
                0x20000390        0x4 ./FreeRTOS/Source/tasks.o
 .bss.xSuspendedTaskList
                0x20000394       0x14 ./FreeRTOS/Source/tasks.o
 .bss.uxCurrentNumberOfTasks
                0x200003a8        0x4 ./FreeRTOS/Source/tasks.o
 .bss.xTickCount
                0x200003ac        0x4 ./FreeRTOS/Source/tasks.o
 .bss.uxTopReadyPriority
                0x200003b0        0x4 ./FreeRTOS/Source/tasks.o
 .bss.xSchedulerRunning
                0x200003b4        0x4 ./FreeRTOS/Source/tasks.o
 .bss.xPendedTicks
                0x200003b8        0x4 ./FreeRTOS/Source/tasks.o
 .bss.xYieldPending
                0x200003bc        0x4 ./FreeRTOS/Source/tasks.o
 .bss.xNumOfOverflows
                0x200003c0        0x4 ./FreeRTOS/Source/tasks.o
 .bss.uxTaskNumber
                0x200003c4        0x4 ./FreeRTOS/Source/tasks.o
 .bss.xNextTaskUnblockTime
                0x200003c8        0x4 ./FreeRTOS/Source/tasks.o
 .bss.xIdleTaskHandle
                0x200003cc        0x4 ./FreeRTOS/Source/tasks.o
 .bss.uxSchedulerSuspended
                0x200003d0        0x4 ./FreeRTOS/Source/tasks.o
 .bss.xActiveTimerList1
                0x200003d4       0x14 ./FreeRTOS/Source/timers.o
 .bss.xActiveTimerList2
                0x200003e8       0x14 ./FreeRTOS/Source/timers.o
 .bss.pxCurrentTimerList
                0x200003fc        0x4 ./FreeRTOS/Source/timers.o
 .bss.pxOverflowTimerList
                0x20000400        0x4 ./FreeRTOS/Source/timers.o
 .bss.xTimerQueue
                0x20000404        0x4 ./FreeRTOS/Source/timers.o
 .bss.xTimerTaskHandle
                0x20000408        0x4 ./FreeRTOS/Source/timers.o
 .bss.xLastTime.0
                0x2000040c        0x4 ./FreeRTOS/Source/timers.o
 .bss.ucMaxSysCallPriority
                0x20000410        0x1 ./FreeRTOS/Source/portable/GCC/ARM_CM3/port.o
 *fill*         0x20000411        0x3 
 .bss.ulMaxPRIGROUPValue
                0x20000414        0x4 ./FreeRTOS/Source/portable/GCC/ARM_CM3/port.o
 .bss.ucHeap    0x20000418     0x4400 ./FreeRTOS/Source/portable/MemMang/heap_4.o
 .bss.xStart    0x20004818        0x8 ./FreeRTOS/Source/portable/MemMang/heap_4.o
 .bss.pxEnd     0x20004820        0x4 ./FreeRTOS/Source/portable/MemMang/heap_4.o
 .bss.xFreeBytesRemaining
                0x20004824        0x4 ./FreeRTOS/Source/portable/MemMang/heap_4.o
 .bss.xMinimumEverFreeBytesRemaining
                0x20004828        0x4 ./FreeRTOS/Source/portable/MemMang/heap_4.o
 .bss.xNumberOfSuccessfulAllocations
                0x2000482c        0x4 ./FreeRTOS/Source/portable/MemMang/heap_4.o
 .bss.xNumberOfSuccessfulFrees
                0x20004830        0x4 ./FreeRTOS/Source/portable/MemMang/heap_4.o
 .bss.__sf      0x20004834      0x138 D:/Program Files/STM32CubeIDE_1.19.0/STM32CubeIDE/plugins/com.st.stm32cube.ide.mcu.externaltools.gnu-tools-for-stm32.13.3.rel1.win32_1.0.0.202411081344/tools/bin/../lib/gcc/arm-none-eabi/13.3.1/../../../../arm-none-eabi/lib/thumb/v7-m/nofp\libc_nano.a(libc_a-findfp.o)
                0x20004834                __sf
 .bss.errno     0x2000496c        0x4 D:/Program Files/STM32CubeIDE_1.19.0/STM32CubeIDE/plugins/com.st.stm32cube.ide.mcu.externaltools.gnu-tools-for-stm32.13.3.rel1.win32_1.0.0.202411081344/tools/bin/../lib/gcc/arm-none-eabi/13.3.1/../../../../arm-none-eabi/lib/thumb/v7-m/nofp\libc_nano.a(libc_a-reent.o)
                0x2000496c                errno
 .bss.__lock___malloc_recursive_mutex
                0x20004970        0x1 D:/Program Files/STM32CubeIDE_1.19.0/STM32CubeIDE/plugins/com.st.stm32cube.ide.mcu.externaltools.gnu-tools-for-stm32.13.3.rel1.win32_1.0.0.202411081344/tools/bin/../lib/gcc/arm-none-eabi/13.3.1/../../../../arm-none-eabi/lib/thumb/v7-m/nofp\libc_nano.a(libc_a-lock.o)
                0x20004970                __lock___malloc_recursive_mutex
 *fill*         0x20004971        0x3 
 .bss.__malloc_sbrk_start
                0x20004974        0x4 D:/Program Files/STM32CubeIDE_1.19.0/STM32CubeIDE/plugins/com.st.stm32cube.ide.mcu.externaltools.gnu-tools-for-stm32.13.3.rel1.win32_1.0.0.202411081344/tools/bin/../lib/gcc/arm-none-eabi/13.3.1/../../../../arm-none-eabi/lib/thumb/v7-m/nofp\libc_nano.a(libc_a-mallocr.o)
                0x20004974                __malloc_sbrk_start
 .bss.__malloc_free_list
                0x20004978        0x4 D:/Program Files/STM32CubeIDE_1.19.0/STM32CubeIDE/plugins/com.st.stm32cube.ide.mcu.externaltools.gnu-tools-for-stm32.13.3.rel1.win32_1.0.0.202411081344/tools/bin/../lib/gcc/arm-none-eabi/13.3.1/../../../../arm-none-eabi/lib/thumb/v7-m/nofp\libc_nano.a(libc_a-mallocr.o)
                0x20004978                __malloc_free_list
 *(COMMON)
                0x2000497c                        . = ALIGN (0x4)
                0x2000497c                        _ebss = .
                0x2000497c                        __bss_end__ = _ebss

._user_heap_stack
                0x2000497c      0x604 load address 0x08005fcc
                0x20004980                        . = ALIGN (0x8)
 *fill*         0x2000497c        0x4 
                [!provide]                        PROVIDE (end = .)
                0x20004980                        PROVIDE (_end = .)
                0x20004b80                        . = (. + _Min_Heap_Size)
 *fill*         0x20004980      0x200 
                0x20004f80                        . = (. + _Min_Stack_Size)
 *fill*         0x20004b80      0x400 
                0x20004f80                        . = ALIGN (0x8)

/DISCARD/
 libc.a(*)
 libm.a(*)
 libgcc.a(*)

.ARM.attributes
                0x00000000       0x29
 *(.ARM.attributes)
 .ARM.attributes
                0x00000000       0x1d D:/Program Files/STM32CubeIDE_1.19.0/STM32CubeIDE/plugins/com.st.stm32cube.ide.mcu.externaltools.gnu-tools-for-stm32.13.3.rel1.win32_1.0.0.202411081344/tools/bin/../lib/gcc/arm-none-eabi/13.3.1/thumb/v7-m/nofp/crti.o
 .ARM.attributes
                0x0000001d       0x2d D:/Program Files/STM32CubeIDE_1.19.0/STM32CubeIDE/plugins/com.st.stm32cube.ide.mcu.externaltools.gnu-tools-for-stm32.13.3.rel1.win32_1.0.0.202411081344/tools/bin/../lib/gcc/arm-none-eabi/13.3.1/thumb/v7-m/nofp/crtbegin.o
 .ARM.attributes
                0x0000004a       0x2d ./Core/Src/main.o
 .ARM.attributes
                0x00000077       0x2d ./Core/Src/stm32f1xx_hal_msp.o
 .ARM.attributes
                0x000000a4       0x2d ./Core/Src/stm32f1xx_hal_timebase_tim.o
 .ARM.attributes
                0x000000d1       0x2d ./Core/Src/stm32f1xx_it.o
 .ARM.attributes
                0x000000fe       0x2d ./Core/Src/sysmem.o
 .ARM.attributes
                0x0000012b       0x2d ./Core/Src/system_stm32f1xx.o
 .ARM.attributes
                0x00000158       0x21 ./Core/Startup/startup_stm32f103c8tx.o
 .ARM.attributes
                0x00000179       0x2d ./Drivers/STM32F1xx_HAL_Driver/Src/stm32f1xx_hal.o
 .ARM.attributes
                0x000001a6       0x2d ./Drivers/STM32F1xx_HAL_Driver/Src/stm32f1xx_hal_cortex.o
 .ARM.attributes
                0x000001d3       0x2d ./Drivers/STM32F1xx_HAL_Driver/Src/stm32f1xx_hal_gpio.o
 .ARM.attributes
                0x00000200       0x2d ./Drivers/STM32F1xx_HAL_Driver/Src/stm32f1xx_hal_rcc.o
 .ARM.attributes
                0x0000022d       0x2d ./Drivers/STM32F1xx_HAL_Driver/Src/stm32f1xx_hal_tim.o
 .ARM.attributes
                0x0000025a       0x2d ./Drivers/STM32F1xx_HAL_Driver/Src/stm32f1xx_hal_tim_ex.o
 .ARM.attributes
                0x00000287       0x2d ./Drivers/STM32F1xx_HAL_Driver/Src/stm32f1xx_hal_uart.o
 .ARM.attributes
                0x000002b4       0x2d ./FreeRTOS/Source/event_groups.o
 .ARM.attributes
                0x000002e1       0x2d ./FreeRTOS/Source/list.o
 .ARM.attributes
                0x0000030e       0x2d ./FreeRTOS/Source/queue.o
 .ARM.attributes
                0x0000033b       0x2d ./FreeRTOS/Source/tasks.o
 .ARM.attributes
                0x00000368       0x2d ./FreeRTOS/Source/timers.o
 .ARM.attributes
                0x00000395       0x2d ./FreeRTOS/Source/portable/GCC/ARM_CM3/port.o
 .ARM.attributes
                0x000003c2       0x2d ./FreeRTOS/Source/portable/MemMang/heap_4.o
 .ARM.attributes
                0x000003ef       0x2d D:/Program Files/STM32CubeIDE_1.19.0/STM32CubeIDE/plugins/com.st.stm32cube.ide.mcu.externaltools.gnu-tools-for-stm32.13.3.rel1.win32_1.0.0.202411081344/tools/bin/../lib/gcc/arm-none-eabi/13.3.1/../../../../arm-none-eabi/lib/thumb/v7-m/nofp\libc_nano.a(libc_a-findfp.o)
 .ARM.attributes
                0x0000041c       0x2d D:/Program Files/STM32CubeIDE_1.19.0/STM32CubeIDE/plugins/com.st.stm32cube.ide.mcu.externaltools.gnu-tools-for-stm32.13.3.rel1.win32_1.0.0.202411081344/tools/bin/../lib/gcc/arm-none-eabi/13.3.1/../../../../arm-none-eabi/lib/thumb/v7-m/nofp\libc_nano.a(libc_a-snprintf.o)
 .ARM.attributes
                0x00000449       0x2d D:/Program Files/STM32CubeIDE_1.19.0/STM32CubeIDE/plugins/com.st.stm32cube.ide.mcu.externaltools.gnu-tools-for-stm32.13.3.rel1.win32_1.0.0.202411081344/tools/bin/../lib/gcc/arm-none-eabi/13.3.1/../../../../arm-none-eabi/lib/thumb/v7-m/nofp\libc_nano.a(libc_a-memset.o)
 .ARM.attributes
                0x00000476       0x2d D:/Program Files/STM32CubeIDE_1.19.0/STM32CubeIDE/plugins/com.st.stm32cube.ide.mcu.externaltools.gnu-tools-for-stm32.13.3.rel1.win32_1.0.0.202411081344/tools/bin/../lib/gcc/arm-none-eabi/13.3.1/../../../../arm-none-eabi/lib/thumb/v7-m/nofp\libc_nano.a(libc_a-reent.o)
 .ARM.attributes
                0x000004a3       0x2d D:/Program Files/STM32CubeIDE_1.19.0/STM32CubeIDE/plugins/com.st.stm32cube.ide.mcu.externaltools.gnu-tools-for-stm32.13.3.rel1.win32_1.0.0.202411081344/tools/bin/../lib/gcc/arm-none-eabi/13.3.1/../../../../arm-none-eabi/lib/thumb/v7-m/nofp\libc_nano.a(libc_a-impure.o)
 .ARM.attributes
                0x000004d0       0x2d D:/Program Files/STM32CubeIDE_1.19.0/STM32CubeIDE/plugins/com.st.stm32cube.ide.mcu.externaltools.gnu-tools-for-stm32.13.3.rel1.win32_1.0.0.202411081344/tools/bin/../lib/gcc/arm-none-eabi/13.3.1/../../../../arm-none-eabi/lib/thumb/v7-m/nofp\libc_nano.a(libc_a-errno.o)
 .ARM.attributes
                0x000004fd       0x2d D:/Program Files/STM32CubeIDE_1.19.0/STM32CubeIDE/plugins/com.st.stm32cube.ide.mcu.externaltools.gnu-tools-for-stm32.13.3.rel1.win32_1.0.0.202411081344/tools/bin/../lib/gcc/arm-none-eabi/13.3.1/../../../../arm-none-eabi/lib/thumb/v7-m/nofp\libc_nano.a(libc_a-init.o)
 .ARM.attributes
                0x0000052a       0x2d D:/Program Files/STM32CubeIDE_1.19.0/STM32CubeIDE/plugins/com.st.stm32cube.ide.mcu.externaltools.gnu-tools-for-stm32.13.3.rel1.win32_1.0.0.202411081344/tools/bin/../lib/gcc/arm-none-eabi/13.3.1/../../../../arm-none-eabi/lib/thumb/v7-m/nofp\libc_nano.a(libc_a-lock.o)
 .ARM.attributes
                0x00000557       0x2d D:/Program Files/STM32CubeIDE_1.19.0/STM32CubeIDE/plugins/com.st.stm32cube.ide.mcu.externaltools.gnu-tools-for-stm32.13.3.rel1.win32_1.0.0.202411081344/tools/bin/../lib/gcc/arm-none-eabi/13.3.1/../../../../arm-none-eabi/lib/thumb/v7-m/nofp\libc_nano.a(libc_a-memcpy-stub.o)
 .ARM.attributes
                0x00000584       0x17 D:/Program Files/STM32CubeIDE_1.19.0/STM32CubeIDE/plugins/com.st.stm32cube.ide.mcu.externaltools.gnu-tools-for-stm32.13.3.rel1.win32_1.0.0.202411081344/tools/bin/../lib/gcc/arm-none-eabi/13.3.1/../../../../arm-none-eabi/lib/thumb/v7-m/nofp\libc_nano.a(libc_a-strlen.o)
 .ARM.attributes
                0x0000059b       0x2d D:/Program Files/STM32CubeIDE_1.19.0/STM32CubeIDE/plugins/com.st.stm32cube.ide.mcu.externaltools.gnu-tools-for-stm32.13.3.rel1.win32_1.0.0.202411081344/tools/bin/../lib/gcc/arm-none-eabi/13.3.1/../../../../arm-none-eabi/lib/thumb/v7-m/nofp\libc_nano.a(libc_a-freer.o)
 .ARM.attributes
                0x000005c8       0x2d D:/Program Files/STM32CubeIDE_1.19.0/STM32CubeIDE/plugins/com.st.stm32cube.ide.mcu.externaltools.gnu-tools-for-stm32.13.3.rel1.win32_1.0.0.202411081344/tools/bin/../lib/gcc/arm-none-eabi/13.3.1/../../../../arm-none-eabi/lib/thumb/v7-m/nofp\libc_nano.a(libc_a-mallocr.o)
 .ARM.attributes
                0x000005f5       0x2d D:/Program Files/STM32CubeIDE_1.19.0/STM32CubeIDE/plugins/com.st.stm32cube.ide.mcu.externaltools.gnu-tools-for-stm32.13.3.rel1.win32_1.0.0.202411081344/tools/bin/../lib/gcc/arm-none-eabi/13.3.1/../../../../arm-none-eabi/lib/thumb/v7-m/nofp\libc_nano.a(libc_a-mlock.o)
 .ARM.attributes
                0x00000622       0x2d D:/Program Files/STM32CubeIDE_1.19.0/STM32CubeIDE/plugins/com.st.stm32cube.ide.mcu.externaltools.gnu-tools-for-stm32.13.3.rel1.win32_1.0.0.202411081344/tools/bin/../lib/gcc/arm-none-eabi/13.3.1/../../../../arm-none-eabi/lib/thumb/v7-m/nofp\libc_nano.a(libc_a-nano-svfprintf.o)
 .ARM.attributes
                0x0000064f       0x2d D:/Program Files/STM32CubeIDE_1.19.0/STM32CubeIDE/plugins/com.st.stm32cube.ide.mcu.externaltools.gnu-tools-for-stm32.13.3.rel1.win32_1.0.0.202411081344/tools/bin/../lib/gcc/arm-none-eabi/13.3.1/../../../../arm-none-eabi/lib/thumb/v7-m/nofp\libc_nano.a(libc_a-nano-vfprintf_i.o)
 .ARM.attributes
                0x0000067c       0x2d D:/Program Files/STM32CubeIDE_1.19.0/STM32CubeIDE/plugins/com.st.stm32cube.ide.mcu.externaltools.gnu-tools-for-stm32.13.3.rel1.win32_1.0.0.202411081344/tools/bin/../lib/gcc/arm-none-eabi/13.3.1/../../../../arm-none-eabi/lib/thumb/v7-m/nofp\libc_nano.a(libc_a-memmove.o)
 .ARM.attributes
                0x000006a9       0x2d D:/Program Files/STM32CubeIDE_1.19.0/STM32CubeIDE/plugins/com.st.stm32cube.ide.mcu.externaltools.gnu-tools-for-stm32.13.3.rel1.win32_1.0.0.202411081344/tools/bin/../lib/gcc/arm-none-eabi/13.3.1/../../../../arm-none-eabi/lib/thumb/v7-m/nofp\libc_nano.a(libc_a-sbrkr.o)
 .ARM.attributes
                0x000006d6       0x2d D:/Program Files/STM32CubeIDE_1.19.0/STM32CubeIDE/plugins/com.st.stm32cube.ide.mcu.externaltools.gnu-tools-for-stm32.13.3.rel1.win32_1.0.0.202411081344/tools/bin/../lib/gcc/arm-none-eabi/13.3.1/../../../../arm-none-eabi/lib/thumb/v7-m/nofp\libc_nano.a(libc_a-memchr-stub.o)
 .ARM.attributes
                0x00000703       0x2d D:/Program Files/STM32CubeIDE_1.19.0/STM32CubeIDE/plugins/com.st.stm32cube.ide.mcu.externaltools.gnu-tools-for-stm32.13.3.rel1.win32_1.0.0.202411081344/tools/bin/../lib/gcc/arm-none-eabi/13.3.1/../../../../arm-none-eabi/lib/thumb/v7-m/nofp\libc_nano.a(libc_a-reallocr.o)
 .ARM.attributes
                0x00000730       0x2d D:/Program Files/STM32CubeIDE_1.19.0/STM32CubeIDE/plugins/com.st.stm32cube.ide.mcu.externaltools.gnu-tools-for-stm32.13.3.rel1.win32_1.0.0.202411081344/tools/bin/../lib/gcc/arm-none-eabi/13.3.1/../../../../arm-none-eabi/lib/thumb/v7-m/nofp\libc_nano.a(libc_a-msizer.o)
 .ARM.attributes
                0x0000075d       0x1d D:/Program Files/STM32CubeIDE_1.19.0/STM32CubeIDE/plugins/com.st.stm32cube.ide.mcu.externaltools.gnu-tools-for-stm32.13.3.rel1.win32_1.0.0.202411081344/tools/bin/../lib/gcc/arm-none-eabi/13.3.1/thumb/v7-m/nofp/crtn.o
OUTPUT(RTOSV.elf elf32-littlearm)
LOAD linker stubs
LOAD D:/Program Files/STM32CubeIDE_1.19.0/STM32CubeIDE/plugins/com.st.stm32cube.ide.mcu.externaltools.gnu-tools-for-stm32.13.3.rel1.win32_1.0.0.202411081344/tools/bin/../lib/gcc/arm-none-eabi/13.3.1/../../../../arm-none-eabi/lib/thumb/v7-m/nofp\libc.a
LOAD D:/Program Files/STM32CubeIDE_1.19.0/STM32CubeIDE/plugins/com.st.stm32cube.ide.mcu.externaltools.gnu-tools-for-stm32.13.3.rel1.win32_1.0.0.202411081344/tools/bin/../lib/gcc/arm-none-eabi/13.3.1/../../../../arm-none-eabi/lib/thumb/v7-m/nofp\libm.a
LOAD D:/Program Files/STM32CubeIDE_1.19.0/STM32CubeIDE/plugins/com.st.stm32cube.ide.mcu.externaltools.gnu-tools-for-stm32.13.3.rel1.win32_1.0.0.202411081344/tools/bin/../lib/gcc/arm-none-eabi/13.3.1/thumb/v7-m/nofp\libgcc.a

.debug_info     0x00000000    0x1177d
 .debug_info    0x00000000     0x144a ./Core/Src/main.o
 .debug_info    0x0000144a      0x7f8 ./Core/Src/stm32f1xx_hal_msp.o
 .debug_info    0x00001c42      0x99a ./Core/Src/stm32f1xx_hal_timebase_tim.o
 .debug_info    0x000025dc      0x6a2 ./Core/Src/stm32f1xx_it.o
 .debug_info    0x00002c7e      0x168 ./Core/Src/sysmem.o
 .debug_info    0x00002de6      0x222 ./Core/Src/system_stm32f1xx.o
 .debug_info    0x00003008       0x30 ./Core/Startup/startup_stm32f103c8tx.o
 .debug_info    0x00003038      0x704 ./Drivers/STM32F1xx_HAL_Driver/Src/stm32f1xx_hal.o
 .debug_info    0x0000373c      0xa87 ./Drivers/STM32F1xx_HAL_Driver/Src/stm32f1xx_hal_cortex.o
 .debug_info    0x000041c3      0x5ab ./Drivers/STM32F1xx_HAL_Driver/Src/stm32f1xx_hal_gpio.o
 .debug_info    0x0000476e      0x7d5 ./Drivers/STM32F1xx_HAL_Driver/Src/stm32f1xx_hal_rcc.o
 .debug_info    0x00004f43     0x2959 ./Drivers/STM32F1xx_HAL_Driver/Src/stm32f1xx_hal_tim.o
 .debug_info    0x0000789c     0x149b ./Drivers/STM32F1xx_HAL_Driver/Src/stm32f1xx_hal_tim_ex.o
 .debug_info    0x00008d37     0x2eed ./Drivers/STM32F1xx_HAL_Driver/Src/stm32f1xx_hal_uart.o
 .debug_info    0x0000bc24      0x8f8 ./FreeRTOS/Source/event_groups.o
 .debug_info    0x0000c51c      0x2af ./FreeRTOS/Source/list.o
 .debug_info    0x0000c7cb     0x166f ./FreeRTOS/Source/queue.o
 .debug_info    0x0000de3a     0x2024 ./FreeRTOS/Source/tasks.o
 .debug_info    0x0000fe5e      0xf67 ./FreeRTOS/Source/timers.o
 .debug_info    0x00010dc5      0x497 ./FreeRTOS/Source/portable/GCC/ARM_CM3/port.o
 .debug_info    0x0001125c      0x521 ./FreeRTOS/Source/portable/MemMang/heap_4.o

.debug_abbrev   0x00000000     0x2d53
 .debug_abbrev  0x00000000      0x31e ./Core/Src/main.o
 .debug_abbrev  0x0000031e      0x1ab ./Core/Src/stm32f1xx_hal_msp.o
 .debug_abbrev  0x000004c9      0x1f3 ./Core/Src/stm32f1xx_hal_timebase_tim.o
 .debug_abbrev  0x000006bc      0x193 ./Core/Src/stm32f1xx_it.o
 .debug_abbrev  0x0000084f       0xbc ./Core/Src/sysmem.o
 .debug_abbrev  0x0000090b      0x13f ./Core/Src/system_stm32f1xx.o
 .debug_abbrev  0x00000a4a       0x24 ./Core/Startup/startup_stm32f103c8tx.o
 .debug_abbrev  0x00000a6e      0x201 ./Drivers/STM32F1xx_HAL_Driver/Src/stm32f1xx_hal.o
 .debug_abbrev  0x00000c6f      0x2f8 ./Drivers/STM32F1xx_HAL_Driver/Src/stm32f1xx_hal_cortex.o
 .debug_abbrev  0x00000f67      0x1ca ./Drivers/STM32F1xx_HAL_Driver/Src/stm32f1xx_hal_gpio.o
 .debug_abbrev  0x00001131      0x2b3 ./Drivers/STM32F1xx_HAL_Driver/Src/stm32f1xx_hal_rcc.o
 .debug_abbrev  0x000013e4      0x277 ./Drivers/STM32F1xx_HAL_Driver/Src/stm32f1xx_hal_tim.o
 .debug_abbrev  0x0000165b      0x282 ./Drivers/STM32F1xx_HAL_Driver/Src/stm32f1xx_hal_tim_ex.o
 .debug_abbrev  0x000018dd      0x2f8 ./Drivers/STM32F1xx_HAL_Driver/Src/stm32f1xx_hal_uart.o
 .debug_abbrev  0x00001bd5      0x29f ./FreeRTOS/Source/event_groups.o
 .debug_abbrev  0x00001e74       0xf5 ./FreeRTOS/Source/list.o
 .debug_abbrev  0x00001f69      0x323 ./FreeRTOS/Source/queue.o
 .debug_abbrev  0x0000228c      0x35f ./FreeRTOS/Source/tasks.o
 .debug_abbrev  0x000025eb      0x2bc ./FreeRTOS/Source/timers.o
 .debug_abbrev  0x000028a7      0x256 ./FreeRTOS/Source/portable/GCC/ARM_CM3/port.o
 .debug_abbrev  0x00002afd      0x256 ./FreeRTOS/Source/portable/MemMang/heap_4.o

.debug_aranges  0x00000000     0x10c8
 .debug_aranges
                0x00000000       0x70 ./Core/Src/main.o
 .debug_aranges
                0x00000070       0x30 ./Core/Src/stm32f1xx_hal_msp.o
 .debug_aranges
                0x000000a0       0x30 ./Core/Src/stm32f1xx_hal_timebase_tim.o
 .debug_aranges
                0x000000d0       0x58 ./Core/Src/stm32f1xx_it.o
 .debug_aranges
                0x00000128       0x20 ./Core/Src/sysmem.o
 .debug_aranges
                0x00000148       0x28 ./Core/Src/system_stm32f1xx.o
 .debug_aranges
                0x00000170       0x28 ./Core/Startup/startup_stm32f103c8tx.o
 .debug_aranges
                0x00000198       0xe0 ./Drivers/STM32F1xx_HAL_Driver/Src/stm32f1xx_hal.o
 .debug_aranges
                0x00000278      0x100 ./Drivers/STM32F1xx_HAL_Driver/Src/stm32f1xx_hal_cortex.o
 .debug_aranges
                0x00000378       0x58 ./Drivers/STM32F1xx_HAL_Driver/Src/stm32f1xx_hal_gpio.o
 .debug_aranges
                0x000003d0       0x90 ./Drivers/STM32F1xx_HAL_Driver/Src/stm32f1xx_hal_rcc.o
 .debug_aranges
                0x00000460      0x3d0 ./Drivers/STM32F1xx_HAL_Driver/Src/stm32f1xx_hal_tim.o
 .debug_aranges
                0x00000830      0x168 ./Drivers/STM32F1xx_HAL_Driver/Src/stm32f1xx_hal_tim_ex.o
 .debug_aranges
                0x00000998      0x208 ./Drivers/STM32F1xx_HAL_Driver/Src/stm32f1xx_hal_uart.o
 .debug_aranges
                0x00000ba0       0x68 ./FreeRTOS/Source/event_groups.o
 .debug_aranges
                0x00000c08       0x40 ./FreeRTOS/Source/list.o
 .debug_aranges
                0x00000c48      0x100 ./FreeRTOS/Source/queue.o
 .debug_aranges
                0x00000d48      0x1c0 ./FreeRTOS/Source/tasks.o
 .debug_aranges
                0x00000f08       0xe8 ./FreeRTOS/Source/timers.o
 .debug_aranges
                0x00000ff0       0x78 ./FreeRTOS/Source/portable/GCC/ARM_CM3/port.o
 .debug_aranges
                0x00001068       0x60 ./FreeRTOS/Source/portable/MemMang/heap_4.o

.debug_rnglists
                0x00000000      0xd10
 .debug_rnglists
                0x00000000       0x56 ./Core/Src/main.o
 .debug_rnglists
                0x00000056       0x20 ./Core/Src/stm32f1xx_hal_msp.o
 .debug_rnglists
                0x00000076       0x20 ./Core/Src/stm32f1xx_hal_timebase_tim.o
 .debug_rnglists
                0x00000096       0x3d ./Core/Src/stm32f1xx_it.o
 .debug_rnglists
                0x000000d3       0x13 ./Core/Src/sysmem.o
 .debug_rnglists
                0x000000e6       0x1a ./Core/Src/system_stm32f1xx.o
 .debug_rnglists
                0x00000100       0x19 ./Core/Startup/startup_stm32f103c8tx.o
 .debug_rnglists
                0x00000119       0xa3 ./Drivers/STM32F1xx_HAL_Driver/Src/stm32f1xx_hal.o
 .debug_rnglists
                0x000001bc       0xbb ./Drivers/STM32F1xx_HAL_Driver/Src/stm32f1xx_hal_cortex.o
 .debug_rnglists
                0x00000277       0x3f ./Drivers/STM32F1xx_HAL_Driver/Src/stm32f1xx_hal_gpio.o
 .debug_rnglists
                0x000002b6       0x6c ./Drivers/STM32F1xx_HAL_Driver/Src/stm32f1xx_hal_rcc.o
 .debug_rnglists
                0x00000322      0x31a ./Drivers/STM32F1xx_HAL_Driver/Src/stm32f1xx_hal_tim.o
 .debug_rnglists
                0x0000063c      0x125 ./Drivers/STM32F1xx_HAL_Driver/Src/stm32f1xx_hal_tim_ex.o
 .debug_rnglists
                0x00000761      0x1bc ./Drivers/STM32F1xx_HAL_Driver/Src/stm32f1xx_hal_uart.o
 .debug_rnglists
                0x0000091d       0x4d ./FreeRTOS/Source/event_groups.o
 .debug_rnglists
                0x0000096a       0x2b ./FreeRTOS/Source/list.o
 .debug_rnglists
                0x00000995       0xc8 ./FreeRTOS/Source/queue.o
 .debug_rnglists
                0x00000a5d      0x167 ./FreeRTOS/Source/tasks.o
 .debug_rnglists
                0x00000bc4       0xad ./FreeRTOS/Source/timers.o
 .debug_rnglists
                0x00000c71       0x57 ./FreeRTOS/Source/portable/GCC/ARM_CM3/port.o
 .debug_rnglists
                0x00000cc8       0x48 ./FreeRTOS/Source/portable/MemMang/heap_4.o

.debug_macro    0x00000000    0x19756
 .debug_macro   0x00000000      0x366 ./Core/Src/main.o
 .debug_macro   0x00000366      0xacc ./Core/Src/main.o
 .debug_macro   0x00000e32      0x21b ./Core/Src/main.o
 .debug_macro   0x0000104d       0x2e ./Core/Src/main.o
 .debug_macro   0x0000107b       0x22 ./Core/Src/main.o
 .debug_macro   0x0000109d       0x22 ./Core/Src/main.o
 .debug_macro   0x000010bf       0x8e ./Core/Src/main.o
 .debug_macro   0x0000114d       0x51 ./Core/Src/main.o
 .debug_macro   0x0000119e      0x103 ./Core/Src/main.o
 .debug_macro   0x000012a1       0x6a ./Core/Src/main.o
 .debug_macro   0x0000130b      0x1df ./Core/Src/main.o
 .debug_macro   0x000014ea       0x1c ./Core/Src/main.o
 .debug_macro   0x00001506       0x22 ./Core/Src/main.o
 .debug_macro   0x00001528       0xbd ./Core/Src/main.o
 .debug_macro   0x000015e5      0xd23 ./Core/Src/main.o
 .debug_macro   0x00002308     0xe09e ./Core/Src/main.o
 .debug_macro   0x000103a6       0x6d ./Core/Src/main.o
 .debug_macro   0x00010413     0x34a2 ./Core/Src/main.o
 .debug_macro   0x000138b5      0x190 ./Core/Src/main.o
 .debug_macro   0x00013a45       0x5c ./Core/Src/main.o
 .debug_macro   0x00013aa1      0x5bc ./Core/Src/main.o
 .debug_macro   0x0001405d      0x289 ./Core/Src/main.o
 .debug_macro   0x000142e6      0x1cb ./Core/Src/main.o
 .debug_macro   0x000144b1      0x114 ./Core/Src/main.o
 .debug_macro   0x000145c5      0x1b2 ./Core/Src/main.o
 .debug_macro   0x00014777       0x27 ./Core/Src/main.o
 .debug_macro   0x0001479e      0x136 ./Core/Src/main.o
 .debug_macro   0x000148d4      0x1bc ./Core/Src/main.o
 .debug_macro   0x00014a90       0x34 ./Core/Src/main.o
 .debug_macro   0x00014ac4       0x3c ./Core/Src/main.o
 .debug_macro   0x00014b00       0x57 ./Core/Src/main.o
 .debug_macro   0x00014b57       0x87 ./Core/Src/main.o
 .debug_macro   0x00014bde      0x240 ./Core/Src/main.o
 .debug_macro   0x00014e1e      0x140 ./Core/Src/main.o
 .debug_macro   0x00014f5e      0x8ed ./Core/Src/main.o
 .debug_macro   0x0001584b      0x28e ./Core/Src/main.o
 .debug_macro   0x00015ad9       0x83 ./Core/Src/main.o
 .debug_macro   0x00015b5c      0x112 ./Core/Src/main.o
 .debug_macro   0x00015c6e      0x15a ./Core/Src/main.o
 .debug_macro   0x00015dc8       0xe4 ./Core/Src/main.o
 .debug_macro   0x00015eac       0x28 ./Core/Src/main.o
 .debug_macro   0x00015ed4       0x1f ./Core/Src/main.o
 .debug_macro   0x00015ef3       0x12 ./Core/Src/main.o
 .debug_macro   0x00015f05      0x51f ./Core/Src/main.o
 .debug_macro   0x00016424       0xc3 ./Core/Src/main.o
 .debug_macro   0x000164e7      0x120 ./Core/Src/main.o
 .debug_macro   0x00016607       0x80 ./Core/Src/main.o
 .debug_macro   0x00016687       0x62 ./Core/Src/main.o
 .debug_macro   0x000166e9       0x97 ./Core/Src/main.o
 .debug_macro   0x00016780       0x19 ./Core/Src/main.o
 .debug_macro   0x00016799       0x61 ./Core/Src/main.o
 .debug_macro   0x000167fa       0x24 ./Core/Src/main.o
 .debug_macro   0x0001681e       0x43 ./Core/Src/main.o
 .debug_macro   0x00016861       0x34 ./Core/Src/main.o
 .debug_macro   0x00016895       0x16 ./Core/Src/main.o
 .debug_macro   0x000168ab       0x3c ./Core/Src/main.o
 .debug_macro   0x000168e7      0x370 ./Core/Src/main.o
 .debug_macro   0x00016c57       0x10 ./Core/Src/main.o
 .debug_macro   0x00016c67       0x16 ./Core/Src/main.o
 .debug_macro   0x00016c7d       0x4a ./Core/Src/main.o
 .debug_macro   0x00016cc7       0x34 ./Core/Src/main.o
 .debug_macro   0x00016cfb       0x10 ./Core/Src/main.o
 .debug_macro   0x00016d0b       0x58 ./Core/Src/main.o
 .debug_macro   0x00016d63       0x8e ./Core/Src/main.o
 .debug_macro   0x00016df1       0x1c ./Core/Src/main.o
 .debug_macro   0x00016e0d      0x185 ./Core/Src/main.o
 .debug_macro   0x00016f92       0x16 ./Core/Src/main.o
 .debug_macro   0x00016fa8       0x16 ./Core/Src/main.o
 .debug_macro   0x00016fbe      0x146 ./Core/Src/main.o
 .debug_macro   0x00017104       0x16 ./Core/Src/main.o
 .debug_macro   0x0001711a       0x20 ./Core/Src/main.o
 .debug_macro   0x0001713a      0x1ad ./Core/Src/stm32f1xx_hal_msp.o
 .debug_macro   0x000172e7      0x1a3 ./Core/Src/stm32f1xx_hal_timebase_tim.o
 .debug_macro   0x0001748a      0x1b7 ./Core/Src/stm32f1xx_it.o
 .debug_macro   0x00017641      0x112 ./Core/Src/sysmem.o
 .debug_macro   0x00017753      0x23c ./Core/Src/sysmem.o
 .debug_macro   0x0001798f      0x1a3 ./Core/Src/system_stm32f1xx.o
 .debug_macro   0x00017b32      0x1c7 ./Drivers/STM32F1xx_HAL_Driver/Src/stm32f1xx_hal.o
 .debug_macro   0x00017cf9      0x1a3 ./Drivers/STM32F1xx_HAL_Driver/Src/stm32f1xx_hal_cortex.o
 .debug_macro   0x00017e9c      0x20e ./Drivers/STM32F1xx_HAL_Driver/Src/stm32f1xx_hal_gpio.o
 .debug_macro   0x000180aa      0x1b5 ./Drivers/STM32F1xx_HAL_Driver/Src/stm32f1xx_hal_rcc.o
 .debug_macro   0x0001825f      0x1a4 ./Drivers/STM32F1xx_HAL_Driver/Src/stm32f1xx_hal_tim.o
 .debug_macro   0x00018403      0x1a3 ./Drivers/STM32F1xx_HAL_Driver/Src/stm32f1xx_hal_tim_ex.o
 .debug_macro   0x000185a6      0x1a4 ./Drivers/STM32F1xx_HAL_Driver/Src/stm32f1xx_hal_uart.o
 .debug_macro   0x0001874a      0x1e5 ./FreeRTOS/Source/event_groups.o
 .debug_macro   0x0001892f      0x11c ./FreeRTOS/Source/event_groups.o
 .debug_macro   0x00018a4b       0x9b ./FreeRTOS/Source/event_groups.o
 .debug_macro   0x00018ae6       0x91 ./FreeRTOS/Source/event_groups.o
 .debug_macro   0x00018b77      0x198 ./FreeRTOS/Source/list.o
 .debug_macro   0x00018d0f      0x22f ./FreeRTOS/Source/queue.o
 .debug_macro   0x00018f3e      0x27e ./FreeRTOS/Source/tasks.o
 .debug_macro   0x000191bc       0x17 ./FreeRTOS/Source/tasks.o
 .debug_macro   0x000191d3      0x1e7 ./FreeRTOS/Source/timers.o
 .debug_macro   0x000193ba      0x183 ./FreeRTOS/Source/portable/GCC/ARM_CM3/port.o
 .debug_macro   0x0001953d      0x219 ./FreeRTOS/Source/portable/MemMang/heap_4.o

.debug_line     0x00000000    0x13863
 .debug_line    0x00000000      0xd5b ./Core/Src/main.o
 .debug_line    0x00000d5b      0x74c ./Core/Src/stm32f1xx_hal_msp.o
 .debug_line    0x000014a7      0x765 ./Core/Src/stm32f1xx_hal_timebase_tim.o
 .debug_line    0x00001c0c      0x799 ./Core/Src/stm32f1xx_it.o
 .debug_line    0x000023a5      0x67b ./Core/Src/sysmem.o
 .debug_line    0x00002a20      0x777 ./Core/Src/system_stm32f1xx.o
 .debug_line    0x00003197       0x78 ./Core/Startup/startup_stm32f103c8tx.o
 .debug_line    0x0000320f      0x9a8 ./Drivers/STM32F1xx_HAL_Driver/Src/stm32f1xx_hal.o
 .debug_line    0x00003bb7      0xb72 ./Drivers/STM32F1xx_HAL_Driver/Src/stm32f1xx_hal_cortex.o
 .debug_line    0x00004729      0xa05 ./Drivers/STM32F1xx_HAL_Driver/Src/stm32f1xx_hal_gpio.o
 .debug_line    0x0000512e      0xe61 ./Drivers/STM32F1xx_HAL_Driver/Src/stm32f1xx_hal_rcc.o
 .debug_line    0x00005f8f     0x3496 ./Drivers/STM32F1xx_HAL_Driver/Src/stm32f1xx_hal_tim.o
 .debug_line    0x00009425     0x186c ./Drivers/STM32F1xx_HAL_Driver/Src/stm32f1xx_hal_tim_ex.o
 .debug_line    0x0000ac91     0x24c4 ./Drivers/STM32F1xx_HAL_Driver/Src/stm32f1xx_hal_uart.o
 .debug_line    0x0000d155      0xbba ./FreeRTOS/Source/event_groups.o
 .debug_line    0x0000dd0f      0x8ae ./FreeRTOS/Source/list.o
 .debug_line    0x0000e5bd     0x163b ./FreeRTOS/Source/queue.o
 .debug_line    0x0000fbf8     0x1b08 ./FreeRTOS/Source/tasks.o
 .debug_line    0x00011700      0xe20 ./FreeRTOS/Source/timers.o
 .debug_line    0x00012520      0x826 ./FreeRTOS/Source/portable/GCC/ARM_CM3/port.o
 .debug_line    0x00012d46      0xb1d ./FreeRTOS/Source/portable/MemMang/heap_4.o

.debug_str      0x00000000    0x93f23
 .debug_str     0x00000000    0x93f23 ./Core/Src/main.o
                              0x8e5af (size before relaxing)
 .debug_str     0x00093f23    0x83bec ./Core/Src/stm32f1xx_hal_msp.o
 .debug_str     0x00093f23    0x8404a ./Core/Src/stm32f1xx_hal_timebase_tim.o
 .debug_str     0x00093f23    0x83c77 ./Core/Src/stm32f1xx_it.o
 .debug_str     0x00093f23     0x7719 ./Core/Src/sysmem.o
 .debug_str     0x00093f23    0x83792 ./Core/Src/system_stm32f1xx.o
 .debug_str     0x00093f23       0x73 ./Core/Startup/startup_stm32f103c8tx.o
 .debug_str     0x00093f23    0x83ec5 ./Drivers/STM32F1xx_HAL_Driver/Src/stm32f1xx_hal.o
 .debug_str     0x00093f23    0x83e11 ./Drivers/STM32F1xx_HAL_Driver/Src/stm32f1xx_hal_cortex.o
 .debug_str     0x00093f23    0x83b18 ./Drivers/STM32F1xx_HAL_Driver/Src/stm32f1xx_hal_gpio.o
 .debug_str     0x00093f23    0x83bc1 ./Drivers/STM32F1xx_HAL_Driver/Src/stm32f1xx_hal_rcc.o
 .debug_str     0x00093f23    0x84bc3 ./Drivers/STM32F1xx_HAL_Driver/Src/stm32f1xx_hal_tim.o
 .debug_str     0x00093f23    0x843cf ./Drivers/STM32F1xx_HAL_Driver/Src/stm32f1xx_hal_tim_ex.o
 .debug_str     0x00093f23    0x84232 ./Drivers/STM32F1xx_HAL_Driver/Src/stm32f1xx_hal_uart.o
 .debug_str     0x00093f23     0xd20c ./FreeRTOS/Source/event_groups.o
 .debug_str     0x00093f23     0xb202 ./FreeRTOS/Source/list.o
 .debug_str     0x00093f23     0xd821 ./FreeRTOS/Source/queue.o
 .debug_str     0x00093f23     0xe0e6 ./FreeRTOS/Source/tasks.o
 .debug_str     0x00093f23     0xdb02 ./FreeRTOS/Source/timers.o
 .debug_str     0x00093f23     0x98a7 ./FreeRTOS/Source/portable/GCC/ARM_CM3/port.o
 .debug_str     0x00093f23     0xca2c ./FreeRTOS/Source/portable/MemMang/heap_4.o

.comment        0x00000000       0x43
 .comment       0x00000000       0x43 ./Core/Src/main.o
                                 0x44 (size before relaxing)
 .comment       0x00000043       0x44 ./Core/Src/stm32f1xx_hal_msp.o
 .comment       0x00000043       0x44 ./Core/Src/stm32f1xx_hal_timebase_tim.o
 .comment       0x00000043       0x44 ./Core/Src/stm32f1xx_it.o
 .comment       0x00000043       0x44 ./Core/Src/sysmem.o
 .comment       0x00000043       0x44 ./Core/Src/system_stm32f1xx.o
 .comment       0x00000043       0x44 ./Drivers/STM32F1xx_HAL_Driver/Src/stm32f1xx_hal.o
 .comment       0x00000043       0x44 ./Drivers/STM32F1xx_HAL_Driver/Src/stm32f1xx_hal_cortex.o
 .comment       0x00000043       0x44 ./Drivers/STM32F1xx_HAL_Driver/Src/stm32f1xx_hal_gpio.o
 .comment       0x00000043       0x44 ./Drivers/STM32F1xx_HAL_Driver/Src/stm32f1xx_hal_rcc.o
 .comment       0x00000043       0x44 ./Drivers/STM32F1xx_HAL_Driver/Src/stm32f1xx_hal_tim.o
 .comment       0x00000043       0x44 ./Drivers/STM32F1xx_HAL_Driver/Src/stm32f1xx_hal_tim_ex.o
 .comment       0x00000043       0x44 ./Drivers/STM32F1xx_HAL_Driver/Src/stm32f1xx_hal_uart.o
 .comment       0x00000043       0x44 ./FreeRTOS/Source/event_groups.o
 .comment       0x00000043       0x44 ./FreeRTOS/Source/list.o
 .comment       0x00000043       0x44 ./FreeRTOS/Source/queue.o
 .comment       0x00000043       0x44 ./FreeRTOS/Source/tasks.o
 .comment       0x00000043       0x44 ./FreeRTOS/Source/timers.o
 .comment       0x00000043       0x44 ./FreeRTOS/Source/portable/GCC/ARM_CM3/port.o
 .comment       0x00000043       0x44 ./FreeRTOS/Source/portable/MemMang/heap_4.o

.debug_frame    0x00000000     0x4a68
 .debug_frame   0x00000000      0x174 ./Core/Src/main.o
 .debug_frame   0x00000174       0x80 ./Core/Src/stm32f1xx_hal_msp.o
 .debug_frame   0x000001f4       0x74 ./Core/Src/stm32f1xx_hal_timebase_tim.o
 .debug_frame   0x00000268       0xe0 ./Core/Src/stm32f1xx_it.o
 .debug_frame   0x00000348       0x34 ./Core/Src/sysmem.o
 .debug_frame   0x0000037c       0x58 ./Core/Src/system_stm32f1xx.o
 .debug_frame   0x000003d4      0x334 ./Drivers/STM32F1xx_HAL_Driver/Src/stm32f1xx_hal.o
 .debug_frame   0x00000708      0x428 ./Drivers/STM32F1xx_HAL_Driver/Src/stm32f1xx_hal_cortex.o
 .debug_frame   0x00000b30      0x14c ./Drivers/STM32F1xx_HAL_Driver/Src/stm32f1xx_hal_gpio.o
 .debug_frame   0x00000c7c      0x218 ./Drivers/STM32F1xx_HAL_Driver/Src/stm32f1xx_hal_rcc.o
 .debug_frame   0x00000e94     0x11b8 ./Drivers/STM32F1xx_HAL_Driver/Src/stm32f1xx_hal_tim.o
 .debug_frame   0x0000204c      0x638 ./Drivers/STM32F1xx_HAL_Driver/Src/stm32f1xx_hal_tim_ex.o
 .debug_frame   0x00002684      0x944 ./Drivers/STM32F1xx_HAL_Driver/Src/stm32f1xx_hal_uart.o
 .debug_frame   0x00002fc8      0x180 ./FreeRTOS/Source/event_groups.o
 .debug_frame   0x00003148       0xd8 ./FreeRTOS/Source/list.o
 .debug_frame   0x00003220      0x444 ./FreeRTOS/Source/queue.o
 .debug_frame   0x00003664      0x7a0 ./FreeRTOS/Source/tasks.o
 .debug_frame   0x00003e04      0x3c0 ./FreeRTOS/Source/timers.o
 .debug_frame   0x000041c4      0x198 ./FreeRTOS/Source/portable/GCC/ARM_CM3/port.o
 .debug_frame   0x0000435c      0x150 ./FreeRTOS/Source/portable/MemMang/heap_4.o
 .debug_frame   0x000044ac      0x144 D:/Program Files/STM32CubeIDE_1.19.0/STM32CubeIDE/plugins/com.st.stm32cube.ide.mcu.externaltools.gnu-tools-for-stm32.13.3.rel1.win32_1.0.0.202411081344/tools/bin/../lib/gcc/arm-none-eabi/13.3.1/../../../../arm-none-eabi/lib/thumb/v7-m/nofp\libc_nano.a(libc_a-findfp.o)
 .debug_frame   0x000045f0       0x7c D:/Program Files/STM32CubeIDE_1.19.0/STM32CubeIDE/plugins/com.st.stm32cube.ide.mcu.externaltools.gnu-tools-for-stm32.13.3.rel1.win32_1.0.0.202411081344/tools/bin/../lib/gcc/arm-none-eabi/13.3.1/../../../../arm-none-eabi/lib/thumb/v7-m/nofp\libc_nano.a(libc_a-snprintf.o)
 .debug_frame   0x0000466c       0x20 D:/Program Files/STM32CubeIDE_1.19.0/STM32CubeIDE/plugins/com.st.stm32cube.ide.mcu.externaltools.gnu-tools-for-stm32.13.3.rel1.win32_1.0.0.202411081344/tools/bin/../lib/gcc/arm-none-eabi/13.3.1/../../../../arm-none-eabi/lib/thumb/v7-m/nofp\libc_nano.a(libc_a-memset.o)
 .debug_frame   0x0000468c       0x38 D:/Program Files/STM32CubeIDE_1.19.0/STM32CubeIDE/plugins/com.st.stm32cube.ide.mcu.externaltools.gnu-tools-for-stm32.13.3.rel1.win32_1.0.0.202411081344/tools/bin/../lib/gcc/arm-none-eabi/13.3.1/../../../../arm-none-eabi/lib/thumb/v7-m/nofp\libc_nano.a(libc_a-reent.o)
 .debug_frame   0x000046c4       0x20 D:/Program Files/STM32CubeIDE_1.19.0/STM32CubeIDE/plugins/com.st.stm32cube.ide.mcu.externaltools.gnu-tools-for-stm32.13.3.rel1.win32_1.0.0.202411081344/tools/bin/../lib/gcc/arm-none-eabi/13.3.1/../../../../arm-none-eabi/lib/thumb/v7-m/nofp\libc_nano.a(libc_a-errno.o)
 .debug_frame   0x000046e4       0x2c D:/Program Files/STM32CubeIDE_1.19.0/STM32CubeIDE/plugins/com.st.stm32cube.ide.mcu.externaltools.gnu-tools-for-stm32.13.3.rel1.win32_1.0.0.202411081344/tools/bin/../lib/gcc/arm-none-eabi/13.3.1/../../../../arm-none-eabi/lib/thumb/v7-m/nofp\libc_nano.a(libc_a-init.o)
 .debug_frame   0x00004710       0xb0 D:/Program Files/STM32CubeIDE_1.19.0/STM32CubeIDE/plugins/com.st.stm32cube.ide.mcu.externaltools.gnu-tools-for-stm32.13.3.rel1.win32_1.0.0.202411081344/tools/bin/../lib/gcc/arm-none-eabi/13.3.1/../../../../arm-none-eabi/lib/thumb/v7-m/nofp\libc_nano.a(libc_a-lock.o)
 .debug_frame   0x000047c0       0x28 D:/Program Files/STM32CubeIDE_1.19.0/STM32CubeIDE/plugins/com.st.stm32cube.ide.mcu.externaltools.gnu-tools-for-stm32.13.3.rel1.win32_1.0.0.202411081344/tools/bin/../lib/gcc/arm-none-eabi/13.3.1/../../../../arm-none-eabi/lib/thumb/v7-m/nofp\libc_nano.a(libc_a-memcpy-stub.o)
 .debug_frame   0x000047e8       0x38 D:/Program Files/STM32CubeIDE_1.19.0/STM32CubeIDE/plugins/com.st.stm32cube.ide.mcu.externaltools.gnu-tools-for-stm32.13.3.rel1.win32_1.0.0.202411081344/tools/bin/../lib/gcc/arm-none-eabi/13.3.1/../../../../arm-none-eabi/lib/thumb/v7-m/nofp\libc_nano.a(libc_a-freer.o)
 .debug_frame   0x00004820       0x50 D:/Program Files/STM32CubeIDE_1.19.0/STM32CubeIDE/plugins/com.st.stm32cube.ide.mcu.externaltools.gnu-tools-for-stm32.13.3.rel1.win32_1.0.0.202411081344/tools/bin/../lib/gcc/arm-none-eabi/13.3.1/../../../../arm-none-eabi/lib/thumb/v7-m/nofp\libc_nano.a(libc_a-mallocr.o)
 .debug_frame   0x00004870       0x30 D:/Program Files/STM32CubeIDE_1.19.0/STM32CubeIDE/plugins/com.st.stm32cube.ide.mcu.externaltools.gnu-tools-for-stm32.13.3.rel1.win32_1.0.0.202411081344/tools/bin/../lib/gcc/arm-none-eabi/13.3.1/../../../../arm-none-eabi/lib/thumb/v7-m/nofp\libc_nano.a(libc_a-mlock.o)
 .debug_frame   0x000048a0       0x90 D:/Program Files/STM32CubeIDE_1.19.0/STM32CubeIDE/plugins/com.st.stm32cube.ide.mcu.externaltools.gnu-tools-for-stm32.13.3.rel1.win32_1.0.0.202411081344/tools/bin/../lib/gcc/arm-none-eabi/13.3.1/../../../../arm-none-eabi/lib/thumb/v7-m/nofp\libc_nano.a(libc_a-nano-svfprintf.o)
 .debug_frame   0x00004930       0x60 D:/Program Files/STM32CubeIDE_1.19.0/STM32CubeIDE/plugins/com.st.stm32cube.ide.mcu.externaltools.gnu-tools-for-stm32.13.3.rel1.win32_1.0.0.202411081344/tools/bin/../lib/gcc/arm-none-eabi/13.3.1/../../../../arm-none-eabi/lib/thumb/v7-m/nofp\libc_nano.a(libc_a-nano-vfprintf_i.o)
 .debug_frame   0x00004990       0x28 D:/Program Files/STM32CubeIDE_1.19.0/STM32CubeIDE/plugins/com.st.stm32cube.ide.mcu.externaltools.gnu-tools-for-stm32.13.3.rel1.win32_1.0.0.202411081344/tools/bin/../lib/gcc/arm-none-eabi/13.3.1/../../../../arm-none-eabi/lib/thumb/v7-m/nofp\libc_nano.a(libc_a-memmove.o)
 .debug_frame   0x000049b8       0x2c D:/Program Files/STM32CubeIDE_1.19.0/STM32CubeIDE/plugins/com.st.stm32cube.ide.mcu.externaltools.gnu-tools-for-stm32.13.3.rel1.win32_1.0.0.202411081344/tools/bin/../lib/gcc/arm-none-eabi/13.3.1/../../../../arm-none-eabi/lib/thumb/v7-m/nofp\libc_nano.a(libc_a-sbrkr.o)
 .debug_frame   0x000049e4       0x28 D:/Program Files/STM32CubeIDE_1.19.0/STM32CubeIDE/plugins/com.st.stm32cube.ide.mcu.externaltools.gnu-tools-for-stm32.13.3.rel1.win32_1.0.0.202411081344/tools/bin/../lib/gcc/arm-none-eabi/13.3.1/../../../../arm-none-eabi/lib/thumb/v7-m/nofp\libc_nano.a(libc_a-memchr-stub.o)
 .debug_frame   0x00004a0c       0x3c D:/Program Files/STM32CubeIDE_1.19.0/STM32CubeIDE/plugins/com.st.stm32cube.ide.mcu.externaltools.gnu-tools-for-stm32.13.3.rel1.win32_1.0.0.202411081344/tools/bin/../lib/gcc/arm-none-eabi/13.3.1/../../../../arm-none-eabi/lib/thumb/v7-m/nofp\libc_nano.a(libc_a-reallocr.o)
 .debug_frame   0x00004a48       0x20 D:/Program Files/STM32CubeIDE_1.19.0/STM32CubeIDE/plugins/com.st.stm32cube.ide.mcu.externaltools.gnu-tools-for-stm32.13.3.rel1.win32_1.0.0.202411081344/tools/bin/../lib/gcc/arm-none-eabi/13.3.1/../../../../arm-none-eabi/lib/thumb/v7-m/nofp\libc_nano.a(libc_a-msizer.o)

.debug_line_str
                0x00000000       0x57
 .debug_line_str
                0x00000000       0x57 ./Core/Startup/startup_stm32f103c8tx.o
