../Core/Src/main.c:116:5:main	16	static
../Core/Src/main.c:178:6:SystemClock_Config	72	static
../Core/Src/main.c:218:13:MX_USART1_UART_Init	8	static
../Core/Src/main.c:251:13:MX_GPIO_Init	32	static
../Core/Src/main.c:280:6:HAL_GPIO_EXTI_Callback	24	static,ignoring_inline_asm
../Core/Src/main.c:298:6:CalcSwitch1	40	static
../Core/Src/main.c:314:6:IncreaseVar	32	static
../Core/Src/main.c:336:6:DecreaseVar	32	static
../Core/Src/main.c:358:6:UART	32	static
../Core/Src/main.c:392:6:HAL_TIM_PeriodElapsedCallback	16	static
../Core/Src/main.c:410:6:Error_Handler	4	static,ignoring_inline_asm
