13:04:02 **** Clean-only build of configuration Debug for project RTOSV ****
make -j8 clean 
rm -rf ./FreeRTOS/Source/portable/MemMang/heap_4.cyclo ./FreeRTOS/Source/portable/MemMang/heap_4.d ./FreeRTOS/Source/portable/MemMang/heap_4.o ./FreeRTOS/Source/portable/MemMang/heap_4.su
rm -rf ./FreeRTOS/Source/portable/GCC/ARM_CM3/port.cyclo ./FreeRTOS/Source/portable/GCC/ARM_CM3/port.d ./FreeRTOS/Source/portable/GCC/ARM_CM3/port.o ./FreeRTOS/Source/portable/GCC/ARM_CM3/port.su
rm -rf ./FreeRTOS/Source/croutine.cyclo ./FreeRTOS/Source/croutine.d ./FreeRTOS/Source/croutine.o ./FreeRTOS/Source/croutine.su ./FreeRTOS/Source/event_groups.cyclo ./FreeRTOS/Source/event_groups.d ./FreeRTOS/Source/event_groups.o ./FreeRTOS/Source/event_groups.su ./FreeRTOS/Source/list.cyclo ./FreeRTOS/Source/list.d ./FreeRTOS/Source/list.o ./FreeRTOS/Source/list.su ./FreeRTOS/Source/queue.cyclo ./FreeRTOS/Source/queue.d ./FreeRTOS/Source/queue.o ./FreeRTOS/Source/queue.su ./FreeRTOS/Source/stream_buffer.cyclo ./FreeRTOS/Source/stream_buffer.d ./FreeRTOS/Source/stream_buffer.o ./FreeRTOS/Source/stream_buffer.su ./FreeRTOS/Source/tasks.cyclo ./FreeRTOS/Source/tasks.d ./FreeRTOS/Source/tasks.o ./FreeRTOS/Source/tasks.su ./FreeRTOS/Source/timers.cyclo ./FreeRTOS/Source/timers.d ./FreeRTOS/Source/timers.o ./FreeRTOS/Source/timers.su
rm -rf ./Drivers/STM32F1xx_HAL_Driver/Src/stm32f1xx_hal.cyclo ./Drivers/STM32F1xx_HAL_Driver/Src/stm32f1xx_hal.d ./Drivers/STM32F1xx_HAL_Driver/Src/stm32f1xx_hal.o ./Drivers/STM32F1xx_HAL_Driver/Src/stm32f1xx_hal.su ./Drivers/STM32F1xx_HAL_Driver/Src/stm32f1xx_hal_cortex.cyclo ./Drivers/STM32F1xx_HAL_Driver/Src/stm32f1xx_hal_cortex.d ./Drivers/STM32F1xx_HAL_Driver/Src/stm32f1xx_hal_cortex.o ./Drivers/STM32F1xx_HAL_Driver/Src/stm32f1xx_hal_cortex.su ./Drivers/STM32F1xx_HAL_Driver/Src/stm32f1xx_hal_dma.cyclo ./Drivers/STM32F1xx_HAL_Driver/Src/stm32f1xx_hal_dma.d ./Drivers/STM32F1xx_HAL_Driver/Src/stm32f1xx_hal_dma.o ./Drivers/STM32F1xx_HAL_Driver/Src/stm32f1xx_hal_dma.su ./Drivers/STM32F1xx_HAL_Driver/Src/stm32f1xx_hal_exti.cyclo ./Drivers/STM32F1xx_HAL_Driver/Src/stm32f1xx_hal_exti.d ./Drivers/STM32F1xx_HAL_Driver/Src/stm32f1xx_hal_exti.o ./Drivers/STM32F1xx_HAL_Driver/Src/stm32f1xx_hal_exti.su ./Drivers/STM32F1xx_HAL_Driver/Src/stm32f1xx_hal_flash.cyclo ./Drivers/STM32F1xx_HAL_Driver/Src/stm32f1xx_hal_flash.d ./Drivers/STM32F1xx_HAL_Driver/Src/stm32f1xx_hal_flash.o ./Drivers/STM32F1xx_HAL_Driver/Src/stm32f1xx_hal_flash.su ./Drivers/STM32F1xx_HAL_Driver/Src/stm32f1xx_hal_flash_ex.cyclo ./Drivers/STM32F1xx_HAL_Driver/Src/stm32f1xx_hal_flash_ex.d ./Drivers/STM32F1xx_HAL_Driver/Src/stm32f1xx_hal_flash_ex.o ./Drivers/STM32F1xx_HAL_Driver/Src/stm32f1xx_hal_flash_ex.su ./Drivers/STM32F1xx_HAL_Driver/Src/stm32f1xx_hal_gpio.cyclo ./Drivers/STM32F1xx_HAL_Driver/Src/stm32f1xx_hal_gpio.d ./Drivers/STM32F1xx_HAL_Driver/Src/stm32f1xx_hal_gpio.o ./Drivers/STM32F1xx_HAL_Driver/Src/stm32f1xx_hal_gpio.su ./Drivers/STM32F1xx_HAL_Driver/Src/stm32f1xx_hal_gpio_ex.cyclo ./Drivers/STM32F1xx_HAL_Driver/Src/stm32f1xx_hal_gpio_ex.d ./Drivers/STM32F1xx_HAL_Driver/Src/stm32f1xx_hal_gpio_ex.o ./Drivers/STM32F1xx_HAL_Driver/Src/stm32f1xx_hal_gpio_ex.su ./Drivers/STM32F1xx_HAL_Driver/Src/stm32f1xx_hal_pwr.cyclo ./Drivers/STM32F1xx_HAL_Driver/Src/stm32f1xx_hal_pwr.d ./Drivers/STM32F1xx_HAL_Driver/Src/stm32f1xx_hal_pwr.o ./Drivers/STM32F1xx_HAL_Driver/Src/stm32f1xx_hal_pwr.su ./Drivers/STM32F1xx_HAL_Driver/Src/stm32f1xx_hal_rcc.cyclo ./Drivers/STM32F1xx_HAL_Driver/Src/stm32f1xx_hal_rcc.d ./Drivers/STM32F1xx_HAL_Driver/Src/stm32f1xx_hal_rcc.o ./Drivers/STM32F1xx_HAL_Driver/Src/stm32f1xx_hal_rcc.su ./Drivers/STM32F1xx_HAL_Driver/Src/stm32f1xx_hal_rcc_ex.cyclo ./Drivers/STM32F1xx_HAL_Driver/Src/stm32f1xx_hal_rcc_ex.d ./Drivers/STM32F1xx_HAL_Driver/Src/stm32f1xx_hal_rcc_ex.o ./Drivers/STM32F1xx_HAL_Driver/Src/stm32f1xx_hal_rcc_ex.su ./Drivers/STM32F1xx_HAL_Driver/Src/stm32f1xx_hal_tim.cyclo ./Drivers/STM32F1xx_HAL_Driver/Src/stm32f1xx_hal_tim.d ./Drivers/STM32F1xx_HAL_Driver/Src/stm32f1xx_hal_tim.o ./Drivers/STM32F1xx_HAL_Driver/Src/stm32f1xx_hal_tim.su ./Drivers/STM32F1xx_HAL_Driver/Src/stm32f1xx_hal_tim_ex.cyclo ./Drivers/STM32F1xx_HAL_Driver/Src/stm32f1xx_hal_tim_ex.d ./Drivers/STM32F1xx_HAL_Driver/Src/stm32f1xx_hal_tim_ex.o ./Drivers/STM32F1xx_HAL_Driver/Src/stm32f1xx_hal_tim_ex.su ./Drivers/STM32F1xx_HAL_Driver/Src/stm32f1xx_hal_uart.cyclo ./Drivers/STM32F1xx_HAL_Driver/Src/stm32f1xx_hal_uart.d ./Drivers/STM32F1xx_HAL_Driver/Src/stm32f1xx_hal_uart.o ./Drivers/STM32F1xx_HAL_Driver/Src/stm32f1xx_hal_uart.su
rm -rf ./Core/Startup/startup_stm32f103c8tx.d ./Core/Startup/startup_stm32f103c8tx.o
rm -rf ./Core/Src/main.cyclo ./Core/Src/main.d ./Core/Src/main.o ./Core/Src/main.su ./Core/Src/stm32f1xx_hal_msp.cyclo ./Core/Src/stm32f1xx_hal_msp.d ./Core/Src/stm32f1xx_hal_msp.o ./Core/Src/stm32f1xx_hal_msp.su ./Core/Src/stm32f1xx_hal_timebase_tim.cyclo ./Core/Src/stm32f1xx_hal_timebase_tim.d ./Core/Src/stm32f1xx_hal_timebase_tim.o ./Core/Src/stm32f1xx_hal_timebase_tim.su ./Core/Src/stm32f1xx_it.cyclo ./Core/Src/stm32f1xx_it.d ./Core/Src/stm32f1xx_it.o ./Core/Src/stm32f1xx_it.su ./Core/Src/syscalls.cyclo ./Core/Src/syscalls.d ./Core/Src/syscalls.o ./Core/Src/syscalls.su ./Core/Src/sysmem.cyclo ./Core/Src/sysmem.d ./Core/Src/sysmem.o ./Core/Src/sysmem.su ./Core/Src/system_stm32f1xx.cyclo ./Core/Src/system_stm32f1xx.d ./Core/Src/system_stm32f1xx.o ./Core/Src/system_stm32f1xx.su
rm -rf RTOSV.elf RTOSV.list RTOSV.map default.size.stdout
 
13:04:04 **** Build of configuration Debug for project RTOSV ****
make -j8 all 
arm-none-eabi-gcc "../FreeRTOS/Source/portable/MemMang/heap_4.c" -mcpu=cortex-m3 -std=gnu11 -g3 -DDEBUG -DUSE_HAL_DRIVER -DSTM32F103xB -c -I../Core/Inc -I../Drivers/STM32F1xx_HAL_Driver/Inc/Legacy -I../Drivers/STM32F1xx_HAL_Driver/Inc -I../Drivers/CMSIS/Device/ST/STM32F1xx/Include -I../Drivers/CMSIS/Include -I"D:/Racing team/Tasks/ASURT RTOS V2/RTOSV/FreeRTOS/Source/include" -I"D:/Racing team/Tasks/ASURT RTOS V2/RTOSV/FreeRTOS/Source/portable/GCC/ARM_CM3" -I"D:/Racing team/Tasks/ASURT RTOS V2/RTOSV/FreeRTOS/Source/portable/MemMang" -I"D:/Racing team/Tasks/ASURT RTOS V2/RTOSV/FreeRTOS" -O0 -ffunction-sections -fdata-sections -Wall -fstack-usage -fcyclomatic-complexity -MMD -MP -MF"FreeRTOS/Source/portable/MemMang/heap_4.d" -MT"FreeRTOS/Source/portable/MemMang/heap_4.o" --specs=nano.specs -mfloat-abi=soft -mthumb -o "FreeRTOS/Source/portable/MemMang/heap_4.o"
arm-none-eabi-gcc "../FreeRTOS/Source/portable/GCC/ARM_CM3/port.c" -mcpu=cortex-m3 -std=gnu11 -g3 -DDEBUG -DUSE_HAL_DRIVER -DSTM32F103xB -c -I../Core/Inc -I../Drivers/STM32F1xx_HAL_Driver/Inc/Legacy -I../Drivers/STM32F1xx_HAL_Driver/Inc -I../Drivers/CMSIS/Device/ST/STM32F1xx/Include -I../Drivers/CMSIS/Include -I"D:/Racing team/Tasks/ASURT RTOS V2/RTOSV/FreeRTOS/Source/include" -I"D:/Racing team/Tasks/ASURT RTOS V2/RTOSV/FreeRTOS/Source/portable/GCC/ARM_CM3" -I"D:/Racing team/Tasks/ASURT RTOS V2/RTOSV/FreeRTOS/Source/portable/MemMang" -I"D:/Racing team/Tasks/ASURT RTOS V2/RTOSV/FreeRTOS" -O0 -ffunction-sections -fdata-sections -Wall -fstack-usage -fcyclomatic-complexity -MMD -MP -MF"FreeRTOS/Source/portable/GCC/ARM_CM3/port.d" -MT"FreeRTOS/Source/portable/GCC/ARM_CM3/port.o" --specs=nano.specs -mfloat-abi=soft -mthumb -o "FreeRTOS/Source/portable/GCC/ARM_CM3/port.o"
arm-none-eabi-gcc "../FreeRTOS/Source/croutine.c" -mcpu=cortex-m3 -std=gnu11 -g3 -DDEBUG -DUSE_HAL_DRIVER -DSTM32F103xB -c -I../Core/Inc -I../Drivers/STM32F1xx_HAL_Driver/Inc/Legacy -I../Drivers/STM32F1xx_HAL_Driver/Inc -I../Drivers/CMSIS/Device/ST/STM32F1xx/Include -I../Drivers/CMSIS/Include -I"D:/Racing team/Tasks/ASURT RTOS V2/RTOSV/FreeRTOS/Source/include" -I"D:/Racing team/Tasks/ASURT RTOS V2/RTOSV/FreeRTOS/Source/portable/GCC/ARM_CM3" -I"D:/Racing team/Tasks/ASURT RTOS V2/RTOSV/FreeRTOS/Source/portable/MemMang" -I"D:/Racing team/Tasks/ASURT RTOS V2/RTOSV/FreeRTOS" -O0 -ffunction-sections -fdata-sections -Wall -fstack-usage -fcyclomatic-complexity -MMD -MP -MF"FreeRTOS/Source/croutine.d" -MT"FreeRTOS/Source/croutine.o" --specs=nano.specs -mfloat-abi=soft -mthumb -o "FreeRTOS/Source/croutine.o"
arm-none-eabi-gcc "../FreeRTOS/Source/event_groups.c" -mcpu=cortex-m3 -std=gnu11 -g3 -DDEBUG -DUSE_HAL_DRIVER -DSTM32F103xB -c -I../Core/Inc -I../Drivers/STM32F1xx_HAL_Driver/Inc/Legacy -I../Drivers/STM32F1xx_HAL_Driver/Inc -I../Drivers/CMSIS/Device/ST/STM32F1xx/Include -I../Drivers/CMSIS/Include -I"D:/Racing team/Tasks/ASURT RTOS V2/RTOSV/FreeRTOS/Source/include" -I"D:/Racing team/Tasks/ASURT RTOS V2/RTOSV/FreeRTOS/Source/portable/GCC/ARM_CM3" -I"D:/Racing team/Tasks/ASURT RTOS V2/RTOSV/FreeRTOS/Source/portable/MemMang" -I"D:/Racing team/Tasks/ASURT RTOS V2/RTOSV/FreeRTOS" -O0 -ffunction-sections -fdata-sections -Wall -fstack-usage -fcyclomatic-complexity -MMD -MP -MF"FreeRTOS/Source/event_groups.d" -MT"FreeRTOS/Source/event_groups.o" --specs=nano.specs -mfloat-abi=soft -mthumb -o "FreeRTOS/Source/event_groups.o"
arm-none-eabi-gcc "../FreeRTOS/Source/list.c" -mcpu=cortex-m3 -std=gnu11 -g3 -DDEBUG -DUSE_HAL_DRIVER -DSTM32F103xB -c -I../Core/Inc -I../Drivers/STM32F1xx_HAL_Driver/Inc/Legacy -I../Drivers/STM32F1xx_HAL_Driver/Inc -I../Drivers/CMSIS/Device/ST/STM32F1xx/Include -I../Drivers/CMSIS/Include -I"D:/Racing team/Tasks/ASURT RTOS V2/RTOSV/FreeRTOS/Source/include" -I"D:/Racing team/Tasks/ASURT RTOS V2/RTOSV/FreeRTOS/Source/portable/GCC/ARM_CM3" -I"D:/Racing team/Tasks/ASURT RTOS V2/RTOSV/FreeRTOS/Source/portable/MemMang" -I"D:/Racing team/Tasks/ASURT RTOS V2/RTOSV/FreeRTOS" -O0 -ffunction-sections -fdata-sections -Wall -fstack-usage -fcyclomatic-complexity -MMD -MP -MF"FreeRTOS/Source/list.d" -MT"FreeRTOS/Source/list.o" --specs=nano.specs -mfloat-abi=soft -mthumb -o "FreeRTOS/Source/list.o"
arm-none-eabi-gcc "../FreeRTOS/Source/queue.c" -mcpu=cortex-m3 -std=gnu11 -g3 -DDEBUG -DUSE_HAL_DRIVER -DSTM32F103xB -c -I../Core/Inc -I../Drivers/STM32F1xx_HAL_Driver/Inc/Legacy -I../Drivers/STM32F1xx_HAL_Driver/Inc -I../Drivers/CMSIS/Device/ST/STM32F1xx/Include -I../Drivers/CMSIS/Include -I"D:/Racing team/Tasks/ASURT RTOS V2/RTOSV/FreeRTOS/Source/include" -I"D:/Racing team/Tasks/ASURT RTOS V2/RTOSV/FreeRTOS/Source/portable/GCC/ARM_CM3" -I"D:/Racing team/Tasks/ASURT RTOS V2/RTOSV/FreeRTOS/Source/portable/MemMang" -I"D:/Racing team/Tasks/ASURT RTOS V2/RTOSV/FreeRTOS" -O0 -ffunction-sections -fdata-sections -Wall -fstack-usage -fcyclomatic-complexity -MMD -MP -MF"FreeRTOS/Source/queue.d" -MT"FreeRTOS/Source/queue.o" --specs=nano.specs -mfloat-abi=soft -mthumb -o "FreeRTOS/Source/queue.o"
arm-none-eabi-gcc "../FreeRTOS/Source/stream_buffer.c" -mcpu=cortex-m3 -std=gnu11 -g3 -DDEBUG -DUSE_HAL_DRIVER -DSTM32F103xB -c -I../Core/Inc -I../Drivers/STM32F1xx_HAL_Driver/Inc/Legacy -I../Drivers/STM32F1xx_HAL_Driver/Inc -I../Drivers/CMSIS/Device/ST/STM32F1xx/Include -I../Drivers/CMSIS/Include -I"D:/Racing team/Tasks/ASURT RTOS V2/RTOSV/FreeRTOS/Source/include" -I"D:/Racing team/Tasks/ASURT RTOS V2/RTOSV/FreeRTOS/Source/portable/GCC/ARM_CM3" -I"D:/Racing team/Tasks/ASURT RTOS V2/RTOSV/FreeRTOS/Source/portable/MemMang" -I"D:/Racing team/Tasks/ASURT RTOS V2/RTOSV/FreeRTOS" -O0 -ffunction-sections -fdata-sections -Wall -fstack-usage -fcyclomatic-complexity -MMD -MP -MF"FreeRTOS/Source/stream_buffer.d" -MT"FreeRTOS/Source/stream_buffer.o" --specs=nano.specs -mfloat-abi=soft -mthumb -o "FreeRTOS/Source/stream_buffer.o"
arm-none-eabi-gcc "../FreeRTOS/Source/tasks.c" -mcpu=cortex-m3 -std=gnu11 -g3 -DDEBUG -DUSE_HAL_DRIVER -DSTM32F103xB -c -I../Core/Inc -I../Drivers/STM32F1xx_HAL_Driver/Inc/Legacy -I../Drivers/STM32F1xx_HAL_Driver/Inc -I../Drivers/CMSIS/Device/ST/STM32F1xx/Include -I../Drivers/CMSIS/Include -I"D:/Racing team/Tasks/ASURT RTOS V2/RTOSV/FreeRTOS/Source/include" -I"D:/Racing team/Tasks/ASURT RTOS V2/RTOSV/FreeRTOS/Source/portable/GCC/ARM_CM3" -I"D:/Racing team/Tasks/ASURT RTOS V2/RTOSV/FreeRTOS/Source/portable/MemMang" -I"D:/Racing team/Tasks/ASURT RTOS V2/RTOSV/FreeRTOS" -O0 -ffunction-sections -fdata-sections -Wall -fstack-usage -fcyclomatic-complexity -MMD -MP -MF"FreeRTOS/Source/tasks.d" -MT"FreeRTOS/Source/tasks.o" --specs=nano.specs -mfloat-abi=soft -mthumb -o "FreeRTOS/Source/tasks.o"
arm-none-eabi-gcc "../FreeRTOS/Source/timers.c" -mcpu=cortex-m3 -std=gnu11 -g3 -DDEBUG -DUSE_HAL_DRIVER -DSTM32F103xB -c -I../Core/Inc -I../Drivers/STM32F1xx_HAL_Driver/Inc/Legacy -I../Drivers/STM32F1xx_HAL_Driver/Inc -I../Drivers/CMSIS/Device/ST/STM32F1xx/Include -I../Drivers/CMSIS/Include -I"D:/Racing team/Tasks/ASURT RTOS V2/RTOSV/FreeRTOS/Source/include" -I"D:/Racing team/Tasks/ASURT RTOS V2/RTOSV/FreeRTOS/Source/portable/GCC/ARM_CM3" -I"D:/Racing team/Tasks/ASURT RTOS V2/RTOSV/FreeRTOS/Source/portable/MemMang" -I"D:/Racing team/Tasks/ASURT RTOS V2/RTOSV/FreeRTOS" -O0 -ffunction-sections -fdata-sections -Wall -fstack-usage -fcyclomatic-complexity -MMD -MP -MF"FreeRTOS/Source/timers.d" -MT"FreeRTOS/Source/timers.o" --specs=nano.specs -mfloat-abi=soft -mthumb -o "FreeRTOS/Source/timers.o"
arm-none-eabi-gcc "../Drivers/STM32F1xx_HAL_Driver/Src/stm32f1xx_hal.c" -mcpu=cortex-m3 -std=gnu11 -g3 -DDEBUG -DUSE_HAL_DRIVER -DSTM32F103xB -c -I../Core/Inc -I../Drivers/STM32F1xx_HAL_Driver/Inc/Legacy -I../Drivers/STM32F1xx_HAL_Driver/Inc -I../Drivers/CMSIS/Device/ST/STM32F1xx/Include -I../Drivers/CMSIS/Include -I"D:/Racing team/Tasks/ASURT RTOS V2/RTOSV/FreeRTOS/Source/include" -I"D:/Racing team/Tasks/ASURT RTOS V2/RTOSV/FreeRTOS/Source/portable/GCC/ARM_CM3" -I"D:/Racing team/Tasks/ASURT RTOS V2/RTOSV/FreeRTOS/Source/portable/MemMang" -I"D:/Racing team/Tasks/ASURT RTOS V2/RTOSV/FreeRTOS" -O0 -ffunction-sections -fdata-sections -Wall -fstack-usage -fcyclomatic-complexity -MMD -MP -MF"Drivers/STM32F1xx_HAL_Driver/Src/stm32f1xx_hal.d" -MT"Drivers/STM32F1xx_HAL_Driver/Src/stm32f1xx_hal.o" --specs=nano.specs -mfloat-abi=soft -mthumb -o "Drivers/STM32F1xx_HAL_Driver/Src/stm32f1xx_hal.o"
arm-none-eabi-gcc "../Drivers/STM32F1xx_HAL_Driver/Src/stm32f1xx_hal_cortex.c" -mcpu=cortex-m3 -std=gnu11 -g3 -DDEBUG -DUSE_HAL_DRIVER -DSTM32F103xB -c -I../Core/Inc -I../Drivers/STM32F1xx_HAL_Driver/Inc/Legacy -I../Drivers/STM32F1xx_HAL_Driver/Inc -I../Drivers/CMSIS/Device/ST/STM32F1xx/Include -I../Drivers/CMSIS/Include -I"D:/Racing team/Tasks/ASURT RTOS V2/RTOSV/FreeRTOS/Source/include" -I"D:/Racing team/Tasks/ASURT RTOS V2/RTOSV/FreeRTOS/Source/portable/GCC/ARM_CM3" -I"D:/Racing team/Tasks/ASURT RTOS V2/RTOSV/FreeRTOS/Source/portable/MemMang" -I"D:/Racing team/Tasks/ASURT RTOS V2/RTOSV/FreeRTOS" -O0 -ffunction-sections -fdata-sections -Wall -fstack-usage -fcyclomatic-complexity -MMD -MP -MF"Drivers/STM32F1xx_HAL_Driver/Src/stm32f1xx_hal_cortex.d" -MT"Drivers/STM32F1xx_HAL_Driver/Src/stm32f1xx_hal_cortex.o" --specs=nano.specs -mfloat-abi=soft -mthumb -o "Drivers/STM32F1xx_HAL_Driver/Src/stm32f1xx_hal_cortex.o"
arm-none-eabi-gcc "../Drivers/STM32F1xx_HAL_Driver/Src/stm32f1xx_hal_dma.c" -mcpu=cortex-m3 -std=gnu11 -g3 -DDEBUG -DUSE_HAL_DRIVER -DSTM32F103xB -c -I../Core/Inc -I../Drivers/STM32F1xx_HAL_Driver/Inc/Legacy -I../Drivers/STM32F1xx_HAL_Driver/Inc -I../Drivers/CMSIS/Device/ST/STM32F1xx/Include -I../Drivers/CMSIS/Include -I"D:/Racing team/Tasks/ASURT RTOS V2/RTOSV/FreeRTOS/Source/include" -I"D:/Racing team/Tasks/ASURT RTOS V2/RTOSV/FreeRTOS/Source/portable/GCC/ARM_CM3" -I"D:/Racing team/Tasks/ASURT RTOS V2/RTOSV/FreeRTOS/Source/portable/MemMang" -I"D:/Racing team/Tasks/ASURT RTOS V2/RTOSV/FreeRTOS" -O0 -ffunction-sections -fdata-sections -Wall -fstack-usage -fcyclomatic-complexity -MMD -MP -MF"Drivers/STM32F1xx_HAL_Driver/Src/stm32f1xx_hal_dma.d" -MT"Drivers/STM32F1xx_HAL_Driver/Src/stm32f1xx_hal_dma.o" --specs=nano.specs -mfloat-abi=soft -mthumb -o "Drivers/STM32F1xx_HAL_Driver/Src/stm32f1xx_hal_dma.o"
arm-none-eabi-gcc "../Drivers/STM32F1xx_HAL_Driver/Src/stm32f1xx_hal_exti.c" -mcpu=cortex-m3 -std=gnu11 -g3 -DDEBUG -DUSE_HAL_DRIVER -DSTM32F103xB -c -I../Core/Inc -I../Drivers/STM32F1xx_HAL_Driver/Inc/Legacy -I../Drivers/STM32F1xx_HAL_Driver/Inc -I../Drivers/CMSIS/Device/ST/STM32F1xx/Include -I../Drivers/CMSIS/Include -I"D:/Racing team/Tasks/ASURT RTOS V2/RTOSV/FreeRTOS/Source/include" -I"D:/Racing team/Tasks/ASURT RTOS V2/RTOSV/FreeRTOS/Source/portable/GCC/ARM_CM3" -I"D:/Racing team/Tasks/ASURT RTOS V2/RTOSV/FreeRTOS/Source/portable/MemMang" -I"D:/Racing team/Tasks/ASURT RTOS V2/RTOSV/FreeRTOS" -O0 -ffunction-sections -fdata-sections -Wall -fstack-usage -fcyclomatic-complexity -MMD -MP -MF"Drivers/STM32F1xx_HAL_Driver/Src/stm32f1xx_hal_exti.d" -MT"Drivers/STM32F1xx_HAL_Driver/Src/stm32f1xx_hal_exti.o" --specs=nano.specs -mfloat-abi=soft -mthumb -o "Drivers/STM32F1xx_HAL_Driver/Src/stm32f1xx_hal_exti.o"
arm-none-eabi-gcc "../Drivers/STM32F1xx_HAL_Driver/Src/stm32f1xx_hal_flash.c" -mcpu=cortex-m3 -std=gnu11 -g3 -DDEBUG -DUSE_HAL_DRIVER -DSTM32F103xB -c -I../Core/Inc -I../Drivers/STM32F1xx_HAL_Driver/Inc/Legacy -I../Drivers/STM32F1xx_HAL_Driver/Inc -I../Drivers/CMSIS/Device/ST/STM32F1xx/Include -I../Drivers/CMSIS/Include -I"D:/Racing team/Tasks/ASURT RTOS V2/RTOSV/FreeRTOS/Source/include" -I"D:/Racing team/Tasks/ASURT RTOS V2/RTOSV/FreeRTOS/Source/portable/GCC/ARM_CM3" -I"D:/Racing team/Tasks/ASURT RTOS V2/RTOSV/FreeRTOS/Source/portable/MemMang" -I"D:/Racing team/Tasks/ASURT RTOS V2/RTOSV/FreeRTOS" -O0 -ffunction-sections -fdata-sections -Wall -fstack-usage -fcyclomatic-complexity -MMD -MP -MF"Drivers/STM32F1xx_HAL_Driver/Src/stm32f1xx_hal_flash.d" -MT"Drivers/STM32F1xx_HAL_Driver/Src/stm32f1xx_hal_flash.o" --specs=nano.specs -mfloat-abi=soft -mthumb -o "Drivers/STM32F1xx_HAL_Driver/Src/stm32f1xx_hal_flash.o"
arm-none-eabi-gcc "../Drivers/STM32F1xx_HAL_Driver/Src/stm32f1xx_hal_flash_ex.c" -mcpu=cortex-m3 -std=gnu11 -g3 -DDEBUG -DUSE_HAL_DRIVER -DSTM32F103xB -c -I../Core/Inc -I../Drivers/STM32F1xx_HAL_Driver/Inc/Legacy -I../Drivers/STM32F1xx_HAL_Driver/Inc -I../Drivers/CMSIS/Device/ST/STM32F1xx/Include -I../Drivers/CMSIS/Include -I"D:/Racing team/Tasks/ASURT RTOS V2/RTOSV/FreeRTOS/Source/include" -I"D:/Racing team/Tasks/ASURT RTOS V2/RTOSV/FreeRTOS/Source/portable/GCC/ARM_CM3" -I"D:/Racing team/Tasks/ASURT RTOS V2/RTOSV/FreeRTOS/Source/portable/MemMang" -I"D:/Racing team/Tasks/ASURT RTOS V2/RTOSV/FreeRTOS" -O0 -ffunction-sections -fdata-sections -Wall -fstack-usage -fcyclomatic-complexity -MMD -MP -MF"Drivers/STM32F1xx_HAL_Driver/Src/stm32f1xx_hal_flash_ex.d" -MT"Drivers/STM32F1xx_HAL_Driver/Src/stm32f1xx_hal_flash_ex.o" --specs=nano.specs -mfloat-abi=soft -mthumb -o "Drivers/STM32F1xx_HAL_Driver/Src/stm32f1xx_hal_flash_ex.o"
arm-none-eabi-gcc "../Drivers/STM32F1xx_HAL_Driver/Src/stm32f1xx_hal_gpio.c" -mcpu=cortex-m3 -std=gnu11 -g3 -DDEBUG -DUSE_HAL_DRIVER -DSTM32F103xB -c -I../Core/Inc -I../Drivers/STM32F1xx_HAL_Driver/Inc/Legacy -I../Drivers/STM32F1xx_HAL_Driver/Inc -I../Drivers/CMSIS/Device/ST/STM32F1xx/Include -I../Drivers/CMSIS/Include -I"D:/Racing team/Tasks/ASURT RTOS V2/RTOSV/FreeRTOS/Source/include" -I"D:/Racing team/Tasks/ASURT RTOS V2/RTOSV/FreeRTOS/Source/portable/GCC/ARM_CM3" -I"D:/Racing team/Tasks/ASURT RTOS V2/RTOSV/FreeRTOS/Source/portable/MemMang" -I"D:/Racing team/Tasks/ASURT RTOS V2/RTOSV/FreeRTOS" -O0 -ffunction-sections -fdata-sections -Wall -fstack-usage -fcyclomatic-complexity -MMD -MP -MF"Drivers/STM32F1xx_HAL_Driver/Src/stm32f1xx_hal_gpio.d" -MT"Drivers/STM32F1xx_HAL_Driver/Src/stm32f1xx_hal_gpio.o" --specs=nano.specs -mfloat-abi=soft -mthumb -o "Drivers/STM32F1xx_HAL_Driver/Src/stm32f1xx_hal_gpio.o"
arm-none-eabi-gcc "../Drivers/STM32F1xx_HAL_Driver/Src/stm32f1xx_hal_gpio_ex.c" -mcpu=cortex-m3 -std=gnu11 -g3 -DDEBUG -DUSE_HAL_DRIVER -DSTM32F103xB -c -I../Core/Inc -I../Drivers/STM32F1xx_HAL_Driver/Inc/Legacy -I../Drivers/STM32F1xx_HAL_Driver/Inc -I../Drivers/CMSIS/Device/ST/STM32F1xx/Include -I../Drivers/CMSIS/Include -I"D:/Racing team/Tasks/ASURT RTOS V2/RTOSV/FreeRTOS/Source/include" -I"D:/Racing team/Tasks/ASURT RTOS V2/RTOSV/FreeRTOS/Source/portable/GCC/ARM_CM3" -I"D:/Racing team/Tasks/ASURT RTOS V2/RTOSV/FreeRTOS/Source/portable/MemMang" -I"D:/Racing team/Tasks/ASURT RTOS V2/RTOSV/FreeRTOS" -O0 -ffunction-sections -fdata-sections -Wall -fstack-usage -fcyclomatic-complexity -MMD -MP -MF"Drivers/STM32F1xx_HAL_Driver/Src/stm32f1xx_hal_gpio_ex.d" -MT"Drivers/STM32F1xx_HAL_Driver/Src/stm32f1xx_hal_gpio_ex.o" --specs=nano.specs -mfloat-abi=soft -mthumb -o "Drivers/STM32F1xx_HAL_Driver/Src/stm32f1xx_hal_gpio_ex.o"
arm-none-eabi-gcc "../Drivers/STM32F1xx_HAL_Driver/Src/stm32f1xx_hal_pwr.c" -mcpu=cortex-m3 -std=gnu11 -g3 -DDEBUG -DUSE_HAL_DRIVER -DSTM32F103xB -c -I../Core/Inc -I../Drivers/STM32F1xx_HAL_Driver/Inc/Legacy -I../Drivers/STM32F1xx_HAL_Driver/Inc -I../Drivers/CMSIS/Device/ST/STM32F1xx/Include -I../Drivers/CMSIS/Include -I"D:/Racing team/Tasks/ASURT RTOS V2/RTOSV/FreeRTOS/Source/include" -I"D:/Racing team/Tasks/ASURT RTOS V2/RTOSV/FreeRTOS/Source/portable/GCC/ARM_CM3" -I"D:/Racing team/Tasks/ASURT RTOS V2/RTOSV/FreeRTOS/Source/portable/MemMang" -I"D:/Racing team/Tasks/ASURT RTOS V2/RTOSV/FreeRTOS" -O0 -ffunction-sections -fdata-sections -Wall -fstack-usage -fcyclomatic-complexity -MMD -MP -MF"Drivers/STM32F1xx_HAL_Driver/Src/stm32f1xx_hal_pwr.d" -MT"Drivers/STM32F1xx_HAL_Driver/Src/stm32f1xx_hal_pwr.o" --specs=nano.specs -mfloat-abi=soft -mthumb -o "Drivers/STM32F1xx_HAL_Driver/Src/stm32f1xx_hal_pwr.o"
arm-none-eabi-gcc "../Drivers/STM32F1xx_HAL_Driver/Src/stm32f1xx_hal_rcc.c" -mcpu=cortex-m3 -std=gnu11 -g3 -DDEBUG -DUSE_HAL_DRIVER -DSTM32F103xB -c -I../Core/Inc -I../Drivers/STM32F1xx_HAL_Driver/Inc/Legacy -I../Drivers/STM32F1xx_HAL_Driver/Inc -I../Drivers/CMSIS/Device/ST/STM32F1xx/Include -I../Drivers/CMSIS/Include -I"D:/Racing team/Tasks/ASURT RTOS V2/RTOSV/FreeRTOS/Source/include" -I"D:/Racing team/Tasks/ASURT RTOS V2/RTOSV/FreeRTOS/Source/portable/GCC/ARM_CM3" -I"D:/Racing team/Tasks/ASURT RTOS V2/RTOSV/FreeRTOS/Source/portable/MemMang" -I"D:/Racing team/Tasks/ASURT RTOS V2/RTOSV/FreeRTOS" -O0 -ffunction-sections -fdata-sections -Wall -fstack-usage -fcyclomatic-complexity -MMD -MP -MF"Drivers/STM32F1xx_HAL_Driver/Src/stm32f1xx_hal_rcc.d" -MT"Drivers/STM32F1xx_HAL_Driver/Src/stm32f1xx_hal_rcc.o" --specs=nano.specs -mfloat-abi=soft -mthumb -o "Drivers/STM32F1xx_HAL_Driver/Src/stm32f1xx_hal_rcc.o"
arm-none-eabi-gcc "../Drivers/STM32F1xx_HAL_Driver/Src/stm32f1xx_hal_rcc_ex.c" -mcpu=cortex-m3 -std=gnu11 -g3 -DDEBUG -DUSE_HAL_DRIVER -DSTM32F103xB -c -I../Core/Inc -I../Drivers/STM32F1xx_HAL_Driver/Inc/Legacy -I../Drivers/STM32F1xx_HAL_Driver/Inc -I../Drivers/CMSIS/Device/ST/STM32F1xx/Include -I../Drivers/CMSIS/Include -I"D:/Racing team/Tasks/ASURT RTOS V2/RTOSV/FreeRTOS/Source/include" -I"D:/Racing team/Tasks/ASURT RTOS V2/RTOSV/FreeRTOS/Source/portable/GCC/ARM_CM3" -I"D:/Racing team/Tasks/ASURT RTOS V2/RTOSV/FreeRTOS/Source/portable/MemMang" -I"D:/Racing team/Tasks/ASURT RTOS V2/RTOSV/FreeRTOS" -O0 -ffunction-sections -fdata-sections -Wall -fstack-usage -fcyclomatic-complexity -MMD -MP -MF"Drivers/STM32F1xx_HAL_Driver/Src/stm32f1xx_hal_rcc_ex.d" -MT"Drivers/STM32F1xx_HAL_Driver/Src/stm32f1xx_hal_rcc_ex.o" --specs=nano.specs -mfloat-abi=soft -mthumb -o "Drivers/STM32F1xx_HAL_Driver/Src/stm32f1xx_hal_rcc_ex.o"
arm-none-eabi-gcc "../Drivers/STM32F1xx_HAL_Driver/Src/stm32f1xx_hal_tim.c" -mcpu=cortex-m3 -std=gnu11 -g3 -DDEBUG -DUSE_HAL_DRIVER -DSTM32F103xB -c -I../Core/Inc -I../Drivers/STM32F1xx_HAL_Driver/Inc/Legacy -I../Drivers/STM32F1xx_HAL_Driver/Inc -I../Drivers/CMSIS/Device/ST/STM32F1xx/Include -I../Drivers/CMSIS/Include -I"D:/Racing team/Tasks/ASURT RTOS V2/RTOSV/FreeRTOS/Source/include" -I"D:/Racing team/Tasks/ASURT RTOS V2/RTOSV/FreeRTOS/Source/portable/GCC/ARM_CM3" -I"D:/Racing team/Tasks/ASURT RTOS V2/RTOSV/FreeRTOS/Source/portable/MemMang" -I"D:/Racing team/Tasks/ASURT RTOS V2/RTOSV/FreeRTOS" -O0 -ffunction-sections -fdata-sections -Wall -fstack-usage -fcyclomatic-complexity -MMD -MP -MF"Drivers/STM32F1xx_HAL_Driver/Src/stm32f1xx_hal_tim.d" -MT"Drivers/STM32F1xx_HAL_Driver/Src/stm32f1xx_hal_tim.o" --specs=nano.specs -mfloat-abi=soft -mthumb -o "Drivers/STM32F1xx_HAL_Driver/Src/stm32f1xx_hal_tim.o"
arm-none-eabi-gcc "../Drivers/STM32F1xx_HAL_Driver/Src/stm32f1xx_hal_tim_ex.c" -mcpu=cortex-m3 -std=gnu11 -g3 -DDEBUG -DUSE_HAL_DRIVER -DSTM32F103xB -c -I../Core/Inc -I../Drivers/STM32F1xx_HAL_Driver/Inc/Legacy -I../Drivers/STM32F1xx_HAL_Driver/Inc -I../Drivers/CMSIS/Device/ST/STM32F1xx/Include -I../Drivers/CMSIS/Include -I"D:/Racing team/Tasks/ASURT RTOS V2/RTOSV/FreeRTOS/Source/include" -I"D:/Racing team/Tasks/ASURT RTOS V2/RTOSV/FreeRTOS/Source/portable/GCC/ARM_CM3" -I"D:/Racing team/Tasks/ASURT RTOS V2/RTOSV/FreeRTOS/Source/portable/MemMang" -I"D:/Racing team/Tasks/ASURT RTOS V2/RTOSV/FreeRTOS" -O0 -ffunction-sections -fdata-sections -Wall -fstack-usage -fcyclomatic-complexity -MMD -MP -MF"Drivers/STM32F1xx_HAL_Driver/Src/stm32f1xx_hal_tim_ex.d" -MT"Drivers/STM32F1xx_HAL_Driver/Src/stm32f1xx_hal_tim_ex.o" --specs=nano.specs -mfloat-abi=soft -mthumb -o "Drivers/STM32F1xx_HAL_Driver/Src/stm32f1xx_hal_tim_ex.o"
arm-none-eabi-gcc "../Drivers/STM32F1xx_HAL_Driver/Src/stm32f1xx_hal_uart.c" -mcpu=cortex-m3 -std=gnu11 -g3 -DDEBUG -DUSE_HAL_DRIVER -DSTM32F103xB -c -I../Core/Inc -I../Drivers/STM32F1xx_HAL_Driver/Inc/Legacy -I../Drivers/STM32F1xx_HAL_Driver/Inc -I../Drivers/CMSIS/Device/ST/STM32F1xx/Include -I../Drivers/CMSIS/Include -I"D:/Racing team/Tasks/ASURT RTOS V2/RTOSV/FreeRTOS/Source/include" -I"D:/Racing team/Tasks/ASURT RTOS V2/RTOSV/FreeRTOS/Source/portable/GCC/ARM_CM3" -I"D:/Racing team/Tasks/ASURT RTOS V2/RTOSV/FreeRTOS/Source/portable/MemMang" -I"D:/Racing team/Tasks/ASURT RTOS V2/RTOSV/FreeRTOS" -O0 -ffunction-sections -fdata-sections -Wall -fstack-usage -fcyclomatic-complexity -MMD -MP -MF"Drivers/STM32F1xx_HAL_Driver/Src/stm32f1xx_hal_uart.d" -MT"Drivers/STM32F1xx_HAL_Driver/Src/stm32f1xx_hal_uart.o" --specs=nano.specs -mfloat-abi=soft -mthumb -o "Drivers/STM32F1xx_HAL_Driver/Src/stm32f1xx_hal_uart.o"
arm-none-eabi-gcc -mcpu=cortex-m3 -g3 -DDEBUG -c -x assembler-with-cpp -MMD -MP -MF"Core/Startup/startup_stm32f103c8tx.d" -MT"Core/Startup/startup_stm32f103c8tx.o" --specs=nano.specs -mfloat-abi=soft -mthumb -o "Core/Startup/startup_stm32f103c8tx.o" "../Core/Startup/startup_stm32f103c8tx.s"
arm-none-eabi-gcc "../Core/Src/main.c" -mcpu=cortex-m3 -std=gnu11 -g3 -DDEBUG -DUSE_HAL_DRIVER -DSTM32F103xB -c -I../Core/Inc -I../Drivers/STM32F1xx_HAL_Driver/Inc/Legacy -I../Drivers/STM32F1xx_HAL_Driver/Inc -I../Drivers/CMSIS/Device/ST/STM32F1xx/Include -I../Drivers/CMSIS/Include -I"D:/Racing team/Tasks/ASURT RTOS V2/RTOSV/FreeRTOS/Source/include" -I"D:/Racing team/Tasks/ASURT RTOS V2/RTOSV/FreeRTOS/Source/portable/GCC/ARM_CM3" -I"D:/Racing team/Tasks/ASURT RTOS V2/RTOSV/FreeRTOS/Source/portable/MemMang" -I"D:/Racing team/Tasks/ASURT RTOS V2/RTOSV/FreeRTOS" -O0 -ffunction-sections -fdata-sections -Wall -fstack-usage -fcyclomatic-complexity -MMD -MP -MF"Core/Src/main.d" -MT"Core/Src/main.o" --specs=nano.specs -mfloat-abi=soft -mthumb -o "Core/Src/main.o"
arm-none-eabi-gcc "../Core/Src/stm32f1xx_hal_msp.c" -mcpu=cortex-m3 -std=gnu11 -g3 -DDEBUG -DUSE_HAL_DRIVER -DSTM32F103xB -c -I../Core/Inc -I../Drivers/STM32F1xx_HAL_Driver/Inc/Legacy -I../Drivers/STM32F1xx_HAL_Driver/Inc -I../Drivers/CMSIS/Device/ST/STM32F1xx/Include -I../Drivers/CMSIS/Include -I"D:/Racing team/Tasks/ASURT RTOS V2/RTOSV/FreeRTOS/Source/include" -I"D:/Racing team/Tasks/ASURT RTOS V2/RTOSV/FreeRTOS/Source/portable/GCC/ARM_CM3" -I"D:/Racing team/Tasks/ASURT RTOS V2/RTOSV/FreeRTOS/Source/portable/MemMang" -I"D:/Racing team/Tasks/ASURT RTOS V2/RTOSV/FreeRTOS" -O0 -ffunction-sections -fdata-sections -Wall -fstack-usage -fcyclomatic-complexity -MMD -MP -MF"Core/Src/stm32f1xx_hal_msp.d" -MT"Core/Src/stm32f1xx_hal_msp.o" --specs=nano.specs -mfloat-abi=soft -mthumb -o "Core/Src/stm32f1xx_hal_msp.o"
arm-none-eabi-gcc "../Core/Src/stm32f1xx_hal_timebase_tim.c" -mcpu=cortex-m3 -std=gnu11 -g3 -DDEBUG -DUSE_HAL_DRIVER -DSTM32F103xB -c -I../Core/Inc -I../Drivers/STM32F1xx_HAL_Driver/Inc/Legacy -I../Drivers/STM32F1xx_HAL_Driver/Inc -I../Drivers/CMSIS/Device/ST/STM32F1xx/Include -I../Drivers/CMSIS/Include -I"D:/Racing team/Tasks/ASURT RTOS V2/RTOSV/FreeRTOS/Source/include" -I"D:/Racing team/Tasks/ASURT RTOS V2/RTOSV/FreeRTOS/Source/portable/GCC/ARM_CM3" -I"D:/Racing team/Tasks/ASURT RTOS V2/RTOSV/FreeRTOS/Source/portable/MemMang" -I"D:/Racing team/Tasks/ASURT RTOS V2/RTOSV/FreeRTOS" -O0 -ffunction-sections -fdata-sections -Wall -fstack-usage -fcyclomatic-complexity -MMD -MP -MF"Core/Src/stm32f1xx_hal_timebase_tim.d" -MT"Core/Src/stm32f1xx_hal_timebase_tim.o" --specs=nano.specs -mfloat-abi=soft -mthumb -o "Core/Src/stm32f1xx_hal_timebase_tim.o"
arm-none-eabi-gcc "../Core/Src/stm32f1xx_it.c" -mcpu=cortex-m3 -std=gnu11 -g3 -DDEBUG -DUSE_HAL_DRIVER -DSTM32F103xB -c -I../Core/Inc -I../Drivers/STM32F1xx_HAL_Driver/Inc/Legacy -I../Drivers/STM32F1xx_HAL_Driver/Inc -I../Drivers/CMSIS/Device/ST/STM32F1xx/Include -I../Drivers/CMSIS/Include -I"D:/Racing team/Tasks/ASURT RTOS V2/RTOSV/FreeRTOS/Source/include" -I"D:/Racing team/Tasks/ASURT RTOS V2/RTOSV/FreeRTOS/Source/portable/GCC/ARM_CM3" -I"D:/Racing team/Tasks/ASURT RTOS V2/RTOSV/FreeRTOS/Source/portable/MemMang" -I"D:/Racing team/Tasks/ASURT RTOS V2/RTOSV/FreeRTOS" -O0 -ffunction-sections -fdata-sections -Wall -fstack-usage -fcyclomatic-complexity -MMD -MP -MF"Core/Src/stm32f1xx_it.d" -MT"Core/Src/stm32f1xx_it.o" --specs=nano.specs -mfloat-abi=soft -mthumb -o "Core/Src/stm32f1xx_it.o"
arm-none-eabi-gcc "../Core/Src/syscalls.c" -mcpu=cortex-m3 -std=gnu11 -g3 -DDEBUG -DUSE_HAL_DRIVER -DSTM32F103xB -c -I../Core/Inc -I../Drivers/STM32F1xx_HAL_Driver/Inc/Legacy -I../Drivers/STM32F1xx_HAL_Driver/Inc -I../Drivers/CMSIS/Device/ST/STM32F1xx/Include -I../Drivers/CMSIS/Include -I"D:/Racing team/Tasks/ASURT RTOS V2/RTOSV/FreeRTOS/Source/include" -I"D:/Racing team/Tasks/ASURT RTOS V2/RTOSV/FreeRTOS/Source/portable/GCC/ARM_CM3" -I"D:/Racing team/Tasks/ASURT RTOS V2/RTOSV/FreeRTOS/Source/portable/MemMang" -I"D:/Racing team/Tasks/ASURT RTOS V2/RTOSV/FreeRTOS" -O0 -ffunction-sections -fdata-sections -Wall -fstack-usage -fcyclomatic-complexity -MMD -MP -MF"Core/Src/syscalls.d" -MT"Core/Src/syscalls.o" --specs=nano.specs -mfloat-abi=soft -mthumb -o "Core/Src/syscalls.o"
arm-none-eabi-gcc "../Core/Src/sysmem.c" -mcpu=cortex-m3 -std=gnu11 -g3 -DDEBUG -DUSE_HAL_DRIVER -DSTM32F103xB -c -I../Core/Inc -I../Drivers/STM32F1xx_HAL_Driver/Inc/Legacy -I../Drivers/STM32F1xx_HAL_Driver/Inc -I../Drivers/CMSIS/Device/ST/STM32F1xx/Include -I../Drivers/CMSIS/Include -I"D:/Racing team/Tasks/ASURT RTOS V2/RTOSV/FreeRTOS/Source/include" -I"D:/Racing team/Tasks/ASURT RTOS V2/RTOSV/FreeRTOS/Source/portable/GCC/ARM_CM3" -I"D:/Racing team/Tasks/ASURT RTOS V2/RTOSV/FreeRTOS/Source/portable/MemMang" -I"D:/Racing team/Tasks/ASURT RTOS V2/RTOSV/FreeRTOS" -O0 -ffunction-sections -fdata-sections -Wall -fstack-usage -fcyclomatic-complexity -MMD -MP -MF"Core/Src/sysmem.d" -MT"Core/Src/sysmem.o" --specs=nano.specs -mfloat-abi=soft -mthumb -o "Core/Src/sysmem.o"
arm-none-eabi-gcc "../Core/Src/system_stm32f1xx.c" -mcpu=cortex-m3 -std=gnu11 -g3 -DDEBUG -DUSE_HAL_DRIVER -DSTM32F103xB -c -I../Core/Inc -I../Drivers/STM32F1xx_HAL_Driver/Inc/Legacy -I../Drivers/STM32F1xx_HAL_Driver/Inc -I../Drivers/CMSIS/Device/ST/STM32F1xx/Include -I../Drivers/CMSIS/Include -I"D:/Racing team/Tasks/ASURT RTOS V2/RTOSV/FreeRTOS/Source/include" -I"D:/Racing team/Tasks/ASURT RTOS V2/RTOSV/FreeRTOS/Source/portable/GCC/ARM_CM3" -I"D:/Racing team/Tasks/ASURT RTOS V2/RTOSV/FreeRTOS/Source/portable/MemMang" -I"D:/Racing team/Tasks/ASURT RTOS V2/RTOSV/FreeRTOS" -O0 -ffunction-sections -fdata-sections -Wall -fstack-usage -fcyclomatic-complexity -MMD -MP -MF"Core/Src/system_stm32f1xx.d" -MT"Core/Src/system_stm32f1xx.o" --specs=nano.specs -mfloat-abi=soft -mthumb -o "Core/Src/system_stm32f1xx.o"
arm-none-eabi-gcc -o "RTOSV.elf" @"objects.list"   -mcpu=cortex-m3 -T"D:\Racing team\Tasks\ASURT RTOS V2\RTOSV\STM32F103C8TX_FLASH.ld" --specs=nosys.specs -Wl,-Map="RTOSV.map" -Wl,--gc-sections -static --specs=nano.specs -mfloat-abi=soft -mthumb -Wl,--start-group -lc -lm -Wl,--end-group
Finished building target: RTOSV.elf
 
arm-none-eabi-size  RTOSV.elf 
arm-none-eabi-objdump -h -S RTOSV.elf  > "RTOSV.list"
   text	   data	    bss	    dec	    hex	filename
  24380	    108	  20044	  44532	   adf4	RTOSV.elf
Finished building: default.size.stdout
 
Finished building: RTOSV.list
 
13:04:18 **** Incremental Build of configuration Debug for project RTOSV ****
make -j8 all 
arm-none-eabi-size  RTOSV.elf 
   text	   data	    bss	    dec	    hex	filename
  24380	    108	  20044	  44532	   adf4	RTOSV.elf
Finished building: default.size.stdout
 
13:08:56 **** Incremental Build of configuration Debug for project RTOSV ****
make -j8 all 
arm-none-eabi-size  RTOSV.elf 
   text	   data	    bss	    dec	    hex	filename
  24380	    108	  20044	  44532	   adf4	RTOSV.elf
Finished building: default.size.stdout
 
14:43:00 **** Incremental Build of configuration Debug for project RTOSV ****
make -j8 all 
arm-none-eabi-gcc "../Core/Src/main.c" -mcpu=cortex-m3 -std=gnu11 -g3 -DDEBUG -DUSE_HAL_DRIVER -DSTM32F103xB -c -I../Core/Inc -I../Drivers/STM32F1xx_HAL_Driver/Inc/Legacy -I../Drivers/STM32F1xx_HAL_Driver/Inc -I../Drivers/CMSIS/Device/ST/STM32F1xx/Include -I../Drivers/CMSIS/Include -I"D:/Racing team/Tasks/ASURT RTOS V2/RTOSV/FreeRTOS/Source/include" -I"D:/Racing team/Tasks/ASURT RTOS V2/RTOSV/FreeRTOS/Source/portable/GCC/ARM_CM3" -I"D:/Racing team/Tasks/ASURT RTOS V2/RTOSV/FreeRTOS/Source/portable/MemMang" -I"D:/Racing team/Tasks/ASURT RTOS V2/RTOSV/FreeRTOS" -O0 -ffunction-sections -fdata-sections -Wall -fstack-usage -fcyclomatic-complexity -MMD -MP -MF"Core/Src/main.d" -MT"Core/Src/main.o" --specs=nano.specs -mfloat-abi=soft -mthumb -o "Core/Src/main.o"
arm-none-eabi-gcc -o "RTOSV.elf" @"objects.list"   -mcpu=cortex-m3 -T"D:\Racing team\Tasks\ASURT RTOS V2\RTOSV\STM32F103C8TX_FLASH.ld" --specs=nosys.specs -Wl,-Map="RTOSV.map" -Wl,--gc-sections -static --specs=nano.specs -mfloat-abi=soft -mthumb -Wl,--start-group -lc -lm -Wl,--end-group
Finished building target: RTOSV.elf
 
arm-none-eabi-size  RTOSV.elf 
arm-none-eabi-objdump -h -S RTOSV.elf  > "RTOSV.list"
   text	   data	    bss	    dec	    hex	filename
  24380	    108	  20044	  44532	   adf4	RTOSV.elf
Finished building: default.size.stdout
 
Finished building: RTOSV.list
 
14:46:32 **** Incremental Build of configuration Debug for project RTOSV ****
make -j8 all 
arm-none-eabi-gcc "../Core/Src/main.c" -mcpu=cortex-m3 -std=gnu11 -g3 -DDEBUG -DUSE_HAL_DRIVER -DSTM32F103xB -c -I../Core/Inc -I../Drivers/STM32F1xx_HAL_Driver/Inc/Legacy -I../Drivers/STM32F1xx_HAL_Driver/Inc -I../Drivers/CMSIS/Device/ST/STM32F1xx/Include -I../Drivers/CMSIS/Include -I"D:/Racing team/Tasks/ASURT RTOS V2/RTOSV/FreeRTOS/Source/include" -I"D:/Racing team/Tasks/ASURT RTOS V2/RTOSV/FreeRTOS/Source/portable/GCC/ARM_CM3" -I"D:/Racing team/Tasks/ASURT RTOS V2/RTOSV/FreeRTOS/Source/portable/MemMang" -I"D:/Racing team/Tasks/ASURT RTOS V2/RTOSV/FreeRTOS" -O0 -ffunction-sections -fdata-sections -Wall -fstack-usage -fcyclomatic-complexity -MMD -MP -MF"Core/Src/main.d" -MT"Core/Src/main.o" --specs=nano.specs -mfloat-abi=soft -mthumb -o "Core/Src/main.o"
arm-none-eabi-gcc "../Core/Src/stm32f1xx_it.c" -mcpu=cortex-m3 -std=gnu11 -g3 -DDEBUG -DUSE_HAL_DRIVER -DSTM32F103xB -c -I../Core/Inc -I../Drivers/STM32F1xx_HAL_Driver/Inc/Legacy -I../Drivers/STM32F1xx_HAL_Driver/Inc -I../Drivers/CMSIS/Device/ST/STM32F1xx/Include -I../Drivers/CMSIS/Include -I"D:/Racing team/Tasks/ASURT RTOS V2/RTOSV/FreeRTOS/Source/include" -I"D:/Racing team/Tasks/ASURT RTOS V2/RTOSV/FreeRTOS/Source/portable/GCC/ARM_CM3" -I"D:/Racing team/Tasks/ASURT RTOS V2/RTOSV/FreeRTOS/Source/portable/MemMang" -I"D:/Racing team/Tasks/ASURT RTOS V2/RTOSV/FreeRTOS" -O0 -ffunction-sections -fdata-sections -Wall -fstack-usage -fcyclomatic-complexity -MMD -MP -MF"Core/Src/stm32f1xx_it.d" -MT"Core/Src/stm32f1xx_it.o" --specs=nano.specs -mfloat-abi=soft -mthumb -o "Core/Src/stm32f1xx_it.o"
arm-none-eabi-gcc -o "RTOSV.elf" @"objects.list"   -mcpu=cortex-m3 -T"D:\Racing team\Tasks\ASURT RTOS V2\RTOSV\STM32F103C8TX_FLASH.ld" --specs=nosys.specs -Wl,-Map="RTOSV.map" -Wl,--gc-sections -static --specs=nano.specs -mfloat-abi=soft -mthumb -Wl,--start-group -lc -lm -Wl,--end-group
D:/Program Files/STM32CubeIDE_1.19.0/STM32CubeIDE/plugins/com.st.stm32cube.ide.mcu.externaltools.gnu-tools-for-stm32.13.3.rel1.win32_1.0.0.202411081344/tools/bin/../lib/gcc/arm-none-eabi/13.3.1/../../../../arm-none-eabi/bin/ld.exe: ./FreeRTOS/Source/portable/GCC/ARM_CM3/port.o: in function `SVC_Handler':
D:/Racing team/Tasks/ASURT RTOS V2/RTOSV/Debug/../FreeRTOS/Source/portable/GCC/ARM_CM3/port.c:227: multiple definition of `SVC_Handler'; ./Core/Src/stm32f1xx_it.o:D:/Racing team/Tasks/ASURT RTOS V2/RTOSV/Debug/../Core/Src/stm32f1xx_it.c:146: first defined here
D:/Program Files/STM32CubeIDE_1.19.0/STM32CubeIDE/plugins/com.st.stm32cube.ide.mcu.externaltools.gnu-tools-for-stm32.13.3.rel1.win32_1.0.0.202411081344/tools/bin/../lib/gcc/arm-none-eabi/13.3.1/../../../../arm-none-eabi/bin/ld.exe: ./FreeRTOS/Source/portable/GCC/ARM_CM3/port.o: in function `PendSV_Handler':
D:/Racing team/Tasks/ASURT RTOS V2/RTOSV/Debug/../FreeRTOS/Source/portable/GCC/ARM_CM3/port.c:404: multiple definition of `PendSV_Handler'; ./Core/Src/stm32f1xx_it.o:D:/Racing team/Tasks/ASURT RTOS V2/RTOSV/Debug/../Core/Src/stm32f1xx_it.c:172: first defined here
D:/Program Files/STM32CubeIDE_1.19.0/STM32CubeIDE/plugins/com.st.stm32cube.ide.mcu.externaltools.gnu-tools-for-stm32.13.3.rel1.win32_1.0.0.202411081344/tools/bin/../lib/gcc/arm-none-eabi/13.3.1/../../../../arm-none-eabi/bin/ld.exe: ./FreeRTOS/Source/portable/GCC/ARM_CM3/port.o: in function `SysTick_Handler':
D:/Racing team/Tasks/ASURT RTOS V2/RTOSV/Debug/../FreeRTOS/Source/portable/GCC/ARM_CM3/port.c:438: multiple definition of `SysTick_Handler'; ./Core/Src/stm32f1xx_it.o:D:/Racing team/Tasks/ASURT RTOS V2/RTOSV/Debug/../Core/Src/stm32f1xx_it.c:185: first defined here
collect2.exe: error: ld returned 1 exit status
make: *** [makefile:67: RTOSV.elf] Error 1
"make -j8 all" terminated with exit code 2. Build might be incomplete.
14:47:20 **** Incremental Build of configuration Debug for project RTOSV ****
make -j8 all 
arm-none-eabi-gcc "../Core/Src/stm32f1xx_it.c" -mcpu=cortex-m3 -std=gnu11 -g3 -DDEBUG -DUSE_HAL_DRIVER -DSTM32F103xB -c -I../Core/Inc -I../Drivers/STM32F1xx_HAL_Driver/Inc/Legacy -I../Drivers/STM32F1xx_HAL_Driver/Inc -I../Drivers/CMSIS/Device/ST/STM32F1xx/Include -I../Drivers/CMSIS/Include -I"D:/Racing team/Tasks/ASURT RTOS V2/RTOSV/FreeRTOS/Source/include" -I"D:/Racing team/Tasks/ASURT RTOS V2/RTOSV/FreeRTOS/Source/portable/GCC/ARM_CM3" -I"D:/Racing team/Tasks/ASURT RTOS V2/RTOSV/FreeRTOS/Source/portable/MemMang" -I"D:/Racing team/Tasks/ASURT RTOS V2/RTOSV/FreeRTOS" -O0 -ffunction-sections -fdata-sections -Wall -fstack-usage -fcyclomatic-complexity -MMD -MP -MF"Core/Src/stm32f1xx_it.d" -MT"Core/Src/stm32f1xx_it.o" --specs=nano.specs -mfloat-abi=soft -mthumb -o "Core/Src/stm32f1xx_it.o"
arm-none-eabi-gcc -o "RTOSV.elf" @"objects.list"   -mcpu=cortex-m3 -T"D:\Racing team\Tasks\ASURT RTOS V2\RTOSV\STM32F103C8TX_FLASH.ld" --specs=nosys.specs -Wl,-Map="RTOSV.map" -Wl,--gc-sections -static --specs=nano.specs -mfloat-abi=soft -mthumb -Wl,--start-group -lc -lm -Wl,--end-group
Finished building target: RTOSV.elf
 
arm-none-eabi-size  RTOSV.elf 
arm-none-eabi-objdump -h -S RTOSV.elf  > "RTOSV.list"
   text	   data	    bss	    dec	    hex	filename
  24380	    108	  20044	  44532	   adf4	RTOSV.elf
Finished building: default.size.stdout
 
Finished building: RTOSV.list
 
15:01:21 **** Incremental Build of configuration Debug for project RTOSV ****
make -j8 all 
arm-none-eabi-gcc "../Core/Src/main.c" -mcpu=cortex-m3 -std=gnu11 -g3 -DDEBUG -DUSE_HAL_DRIVER -DSTM32F103xB -c -I../Core/Inc -I../Drivers/STM32F1xx_HAL_Driver/Inc/Legacy -I../Drivers/STM32F1xx_HAL_Driver/Inc -I../Drivers/CMSIS/Device/ST/STM32F1xx/Include -I../Drivers/CMSIS/Include -I"D:/Racing team/Tasks/ASURT RTOS V2/RTOSV/FreeRTOS/Source/include" -I"D:/Racing team/Tasks/ASURT RTOS V2/RTOSV/FreeRTOS/Source/portable/GCC/ARM_CM3" -I"D:/Racing team/Tasks/ASURT RTOS V2/RTOSV/FreeRTOS/Source/portable/MemMang" -I"D:/Racing team/Tasks/ASURT RTOS V2/RTOSV/FreeRTOS" -O0 -ffunction-sections -fdata-sections -Wall -fstack-usage -fcyclomatic-complexity -MMD -MP -MF"Core/Src/main.d" -MT"Core/Src/main.o" --specs=nano.specs -mfloat-abi=soft -mthumb -o "Core/Src/main.o"
arm-none-eabi-gcc -o "RTOSV.elf" @"objects.list"   -mcpu=cortex-m3 -T"D:\Racing team\Tasks\ASURT RTOS V2\RTOSV\STM32F103C8TX_FLASH.ld" --specs=nosys.specs -Wl,-Map="RTOSV.map" -Wl,--gc-sections -static --specs=nano.specs -mfloat-abi=soft -mthumb -Wl,--start-group -lc -lm -Wl,--end-group
Finished building target: RTOSV.elf
 
arm-none-eabi-size  RTOSV.elf 
arm-none-eabi-objdump -h -S RTOSV.elf  > "RTOSV.list"
   text	   data	    bss	    dec	    hex	filename
  24380	    108	  20044	  44532	   adf4	RTOSV.elf
Finished building: default.size.stdout
 
Finished building: RTOSV.list
 
15:18:45 **** Incremental Build of configuration Debug for project RTOSV ****
make -j8 all 
arm-none-eabi-gcc "../Core/Src/main.c" -mcpu=cortex-m3 -std=gnu11 -g3 -DDEBUG -DUSE_HAL_DRIVER -DSTM32F103xB -c -I../Core/Inc -I../Drivers/STM32F1xx_HAL_Driver/Inc/Legacy -I../Drivers/STM32F1xx_HAL_Driver/Inc -I../Drivers/CMSIS/Device/ST/STM32F1xx/Include -I../Drivers/CMSIS/Include -I"D:/Racing team/Tasks/ASURT RTOS V2/RTOSV/FreeRTOS/Source/include" -I"D:/Racing team/Tasks/ASURT RTOS V2/RTOSV/FreeRTOS/Source/portable/GCC/ARM_CM3" -I"D:/Racing team/Tasks/ASURT RTOS V2/RTOSV/FreeRTOS/Source/portable/MemMang" -I"D:/Racing team/Tasks/ASURT RTOS V2/RTOSV/FreeRTOS" -O0 -ffunction-sections -fdata-sections -Wall -fstack-usage -fcyclomatic-complexity -MMD -MP -MF"Core/Src/main.d" -MT"Core/Src/main.o" --specs=nano.specs -mfloat-abi=soft -mthumb -o "Core/Src/main.o"
arm-none-eabi-gcc -o "RTOSV.elf" @"objects.list"   -mcpu=cortex-m3 -T"D:\Racing team\Tasks\ASURT RTOS V2\RTOSV\STM32F103C8TX_FLASH.ld" --specs=nosys.specs -Wl,-Map="RTOSV.map" -Wl,--gc-sections -static --specs=nano.specs -mfloat-abi=soft -mthumb -Wl,--start-group -lc -lm -Wl,--end-group
Finished building target: RTOSV.elf
 
arm-none-eabi-size  RTOSV.elf 
arm-none-eabi-objdump -h -S RTOSV.elf  > "RTOSV.list"
   text	   data	    bss	    dec	    hex	filename
  24412	    108	  20044	  44564	   ae14	RTOSV.elf
Finished building: default.size.stdout
 
Finished building: RTOSV.list
 
15:21:23 **** Incremental Build of configuration Debug for project RTOSV ****
make -j8 all 
arm-none-eabi-gcc "../Core/Src/main.c" -mcpu=cortex-m3 -std=gnu11 -g3 -DDEBUG -DUSE_HAL_DRIVER -DSTM32F103xB -c -I../Core/Inc -I../Drivers/STM32F1xx_HAL_Driver/Inc/Legacy -I../Drivers/STM32F1xx_HAL_Driver/Inc -I../Drivers/CMSIS/Device/ST/STM32F1xx/Include -I../Drivers/CMSIS/Include -I"D:/Racing team/Tasks/ASURT RTOS V2/RTOSV/FreeRTOS/Source/include" -I"D:/Racing team/Tasks/ASURT RTOS V2/RTOSV/FreeRTOS/Source/portable/GCC/ARM_CM3" -I"D:/Racing team/Tasks/ASURT RTOS V2/RTOSV/FreeRTOS/Source/portable/MemMang" -I"D:/Racing team/Tasks/ASURT RTOS V2/RTOSV/FreeRTOS" -O0 -ffunction-sections -fdata-sections -Wall -fstack-usage -fcyclomatic-complexity -MMD -MP -MF"Core/Src/main.d" -MT"Core/Src/main.o" --specs=nano.specs -mfloat-abi=soft -mthumb -o "Core/Src/main.o"
arm-none-eabi-gcc -o "RTOSV.elf" @"objects.list"   -mcpu=cortex-m3 -T"D:\Racing team\Tasks\ASURT RTOS V2\RTOSV\STM32F103C8TX_FLASH.ld" --specs=nosys.specs -Wl,-Map="RTOSV.map" -Wl,--gc-sections -static --specs=nano.specs -mfloat-abi=soft -mthumb -Wl,--start-group -lc -lm -Wl,--end-group
Finished building target: RTOSV.elf
 
arm-none-eabi-size  RTOSV.elf 
arm-none-eabi-objdump -h -S RTOSV.elf  > "RTOSV.list"
   text	   data	    bss	    dec	    hex	filename
  24412	    108	  20052	  44572	   ae1c	RTOSV.elf
Finished building: default.size.stdout
 
Finished building: RTOSV.list
 
15:29:27 **** Incremental Build of configuration Debug for project RTOSV ****
make -j8 all 
arm-none-eabi-gcc "../FreeRTOS/Source/portable/MemMang/heap_4.c" -mcpu=cortex-m3 -std=gnu11 -g3 -DDEBUG -DUSE_HAL_DRIVER -DSTM32F103xB -c -I../Core/Inc -I../Drivers/STM32F1xx_HAL_Driver/Inc/Legacy -I../Drivers/STM32F1xx_HAL_Driver/Inc -I../Drivers/CMSIS/Device/ST/STM32F1xx/Include -I../Drivers/CMSIS/Include -I"D:/Racing team/Tasks/ASURT RTOS V2/RTOSV/FreeRTOS/Source/include" -I"D:/Racing team/Tasks/ASURT RTOS V2/RTOSV/FreeRTOS/Source/portable/GCC/ARM_CM3" -I"D:/Racing team/Tasks/ASURT RTOS V2/RTOSV/FreeRTOS/Source/portable/MemMang" -I"D:/Racing team/Tasks/ASURT RTOS V2/RTOSV/FreeRTOS" -O0 -ffunction-sections -fdata-sections -Wall -fstack-usage -fcyclomatic-complexity -MMD -MP -MF"FreeRTOS/Source/portable/MemMang/heap_4.d" -MT"FreeRTOS/Source/portable/MemMang/heap_4.o" --specs=nano.specs -mfloat-abi=soft -mthumb -o "FreeRTOS/Source/portable/MemMang/heap_4.o"
arm-none-eabi-gcc "../FreeRTOS/Source/portable/GCC/ARM_CM3/port.c" -mcpu=cortex-m3 -std=gnu11 -g3 -DDEBUG -DUSE_HAL_DRIVER -DSTM32F103xB -c -I../Core/Inc -I../Drivers/STM32F1xx_HAL_Driver/Inc/Legacy -I../Drivers/STM32F1xx_HAL_Driver/Inc -I../Drivers/CMSIS/Device/ST/STM32F1xx/Include -I../Drivers/CMSIS/Include -I"D:/Racing team/Tasks/ASURT RTOS V2/RTOSV/FreeRTOS/Source/include" -I"D:/Racing team/Tasks/ASURT RTOS V2/RTOSV/FreeRTOS/Source/portable/GCC/ARM_CM3" -I"D:/Racing team/Tasks/ASURT RTOS V2/RTOSV/FreeRTOS/Source/portable/MemMang" -I"D:/Racing team/Tasks/ASURT RTOS V2/RTOSV/FreeRTOS" -O0 -ffunction-sections -fdata-sections -Wall -fstack-usage -fcyclomatic-complexity -MMD -MP -MF"FreeRTOS/Source/portable/GCC/ARM_CM3/port.d" -MT"FreeRTOS/Source/portable/GCC/ARM_CM3/port.o" --specs=nano.specs -mfloat-abi=soft -mthumb -o "FreeRTOS/Source/portable/GCC/ARM_CM3/port.o"
arm-none-eabi-gcc "../FreeRTOS/Source/croutine.c" -mcpu=cortex-m3 -std=gnu11 -g3 -DDEBUG -DUSE_HAL_DRIVER -DSTM32F103xB -c -I../Core/Inc -I../Drivers/STM32F1xx_HAL_Driver/Inc/Legacy -I../Drivers/STM32F1xx_HAL_Driver/Inc -I../Drivers/CMSIS/Device/ST/STM32F1xx/Include -I../Drivers/CMSIS/Include -I"D:/Racing team/Tasks/ASURT RTOS V2/RTOSV/FreeRTOS/Source/include" -I"D:/Racing team/Tasks/ASURT RTOS V2/RTOSV/FreeRTOS/Source/portable/GCC/ARM_CM3" -I"D:/Racing team/Tasks/ASURT RTOS V2/RTOSV/FreeRTOS/Source/portable/MemMang" -I"D:/Racing team/Tasks/ASURT RTOS V2/RTOSV/FreeRTOS" -O0 -ffunction-sections -fdata-sections -Wall -fstack-usage -fcyclomatic-complexity -MMD -MP -MF"FreeRTOS/Source/croutine.d" -MT"FreeRTOS/Source/croutine.o" --specs=nano.specs -mfloat-abi=soft -mthumb -o "FreeRTOS/Source/croutine.o"
arm-none-eabi-gcc "../FreeRTOS/Source/event_groups.c" -mcpu=cortex-m3 -std=gnu11 -g3 -DDEBUG -DUSE_HAL_DRIVER -DSTM32F103xB -c -I../Core/Inc -I../Drivers/STM32F1xx_HAL_Driver/Inc/Legacy -I../Drivers/STM32F1xx_HAL_Driver/Inc -I../Drivers/CMSIS/Device/ST/STM32F1xx/Include -I../Drivers/CMSIS/Include -I"D:/Racing team/Tasks/ASURT RTOS V2/RTOSV/FreeRTOS/Source/include" -I"D:/Racing team/Tasks/ASURT RTOS V2/RTOSV/FreeRTOS/Source/portable/GCC/ARM_CM3" -I"D:/Racing team/Tasks/ASURT RTOS V2/RTOSV/FreeRTOS/Source/portable/MemMang" -I"D:/Racing team/Tasks/ASURT RTOS V2/RTOSV/FreeRTOS" -O0 -ffunction-sections -fdata-sections -Wall -fstack-usage -fcyclomatic-complexity -MMD -MP -MF"FreeRTOS/Source/event_groups.d" -MT"FreeRTOS/Source/event_groups.o" --specs=nano.specs -mfloat-abi=soft -mthumb -o "FreeRTOS/Source/event_groups.o"
arm-none-eabi-gcc "../FreeRTOS/Source/list.c" -mcpu=cortex-m3 -std=gnu11 -g3 -DDEBUG -DUSE_HAL_DRIVER -DSTM32F103xB -c -I../Core/Inc -I../Drivers/STM32F1xx_HAL_Driver/Inc/Legacy -I../Drivers/STM32F1xx_HAL_Driver/Inc -I../Drivers/CMSIS/Device/ST/STM32F1xx/Include -I../Drivers/CMSIS/Include -I"D:/Racing team/Tasks/ASURT RTOS V2/RTOSV/FreeRTOS/Source/include" -I"D:/Racing team/Tasks/ASURT RTOS V2/RTOSV/FreeRTOS/Source/portable/GCC/ARM_CM3" -I"D:/Racing team/Tasks/ASURT RTOS V2/RTOSV/FreeRTOS/Source/portable/MemMang" -I"D:/Racing team/Tasks/ASURT RTOS V2/RTOSV/FreeRTOS" -O0 -ffunction-sections -fdata-sections -Wall -fstack-usage -fcyclomatic-complexity -MMD -MP -MF"FreeRTOS/Source/list.d" -MT"FreeRTOS/Source/list.o" --specs=nano.specs -mfloat-abi=soft -mthumb -o "FreeRTOS/Source/list.o"
arm-none-eabi-gcc "../FreeRTOS/Source/queue.c" -mcpu=cortex-m3 -std=gnu11 -g3 -DDEBUG -DUSE_HAL_DRIVER -DSTM32F103xB -c -I../Core/Inc -I../Drivers/STM32F1xx_HAL_Driver/Inc/Legacy -I../Drivers/STM32F1xx_HAL_Driver/Inc -I../Drivers/CMSIS/Device/ST/STM32F1xx/Include -I../Drivers/CMSIS/Include -I"D:/Racing team/Tasks/ASURT RTOS V2/RTOSV/FreeRTOS/Source/include" -I"D:/Racing team/Tasks/ASURT RTOS V2/RTOSV/FreeRTOS/Source/portable/GCC/ARM_CM3" -I"D:/Racing team/Tasks/ASURT RTOS V2/RTOSV/FreeRTOS/Source/portable/MemMang" -I"D:/Racing team/Tasks/ASURT RTOS V2/RTOSV/FreeRTOS" -O0 -ffunction-sections -fdata-sections -Wall -fstack-usage -fcyclomatic-complexity -MMD -MP -MF"FreeRTOS/Source/queue.d" -MT"FreeRTOS/Source/queue.o" --specs=nano.specs -mfloat-abi=soft -mthumb -o "FreeRTOS/Source/queue.o"
arm-none-eabi-gcc "../FreeRTOS/Source/stream_buffer.c" -mcpu=cortex-m3 -std=gnu11 -g3 -DDEBUG -DUSE_HAL_DRIVER -DSTM32F103xB -c -I../Core/Inc -I../Drivers/STM32F1xx_HAL_Driver/Inc/Legacy -I../Drivers/STM32F1xx_HAL_Driver/Inc -I../Drivers/CMSIS/Device/ST/STM32F1xx/Include -I../Drivers/CMSIS/Include -I"D:/Racing team/Tasks/ASURT RTOS V2/RTOSV/FreeRTOS/Source/include" -I"D:/Racing team/Tasks/ASURT RTOS V2/RTOSV/FreeRTOS/Source/portable/GCC/ARM_CM3" -I"D:/Racing team/Tasks/ASURT RTOS V2/RTOSV/FreeRTOS/Source/portable/MemMang" -I"D:/Racing team/Tasks/ASURT RTOS V2/RTOSV/FreeRTOS" -O0 -ffunction-sections -fdata-sections -Wall -fstack-usage -fcyclomatic-complexity -MMD -MP -MF"FreeRTOS/Source/stream_buffer.d" -MT"FreeRTOS/Source/stream_buffer.o" --specs=nano.specs -mfloat-abi=soft -mthumb -o "FreeRTOS/Source/stream_buffer.o"
arm-none-eabi-gcc "../FreeRTOS/Source/tasks.c" -mcpu=cortex-m3 -std=gnu11 -g3 -DDEBUG -DUSE_HAL_DRIVER -DSTM32F103xB -c -I../Core/Inc -I../Drivers/STM32F1xx_HAL_Driver/Inc/Legacy -I../Drivers/STM32F1xx_HAL_Driver/Inc -I../Drivers/CMSIS/Device/ST/STM32F1xx/Include -I../Drivers/CMSIS/Include -I"D:/Racing team/Tasks/ASURT RTOS V2/RTOSV/FreeRTOS/Source/include" -I"D:/Racing team/Tasks/ASURT RTOS V2/RTOSV/FreeRTOS/Source/portable/GCC/ARM_CM3" -I"D:/Racing team/Tasks/ASURT RTOS V2/RTOSV/FreeRTOS/Source/portable/MemMang" -I"D:/Racing team/Tasks/ASURT RTOS V2/RTOSV/FreeRTOS" -O0 -ffunction-sections -fdata-sections -Wall -fstack-usage -fcyclomatic-complexity -MMD -MP -MF"FreeRTOS/Source/tasks.d" -MT"FreeRTOS/Source/tasks.o" --specs=nano.specs -mfloat-abi=soft -mthumb -o "FreeRTOS/Source/tasks.o"
arm-none-eabi-gcc "../FreeRTOS/Source/timers.c" -mcpu=cortex-m3 -std=gnu11 -g3 -DDEBUG -DUSE_HAL_DRIVER -DSTM32F103xB -c -I../Core/Inc -I../Drivers/STM32F1xx_HAL_Driver/Inc/Legacy -I../Drivers/STM32F1xx_HAL_Driver/Inc -I../Drivers/CMSIS/Device/ST/STM32F1xx/Include -I../Drivers/CMSIS/Include -I"D:/Racing team/Tasks/ASURT RTOS V2/RTOSV/FreeRTOS/Source/include" -I"D:/Racing team/Tasks/ASURT RTOS V2/RTOSV/FreeRTOS/Source/portable/GCC/ARM_CM3" -I"D:/Racing team/Tasks/ASURT RTOS V2/RTOSV/FreeRTOS/Source/portable/MemMang" -I"D:/Racing team/Tasks/ASURT RTOS V2/RTOSV/FreeRTOS" -O0 -ffunction-sections -fdata-sections -Wall -fstack-usage -fcyclomatic-complexity -MMD -MP -MF"FreeRTOS/Source/timers.d" -MT"FreeRTOS/Source/timers.o" --specs=nano.specs -mfloat-abi=soft -mthumb -o "FreeRTOS/Source/timers.o"
arm-none-eabi-gcc "../Core/Src/main.c" -mcpu=cortex-m3 -std=gnu11 -g3 -DDEBUG -DUSE_HAL_DRIVER -DSTM32F103xB -c -I../Core/Inc -I../Drivers/STM32F1xx_HAL_Driver/Inc/Legacy -I../Drivers/STM32F1xx_HAL_Driver/Inc -I../Drivers/CMSIS/Device/ST/STM32F1xx/Include -I../Drivers/CMSIS/Include -I"D:/Racing team/Tasks/ASURT RTOS V2/RTOSV/FreeRTOS/Source/include" -I"D:/Racing team/Tasks/ASURT RTOS V2/RTOSV/FreeRTOS/Source/portable/GCC/ARM_CM3" -I"D:/Racing team/Tasks/ASURT RTOS V2/RTOSV/FreeRTOS/Source/portable/MemMang" -I"D:/Racing team/Tasks/ASURT RTOS V2/RTOSV/FreeRTOS" -O0 -ffunction-sections -fdata-sections -Wall -fstack-usage -fcyclomatic-complexity -MMD -MP -MF"Core/Src/main.d" -MT"Core/Src/main.o" --specs=nano.specs -mfloat-abi=soft -mthumb -o "Core/Src/main.o"
arm-none-eabi-gcc -o "RTOSV.elf" @"objects.list"   -mcpu=cortex-m3 -T"D:\Racing team\Tasks\ASURT RTOS V2\RTOSV\STM32F103C8TX_FLASH.ld" --specs=nosys.specs -Wl,-Map="RTOSV.map" -Wl,--gc-sections -static --specs=nano.specs -mfloat-abi=soft -mthumb -Wl,--start-group -lc -lm -Wl,--end-group
Finished building target: RTOSV.elf
 
arm-none-eabi-size  RTOSV.elf 
arm-none-eabi-objdump -h -S RTOSV.elf  > "RTOSV.list"
   text	   data	    bss	    dec	    hex	filename
  24412	    108	  20244	  44764	   aedc	RTOSV.elf
Finished building: default.size.stdout
 
Finished building: RTOSV.list
 
15:29:35 **** Incremental Build of configuration Debug for project RTOSV ****
make -j8 all 
arm-none-eabi-size  RTOSV.elf 
   text	   data	    bss	    dec	    hex	filename
  24412	    108	  20244	  44764	   aedc	RTOSV.elf
Finished building: default.size.stdout
 
15:30:57 **** Incremental Build of configuration Debug for project RTOSV ****
make -j8 all 
arm-none-eabi-size  RTOSV.elf 
   text	   data	    bss	    dec	    hex	filename
  24412	    108	  20244	  44764	   aedc	RTOSV.elf
Finished building: default.size.stdout
 
